> Task :app:checkKotlinGradlePluginConfigurationErrors SKIPPED
> Task :app:preBuild UP-TO-DATE
> Task :app:preDebugBuild UP-TO-DATE
> Task :app:generateDebugBuildConfig UP-TO-DATE
> Task :app:checkDebugAarMetadata UP-TO-DATE
> Task :app:generateDebugResValues UP-TO-DATE
> Task :app:mapDebugSourceSetPaths UP-TO-DATE
> Task :app:generateDebugResources UP-TO-DATE
> Task :app:mergeDebugResources UP-TO-DATE
> Task :app:packageDebugResources UP-TO-DATE
> Task :app:parseDebugLocalResources UP-TO-DATE
> Task :app:createDebugCompatibleScreenManifests UP-TO-DATE
> Task :app:extractDeepLinksDebug UP-TO-DATE
> Task :app:processDebugMainManifest UP-TO-DATE
> Task :app:processDebugManifest UP-TO-DATE
> Task :app:processDebugManifestForPackage UP-TO-DATE
> Task :app:processDebugResources UP-TO-DATE
> Task :app:kspDebugKotlin UP-TO-DATE

> Task :app:compileDebugKotlin FAILED
.\gradlew : e: file:///S:/1_ACTIVE/Audio%20Projects/monochrome-android/
app/src/main/java/tf/monochrome/android/ui/components/AsyncImagePlaceho
lder.kt:16:8 Unresolved reference 'coil'.
At line:1 char:1
+ .\gradlew compileDebugKotlin > compile.log 2>&1
+ ~~~~~~~~~~~~~~~~~~~~~~~~~~~~~~~~~~~~~~~~~~~~~~~
    + CategoryInfo          : NotSpecified: (e: file:///S:/1...ference 
    'coil'.:String) [], RemoteException
    + FullyQualifiedErrorId : NativeCommandError
 
e: file:///S:/1_ACTIVE/Audio%20Projects/monochrome-android/app/src/main
/java/tf/monochrome/android/ui/components/AsyncImagePlaceholder.kt:17:8
 Unresolved reference 'coil'.
e: file:///S:/1_ACTIVE/Audio%20Projects/monochrome-android/app/src/main
/java/tf/monochrome/android/ui/components/AsyncImagePlaceholder.kt:27:5
 Unresolved reference 'SubcomposeAsyncImage'.
e: file:///S:/1_ACTIVE/Audio%20Projects/monochrome-android/app/src/main
/java/tf/monochrome/android/ui/components/AsyncImagePlaceholder.kt:28:1
7 Unresolved reference 'ImageRequest'.
e: file:///S:/1_ACTIVE/Audio%20Projects/monochrome-android/app/src/main
/java/tf/monochrome/android/ui/components/AsyncImagePlaceholder.kt:36:1
3 @Composable invocations can only happen from the context of a 
@Composable function
e: file:///S:/1_ACTIVE/Audio%20Projects/monochrome-android/app/src/main
/java/tf/monochrome/android/ui/components/AsyncImagePlaceholder.kt:39:4
7 @Composable invocations can only happen from the context of a 
@Composable function

FAILURE: Build failed with an exception.

* What went wrong:
Execution failed for task ':app:compileDebugKotlin'.
> A failure occurred while executing org.jetbrains.kotlin.compilerRunne
r.GradleCompilerRunnerWithWorkers$GradleKotlinCompilerWorkAction
   > Compilation error. See log for more details

* Try:
> Run with --stacktrace option to get the stack trace.
> Run with --info or --debug option to get more log output.
> Run with --scan to get full insights.
> Get more help at https://help.gradle.org.

BUILD FAILED in 3s
16 actionable tasks: 1 executed, 15 up-to-date
