03-18 00:18:39.933  3840  4062 V WindowManager:  OplusTransitionExtendedInfo{mTmpFinishT=null, mInOplusCompatMode=false, mIsProcessRunning=false, mHasMismatchBoundsTarget=false, mRecentsController=null, mRemoteTransition=null, mIsTranslucentActivityToHome=false, mAvoidInterceptKeyEventToHome=false, mIsFromHome=false, mParentLeash=null, mBackAnimClosingLeash=null, mIsOplusAnimRes=false, mKeepBgForContinuous=false, mIsBalAllow=false, mTaskNotInRecent=false, mIsPredictiveBackAnim=false, mIsMergedWithPredictive=false, mIsLaunchFromSpruce=false, mIsLaunchFromDrive=false, mGlobalSearchPageSwitch=false, mNeedNoAlphaGlobalSearchScene=false, mAssistScreenShowing=false, mSwipeUpBrowserScreenShowing=false, mUserIdTransition=0
03-18 00:18:39.933  3840  4062 V WindowManager: , mInRemoteScene=false, mInPreReady=false, mPreStart=false, mToken=null, mAbortByRemoteFromHome=false, mShellApplyToken=null, mRequestTransitionTaskId=4756, mAbortTransitionOnShell=0, mStartFromShortcut=false, mRemovedTaskId=-1, mTransitionInterruptType=0, mMergeSecondTaskId=-1, mTaskIdStartFromRecents=0, mTransitionId=5028, mCanUseSpringSlideAnim=false, mTransitionLaunchFrom=0, mFoldChangeType=-1, mAnimStartingPosition=[0, 0, 0, 0], mIsOpeningStkDialogActivity=false, mSecondaryHomeToFrontWhenUnFolding=false, mIsNeedApplyStartTForEmbedded=false
03-18 00:18:39.933  3840  4062 V WindowManager: , mNeedCanvasExitAnim=false, mMergeSecondTaskAnimation=false, mIsLaunchUnityStart=false, mIsLaunchFromAssistantByDefault=false, mSkipRemoteTransitionfalse, mIsStartFromKeyguard=false flags=0x0, mWCT=null, mIsOpenMergeToInValidPredictive=false}]}
03-18 00:18:39.933  3840  5874 D Transition: finishTransition ar ActivityRecord{26699759 u0 com.android.launcher/.Launcher t4308}, isVisibleRequested=true, state=RESUMED, visibleAtTransitionEndTokens={WallpaperWindowToken{cad1aaf showWhenLocked=false}, ActivityRecord{249668774 u0 com.tfmonochrome.android/.ui.MainActivity t4756 f}}}, this=TransitionRecord{678befb id=5027 track=0 type=OPEN flags=0x0 state=2 c=[
03-18 00:18:39.933  3840  5874 D Transition:    ChangeInfo{cbbfb18 container=ActivityRecord{26699759 u0 com.android.launcher/.Launcher t4308} flags=0x0}
03-18 00:18:39.933  3840  5874 D Transition:    ChangeInfo{f1b6971 container=OneHanded:0:14@53193943 flags=0x0}
03-18 00:18:39.933  3840  5874 D Transition:    ChangeInfo{7328356 container=Task{685793d #4756 type=standard A=10616:com.tfmonochrome.android} flags=0x10}
03-18 00:18:39.933  3840  5874 D Transition:    ChangeInfo{f0a4fd7 container=WallpaperWindowToken{a0ad1ea showWhenLocked=true} flags=0x0}
03-18 00:18:39.933  3840  5874 D Transition:    ChangeInfo{301b0c4 container=Display{#0 state=ON size=1272x2772 ROTATION_0} flags=0x0}
03-18 00:18:39.933  3840  5874 D Transition:    ChangeInfo{72c2bad container=WallpaperWindowToken{cad1aaf showWhenLocked=false} flags=0x0}
03-18 00:18:39.933  3840  5874 D Transition:    ChangeInfo{7eb7ee2 container=Task{e154f06 #1 type=home} flags=0x10}
03-18 00:18:39.933  3840  5874 D Transition:    ChangeInfo{4ba1273 container=ActivityRecord{249668774 u0 com.tfmonochrome.android/.ui.MainActivity t4756 f}} flags=0x0}
03-18 00:18:39.933  3840  5874 D Transition:    ChangeInfo{ccb1530 container=DefaultTaskDisplayArea@261315640 flags=0x0}
03-18 00:18:39.933  3840  5874 D Transition:    ChangeInfo{60cd5a9 container=Task{f9c940b #4308 type=home I=com.android.launcher/.Launcher} flags=0x10}
03-18 00:18:39.933  3840  5874 D Transition: ]
03-18 00:18:39.933  3840  5874 D Transition: }
03-18 00:18:39.933  3840  5874 D Transition: finishTransition ar ActivityRecord{249668774 u0 com.tfmonochrome.android/.ui.MainActivity t4756 f}}, isVisibleRequested=false, state=PAUSING, visibleAtTransitionEndTokens={WallpaperWindowToken{cad1aaf showWhenLocked=false}, ActivityRecord{249668774 u0 com.tfmonochrome.android/.ui.MainActivity t4756 f}}}, this=TransitionRecord{678befb id=5027 track=0 type=OPEN flags=0x0 state=2 c=[
03-18 00:18:39.933  3840  5874 D Transition:    ChangeInfo{cbbfb18 container=ActivityRecord{26699759 u0 com.android.launcher/.Launcher t4308} flags=0x0}
03-18 00:18:39.933  3840  5874 D Transition:    ChangeInfo{f1b6971 container=OneHanded:0:14@53193943 flags=0x0}
03-18 00:18:39.933  3840  5874 D Transition:    ChangeInfo{7328356 container=Task{685793d #4756 type=standard A=10616:com.tfmonochrome.android} flags=0x10}
03-18 00:18:39.933  3840  5874 D Transition:    ChangeInfo{f0a4fd7 container=WallpaperWindowToken{a0ad1ea showWhenLocked=true} flags=0x0}
03-18 00:18:39.933  3840  5874 D Transition:    ChangeInfo{301b0c4 container=Display{#0 state=ON size=1272x2772 ROTATION_0} flags=0x0}
03-18 00:18:39.933  3840  5874 D Transition:    ChangeInfo{72c2bad container=WallpaperWindowToken{cad1aaf showWhenLocked=false} flags=0x0}
03-18 00:18:39.933  3840  5874 D Transition:    ChangeInfo{7eb7ee2 container=Task{e154f06 #1 type=home} flags=0x10}
03-18 00:18:39.933  3840  5874 D Transition:    ChangeInfo{4ba1273 container=ActivityRecord{249668774 u0 com.tfmonochrome.android/.ui.MainActivity t4756 f}} flags=0x0}
03-18 00:18:39.933  3840  5874 D Transition:    ChangeInfo{ccb1530 container=DefaultTaskDisplayArea@261315640 flags=0x0}
03-18 00:18:39.933  3840  5874 D Transition:    ChangeInfo{60cd5a9 container=Task{f9c940b #4308 type=home I=com.android.launcher/.Launcher} flags=0x10}
03-18 00:18:39.933  3840  5874 D Transition: ]
03-18 00:18:39.933  3840  5874 D Transition: }
03-18 00:18:39.933  3840  5874 D ContinuousTransitionController: is match the remote transition.
03-18 00:18:39.933  3840  5874 D ContinuousTransitionController:  ar=ActivityRecord{249668774 u0 com.tfmonochrome.android/.ui.MainActivity t4756 f}} isInLastPlaying remoteTransition: TransitionRecord{61b995 id=5028 track=0 type=CLOSE flags=0x10 state=2 c=[
03-18 00:18:39.933  3840  5874 D ContinuousTransitionController:    ChangeInfo{e659aaa container=ActivityRecord{26699759 u0 com.android.launcher/.Launcher t4308} flags=0x0}
03-18 00:18:39.933  3840  5874 D ContinuousTransitionController:    ChangeInfo{fded69b container=OneHanded:0:14@53193943 flags=0x0}
03-18 00:18:39.933  3840  5874 D ContinuousTransitionController:    ChangeInfo{62af352 container=Task{685793d #4756 type=standard A=10616:com.tfmonochrome.android} flags=0x10}
03-18 00:18:39.933  3840  5874 D ContinuousTransitionController:    ChangeInfo{e26ca38 container=Display{#0 state=ON size=1272x2772 ROTATION_0} flags=0x0}
03-18 00:18:39.933  3840  5874 D ContinuousTransitionController:    ChangeInfo{b07ebdd container=Task{e154f06 #1 type=home} flags=0x30}
03-18 00:18:39.933  3840  5874 D ContinuousTransitionController:    ChangeInfo{7715a11 container=ActivityRecord{249668774 u0 com.tfmonochrome.android/.ui.MainActivity t4756 f}} flags=0x0}
03-18 00:18:39.933  3840  5874 D ContinuousTransitionController:    ChangeInfo{edab776 container=DefaultTaskDisplayArea@261315640 flags=0x0}
03-18 00:18:39.933  3840  5874 D ContinuousTransitionController:    ChangeInfo{24a4177 container=Task{f9c940b #4308 type=home I=com.android.launcher/.Launcher} flags=0x30}
03-18 00:18:39.933  3840  5874 D ContinuousTransitionController: ]
03-18 00:18:39.933  3840  5874 D ContinuousTransitionController: } to home, so set visibleAtTransitionEnd true avoid commit visibility
03-18 00:18:39.933  3840  5874 I OplusAppSwitchManagerService:  handleAppVisible , r = ActivityRecord{249668774 u0 com.tfmonochrome.android/.ui.MainActivity t4756 f}}
03-18 00:18:39.933  3840  5874 D OplusTransitionController: finishTransition, transition: TransitionRecord{678befb id=5027 track=0 type=OPEN flags=0x0 state=4 c=[
03-18 00:18:39.933  3840  5874 D OplusTransitionController:    ChangeInfo{cbbfb18 container=ActivityRecord{26699759 u0 com.android.launcher/.Launcher t4308} flags=0x0}
03-18 00:18:39.933  3840  5874 D OplusTransitionController:    ChangeInfo{f1b6971 container=OneHanded:0:14@53193943 flags=0x0}
03-18 00:18:39.933  3840  5874 D OplusTransitionController:    ChangeInfo{7328356 container=Task{685793d #4756 type=standard A=10616:com.tfmonochrome.android} flags=0x10}
03-18 00:18:39.933  3840  5874 D OplusTransitionController:    ChangeInfo{f0a4fd7 container=WallpaperWindowToken{a0ad1ea showWhenLocked=true} flags=0x0}
03-18 00:18:39.933  3840  5874 D OplusTransitionController:    ChangeInfo{301b0c4 container=Display{#0 state=ON size=1272x2772 ROTATION_0} flags=0x0}
03-18 00:18:39.933  3840  5874 D OplusTransitionController:    ChangeInfo{72c2bad container=WallpaperWindowToken{cad1aaf showWhenLocked=false} flags=0x0}
03-18 00:18:39.933  3840  5874 D OplusTransitionController:    ChangeInfo{7eb7ee2 container=Task{e154f06 #1 type=home} flags=0x10}
03-18 00:18:39.933  3840  5874 D OplusTransitionController:    ChangeInfo{4ba1273 container=ActivityRecord{249668774 u0 com.tfmonochrome.android/.ui.MainActivity t4756 f}} flags=0x0}
03-18 00:18:39.933  3840  5874 D OplusTransitionController:    ChangeInfo{ccb1530 container=DefaultTaskDisplayArea@261315640 flags=0x0}
03-18 00:18:39.933  3840  5874 D OplusTransitionController:    ChangeInfo{60cd5a9 container=Task{f9c940b #4308 type=home I=com.android.launcher/.Launcher} flags=0x10}
03-18 00:18:39.933  3840  5874 D OplusTransitionController: ]
03-18 00:18:39.933  3840  5874 D OplusTransitionController: }
03-18 00:18:39.933  3840  5874 D FlexibleTaskTransitionController:  finishTransition pendingRecentToFlexibleTask:null,isRotationTransition:false ,pendingRecentToFlexible:null ,transition:TransitionRecord{678befb id=5027 track=0 type=OPEN flags=0x0 state=4 c=[
03-18 00:18:39.933  3840  5874 D FlexibleTaskTransitionController:    ChangeInfo{cbbfb18 container=ActivityRecord{26699759 u0 com.android.launcher/.Launcher t4308} flags=0x0}
03-18 00:18:39.933  3840  5874 D FlexibleTaskTransitionController:    ChangeInfo{f1b6971 container=OneHanded:0:14@53193943 flags=0x0}
03-18 00:18:39.933  3840  5874 D FlexibleTaskTransitionController:    ChangeInfo{7328356 container=Task{685793d #4756 type=standard A=10616:com.tfmonochrome.android} flags=0x10}
03-18 00:18:39.933  3840  5874 D FlexibleTaskTransitionController:    ChangeInfo{f0a4fd7 container=WallpaperWindowToken{a0ad1ea showWhenLocked=true} flags=0x0}
03-18 00:18:39.933  3840  5874 D FlexibleTaskTransitionController:    ChangeInfo{301b0c4 container=Display{#0 state=ON size=1272x2772 ROTATION_0} flags=0x0}
03-18 00:18:39.933  3840  5874 D FlexibleTaskTransitionController:    ChangeInfo{72c2bad container=WallpaperWindowToken{cad1aaf showWhenLocked=false} flags=0x0}
03-18 00:18:39.933  3840  5874 D FlexibleTaskTransitionController:    ChangeInfo{7eb7ee2 container=Task{e154f06 #1 type=home} flags=0x10}
03-18 00:18:39.933  3840  5874 D FlexibleTaskTransitionController:    ChangeInfo{4ba1273 container=ActivityRecord{249668774 u0 com.tfmonochrome.android/.ui.MainActivity t4756 f}} flags=0x0}
03-18 00:18:39.933  3840  5874 D FlexibleTaskTransitionController:    ChangeInfo{ccb1530 container=DefaultTaskDisplayArea@261315640 flags=0x0}
03-18 00:18:39.933  3840  5874 D FlexibleTaskTransitionController:    ChangeInfo{60cd5a9 container=Task{f9c940b #4308 type=home I=com.android.launcher/.Launcher} flags=0x10}
03-18 00:18:39.933  3840  5874 D FlexibleTaskTransitionController: ]
03-18 00:18:39.933  3840  5874 D FlexibleTaskTransitionController: }
03-18 00:18:39.934  3840  4075 W UserAwareMgr: event can not be released, id: 5005, count: 13, releasePid: 3840
03-18 00:18:39.934 18336 18358 D ShellTaskOrganizer: onTransitionFinish, isRecent:false
03-18 00:18:39.934 18336 18358 V WindowManagerShell: Playing animation for (#5028) android.os.BinderProxy@f337dcd@0
03-18 00:18:39.934 18336 18358 V ShellRecents: RecentsTransitionHandler.startAnimation: no controller found
03-18 00:18:39.934 18336 18358 V WindowManagerShell: start OnePuttTransition animation, info = {id=5028 t=CLOSE f=0x10 trk=0 r=[0@Point(0, 0)] c=[{m=TO_FRONT f=SHOW_WALLPAPER|MOVE_TO_TOP leash=Surface(name=Task=1)/@0x3e7a5d0 sb=Rect(0, 0 - 1272, 2772) eb=Rect(0, 0 - 1272, 2772) epz=Point(1272, 2772) d=0 taskParent=-1},{m=CLOSE f=NONE leash=Surface(name=Task=4756)/@0xd0729c9 sb=Rect(0, 0 - 1272, 2772) eb=Rect(0, 0 - 1272, 2772) epz=Point(1272, 2772) d=0 taskParent=-1}] 
03-18 00:18:39.934 18336 18358 V WindowManagerShell: extendInfo=[
03-18 00:18:39.934 18336 18358 V WindowManagerShell:  OplusTransitionExtendedInfo{mTmpFinishT=null, mInOplusCompatMode=false, mIsProcessRunning=false, mHasMismatchBoundsTarget=false, mRecentsController=null, mRemoteTransition=android.os.BinderProxy@ca6198d, mIsTranslucentActivityToHome=false, mAvoidInterceptKeyEventToHome=false, mIsFromHome=false, mParentLeash=null, mBackAnimClosingLeash=null, mIsOplusAnimRes=false, mKeepBgForContinuous=false, mIsBalAllow=false, mTaskNotInRecent=false, mIsPredictiveBackAnim=false, mIsMergedWithPredictive=false, mIsLaunchFromSpruce=false, mIsLaunchFromDrive=false, mGlobalSearchPageSwitch=false, mNeedNoAlphaGlobalSearchScene=false, mAssistScreenShowing=false, mSwipeUpBrowserScreenShowing=false, mUserIdTransition=0
03-18 00:18:39.934 18336 18358 V WindowManagerShell: , mInRemoteScene=false, mInPreReady=false, mPreStart=false, mToken=null, mAbortByRemoteFromHome=false, mShellApplyToken=null, mRequestTransitionTaskId=4756, mAbortTransitionOnShell=0, mStartFromShortcut=false, mRemovedTaskId=-1, mTransitionInterruptType=0, mMergeSecondTaskId=-1, mTaskIdStartFromRecents=0, mTransitionId=5028, mCanUseSpringSlideAnim=false, mTransitionLaunchFrom=0, mFoldChangeType=-1, mAnimStartingPosition=[0, 0, 0, 0], mIsOpeningStkDialogActivity=false, mSecondaryHomeToFrontWhenUnFolding=false, mIsNeedApplyStartTForEmbedded=false
03-18 00:18:39.934 18336 18358 V WindowManagerShell: , mNeedCanvasExitAnim=false, mMergeSecondTaskAnimation=false, mIsLaunchUnityStart=false, mIsLaunchFromAssistantByDefault=false, mSkipRemoteTransitionfalse, mIsStartFromKeyguard=false flags=0x0, mWCT=null, mIsOpenMergeToInValidPredictive=false}]}
03-18 00:18:39.934 18336 18358 V WindowManagerShell: Transition doesn't have explicit remote, search filters for match for {id=5028 t=CLOSE f=0x10 trk=0 r=[0@Point(0, 0)] c=[{m=TO_FRONT f=SHOW_WALLPAPER|MOVE_TO_TOP leash=Surface(name=Task=1)/@0x3e7a5d0 sb=Rect(0, 0 - 1272, 2772) eb=Rect(0, 0 - 1272, 2772) epz=Point(1272, 2772) d=0 taskParent=-1},{m=CLOSE f=NONE leash=Surface(name=Task=4756)/@0xd0729c9 sb=Rect(0, 0 - 1272, 2772) eb=Rect(0, 0 - 1272, 2772) epz=Point(1272, 2772) d=0 taskParent=-1}] 
03-18 00:18:39.934 18336 18358 V WindowManagerShell: extendInfo=[
03-18 00:18:39.934 18336 18358 V WindowManagerShell:  OplusTransitionExtendedInfo{mTmpFinishT=null, mInOplusCompatMode=false, mIsProcessRunning=false, mHasMismatchBoundsTarget=false, mRecentsController=null, mRemoteTransition=android.os.BinderProxy@ca6198d, mIsTranslucentActivityToHome=false, mAvoidInterceptKeyEventToHome=false, mIsFromHome=false, mParentLeash=null, mBackAnimClosingLeash=null, mIsOplusAnimRes=false, mKeepBgForContinuous=false, mIsBalAllow=false, mTaskNotInRecent=false, mIsPredictiveBackAnim=false, mIsMergedWithPredictive=false, mIsLaunchFromSpruce=false, mIsLaunchFromDrive=false, mGlobalSearchPageSwitch=false, mNeedNoAlphaGlobalSearchScene=false, mAssistScreenShowing=false, mSwipeUpBrowserScreenShowing=false, mUserIdTransition=0
03-18 00:18:39.934 18336 18358 V WindowManagerShell: , mInRemoteScene=false, mInPreReady=false, mPreStart=false, mToken=null, mAbortByRemoteFromHome=false, mShellApplyToken=null, mRequestTransitionTaskId=4756, mAbortTransitionOnShell=0, mStartFromShortcut=false, mRemovedTaskId=-1, mTransitionInterruptType=0, mMergeSecondTaskId=-1, mTaskIdStartFromRecents=0, mTransitionId=5028, mCanUseSpringSlideAnim=false, mTransitionLaunchFrom=0, mFoldChangeType=-1, mAnimStartingPosition=[0, 0, 0, 0], mIsOpeningStkDialogActivity=false, mSecondaryHomeToFrontWhenUnFolding=false, mIsNeedApplyStartTForEmbedded=false
03-18 00:18:39.934 18336 18358 V WindowManagerShell: , mNeedCanvasExitAnim=false, mMergeSecondTaskAnimation=false, mIsLaunchUnityStart=false, mIsLaunchFromAssistantByDefault=false, mSkipRemoteTransitionfalse, mIsStartFromKeyguard=false flags=0x0, mWCT=null, mIsOpenMergeToInValidPredictive=false}]}
03-18 00:18:39.934 18336 18358 V WindowManagerShell:  Checking filter Pair{{types=[] flags=0x0] notFlags=0x100 checks=[{atype=home independent=true modes=[OPEN,TO_FRONT] flags=NONE mustBeTask=false order=TOP topActivity=ComponentInfo{com.android.launcher/com.android.launcher.Launcher} launchCookie=null windowingMode=undefined},{atype=standard independent=true modes=[CLOSE,TO_BACK] flags=NONE mustBeTask=false order=ANY topActivity=null launchCookie=null windowingMode=undefined}]} RemoteTransition { remoteTransition = android.window.IRemoteTransition$Stub$Proxy@55852b7, appThread = android.app.IApplicationThread$Stub$Proxy@592a24, debugName = QuickstepLaunchHome }}
03-18 00:18:39.934 18336 18358 D RemoteTransitionHandler: Found filterPair{{types=[] flags=0x0] notFlags=0x100 checks=[{atype=home independent=true modes=[OPEN,TO_FRONT] flags=NONE mustBeTask=false order=TOP topActivity=ComponentInfo{com.android.launcher/com.android.launcher.Launcher} launchCookie=null windowingMode=undefined},{atype=standard independent=true modes=[CLOSE,TO_BACK] flags=NONE mustBeTask=false order=ANY topActivity=null launchCookie=null windowingMode=undefined}]} RemoteTransition { remoteTransition = android.window.IRemoteTransition$Stub$Proxy@55852b7, appThread = android.app.IApplicationThread$Stub$Proxy@592a24, debugName = QuickstepLaunchHome }}
03-18 00:18:39.934 18336 18358 V WindowManagerShell:  Delegate animation for (#5028) to RemoteTransition { remoteTransition = android.window.IRemoteTransition$Stub$Proxy@55852b7, appThread = android.app.IApplicationThread$Stub$Proxy@592a24, debugName = QuickstepLaunchHome }
03-18 00:18:39.934  3840  5874 D Transition: finishTransaction-onCommitted syncId=5027
03-18 00:18:39.934 18336 18358 V WindowManagerShell:  animated by com.android.wm.shell.transition.RemoteTransitionHandler@29a013f
03-18 00:18:39.934  3840  5914 D OplusWallpaperAnimationManager: cancelSurfaceAnimation reason: play_animation, isAnimating: true, by window: Window{7277bfe u0 com.android.launcher/com.android.launcher.Launcher}
03-18 00:18:39.934  3840  5914 D OplusWallpaperAnimationManager: startScaleAnimation frame: Rect(0, 0 - 1272, 2772) parentFrame: Rect(0, 0 - 1272, 2772) from: 1.035915 to: 1.0 duration: 1000 mTargetZoom: -1.0 targetZoom: -1.0 by window: Window{7277bfe u0 com.android.launcher/com.android.launcher.Launcher}
03-18 00:18:39.934  3840  4067 D OplusWallpaperSurfaceAnimation: setAnimationState curState: INTERRUPT
03-18 00:18:39.935  3840  4067 D OplusWallpaperAnimationManager: onAnimationCancel
03-18 00:18:39.935  3840  4067 D OplusWallpaperSurfaceAnimation: resetEnable curState: INTERRUPT
03-18 00:18:39.935  3840  4067 D OplusWallpaperSurfaceAnimation: setAnimationState curState: INITIALIZED
03-18 00:18:39.935  3840  4067 D OplusWallpaperAnimationManager: onAnimationStart
03-18 00:18:39.935  3840  4067 D OplusWallpaperAnimationManager: setSkipUpdateWallpaperPosition skip: true, wallpaper: Window{d4d7aed u0 com.android.systemui.wallpapers.ImageWallpaper}
03-18 00:18:39.935  3840  4067 D OplusWallpaperSurfaceAnimation: setAnimationState curState: STARTED
03-18 00:18:39.935  3840  4063 I ActivityManager: hookHandleApplicationCrashBeforeInner do not showErrorDialog shouldThottle= true
03-18 00:18:39.937  3840  4001 D OplusWallpaperAnimationManager: cancelSurfaceAnimation reason: play_animation, isAnimating: true, by window: Window{7277bfe u0 com.android.launcher/com.android.launcher.Launcher}
03-18 00:18:39.937  3840  4001 D OplusWallpaperAnimationManager: startScaleAnimation frame: Rect(0, 0 - 1272, 2772) parentFrame: Rect(0, 0 - 1272, 2772) from: 1.035915 to: 1.0 duration: 1000 mTargetZoom: -1.0 targetZoom: -1.0 by window: Window{7277bfe u0 com.android.launcher/com.android.launcher.Launcher}
03-18 00:18:39.937  3840  4067 D OplusWallpaperSurfaceAnimation: setAnimationState curState: INTERRUPT
03-18 00:18:39.937  3840  4067 D OplusWallpaperAnimationManager: onAnimationCancel
03-18 00:18:39.937  3840  4067 D OplusWallpaperSurfaceAnimation: resetEnable curState: INTERRUPT
03-18 00:18:39.937  3840  4067 D OplusWallpaperSurfaceAnimation: setAnimationState curState: INITIALIZED
03-18 00:18:39.937  3840  4067 D OplusWallpaperAnimationManager: onAnimationStart
03-18 00:18:39.937  3840  4067 D OplusWallpaperAnimationManager: setSkipUpdateWallpaperPosition skip: true, wallpaper: Window{d4d7aed u0 com.android.systemui.wallpapers.ImageWallpaper}
03-18 00:18:39.937  3840  4067 D OplusWallpaperSurfaceAnimation: setAnimationState curState: STARTED
03-18 00:18:39.937  3840  4065 D FlexibleTaskController: check task which not have enough child, isInSingleWhiteList:false isCloneTask:false
03-18 00:18:39.938  3840  4930 D BackgroundInstallControlService: Package event received: 0
03-18 00:18:39.938  5600  6901 I iopgp   : Iopgp: TRANSACTION_IOPGP_ON_ACTIVITY_LAUNCH_CANCELLED sequence_id = 130
03-18 00:18:39.938  5600  5600 I iopgp   : Iopgp::abort tracing.
03-18 00:18:39.943  3840  4001 I BLASTSyncEngine: onCommitted syncId: 5028, timeout: false ran: false
03-18 00:18:39.944  3840  4001 D VRR [OPlusRefreshRateService]:  HandleSetAppFrameRate [ 20 , com.tfmonochrome.android , false , version-1 ]
03-18 00:18:39.947  3840  4001 I ActivityManager: Death received, pid = 30731, processName = com.tfmonochrome.android for thread android.os.BinderProxy@daa93f2
03-18 00:18:39.947  3840  5355 I ActivityManager: Process com.tfmonochrome.android (pid 30731) has died: fg  TOP 
03-18 00:18:39.947  3840  4075 I UserAwareMgr: process killed: {pkgName='com.tfmonochrome.android', serviceName='', procName=com.tfmonochrome.android, pid=30731, uid=10616, appId=0, owner='null', flags='fg1', renderTid=0, hwuiTids=null, glTids=null, threadInfos=null, mVideoActivityList=[], mStates=0}
03-18 00:18:39.947  3840  4075 I UserAwareMgr: handleProcessKilled, pkgName: com.tfmonochrome.android, pid: 30731
03-18 00:18:39.949  3840  5355 D SnapshotCache: removeRunningEntry id: 4756, callers=com.android.server.wm.SnapshotCache.onAppRemoved:91 com.android.server.wm.AbsAppSnapshotController.onAppRemoved:755 com.android.server.wm.SnapshotController.onAppRemoved:97 
03-18 00:18:39.949  3840  5355 D ActivityTaskManager: removeAppToken: ActivityRecord{249668774 u0 com.tfmonochrome.android/.ui.MainActivity t4756 f}} delayed=true parent=Task{685793d #4756 type=standard A=10616:com.tfmonochrome.android} animating=true Callers=com.android.server.wm.DisplayContent.removeAppToken:1759 com.android.server.wm.ActivityRecord.removeFromHistory:4989 com.android.server.wm.ActivityRecord.handleAppDied:5348 com.android.server.wm.WindowProcessController.handleAppDied:1709 
03-18 00:18:39.949  3840  5355 D ActivityTaskManager: removeStartingWindowAnimation starting ActivityRecord{249668774 u0 com.tfmonochrome.android/.ui.MainActivity t4756 f}} startingWindow=null ,startingView=com.android.server.wm.StartingSurfaceController$StartingSurface@e2bf97c,Callers=com.android.server.wm.ActivityRecord.removeStartingWindow:3409 com.android.server.wm.ActivityRecord.onRemovedFromDisplay:5422 com.android.server.wm.DisplayContent.removeAppToken:1759 com.android.server.wm.ActivityRecord.removeFromHistory:4989 com.android.server.wm.ActivityRecord.handleAppDied:5348 
03-18 00:18:39.949  3840  5355 D OplusStartingWindowManager: interceptRemoveStartingWindow: packageName=com.tfmonochrome.android,  componentName=com.tfmonochrome.android/.ui.MainActivity, isSnapshot=false, startingSurfaceRunnable=null, isDrawCompleted=false, hasSurfaceView=false, inTransition=true
03-18 00:18:39.949  3840  5355 D OplusSplitScreenManagerService: notifyRemoveStartingWindow mOplusSpiltScreenDnDUI is null, just return!
03-18 00:18:39.949  3840  5355 D OplusStartingWindowManager: interceptRemoveStartingWindow: hasSplashWindowFlag() return false for activity=ActivityRecord{249668774 u0 com.tfmonochrome.android/.ui.MainActivity t4756 f}}
03-18 00:18:39.949  3840  5355 D FlexibleWindowManagerService: [resetSiblingEmbeddedTasksToFullScreen] return as is home or recent
03-18 00:18:39.951  3840  4075 I UserAwareMgr: fg app status not changed, beforeVisible: true, currentVisible: true
03-18 00:18:39.952  3840  5874 W PackageConfigPersister: App-specific configuration not found for packageName: com.android.launcher and userId: 0
03-18 00:18:39.953  3840  4930 D BackgroundInstallControlService: Package event received: 0
03-18 00:18:39.953  3840  5874 V WindowManager: Relayout Window{914d2f4 u0 Splash Screen com.tfmonochrome.android}: viewVisibility=8, oldvis=0, req=1272x2772 , apr = 0, vsysui=
03-18 00:18:39.955  3840  5874 D QuickBackInputPolicy: hasMultiChildrenInTask: false
03-18 00:18:39.955  3840  5874 D WindowManager: NFW_findFocusedWindowIfNeeded:Window{7277bfe u0 com.android.launcher/com.android.launcher.Launcher} mCurrentFocus:Window{7277bfe u0 com.android.launcher/com.android.launcher.Launcher}
03-18 00:18:39.955  3840  5918 D CoreBackPreview: Window{914d2f4 u0 Splash Screen com.tfmonochrome.android EXITING}: Setting back callback null
03-18 00:18:39.956  3840  5918 I WindowStateExtImpl: onSurfaceShowChange show = false mPackageName = com.tfmonochrome.android parentPkgName = com.tfmonochrome.android
03-18 00:18:39.956  3840  5918 I WindowManager: Window{914d2f4 u0 Splash Screen com.tfmonochrome.android EXITING} state from HAS_DRAWN to NO_SURFACE; reason: destroySurface
03-18 00:18:39.956  3840  5918 D QuickBackInputPolicy: hasMultiChildrenInTask: false
03-18 00:18:39.956  3840  5918 D WindowManager: NFW_findFocusedWindowIfNeeded:Window{7277bfe u0 com.android.launcher/com.android.launcher.Launcher} mCurrentFocus:Window{7277bfe u0 com.android.launcher/com.android.launcher.Launcher}
03-18 00:18:39.957  3840  4117 D PowerManagerService: userActivityNoUpdateLocked: groupId=0, eventTime=254059061, event=touch, flags=0x0, uid=1000
03-18 00:18:39.958  3840  4117 D PowerManagerService: userActivityNoUpdateLocked: groupId=0, eventTime=254059061, event=touch, flags=0x0, uid=1000
03-18 00:18:39.958  3840  5874 D ActivityTaskManager: Skipping, invisible task: Task{f9c940b #4308 type=home I=com.android.launcher/.Launcher}
03-18 00:18:39.958  3840  5874 D OplusSplitScreenManagerService: com.android.settings unSupportsSplitScreen by blockList or ForbidActivityList
03-18 00:18:39.958  3840  5874 D OplusSplitScreenManagerService: com.android.settings unSupportsSplitScreen by blockList or ForbidActivityList
03-18 00:18:39.958  3840  5874 D ActivityTaskManager: after skip size:2,pre-Filtered:com.tfmonochrome.android # com.android.settings # 
03-18 00:18:39.960  3840  5912 W WindowManager: captureTaskSnapshot mSnapshotMode= 0 source=Task{685793d #4756 type=standard A=10616:com.tfmonochrome.android}
03-18 00:18:39.960  3840  5912 W WindowManager: Failed to take screenshot. No visible windows for Task{685793d #4756 type=standard A=10616:com.tfmonochrome.android}
03-18 00:18:39.960  3840  5912 W ActivityTaskManager: recordSnapshot null, use getSnapshot
03-18 00:18:39.963  5600  6901 I iopgp   : Iopgp: TRANSACTION_IOPGP_PRELOAD Sequence_id = 131 pkg_name = com.tfmonochrome.android uid = 10616 size = 1 isProfile = 1
03-18 00:18:39.967  3840  5874 D OplusStartingWindowManager: isLayerMatchToStartingWindow error, mStartingRecords empty or inValid layerName:Splash Screen com.tfmonochrome.android#68738
03-18 00:18:39.980  3840  4122 D VRR [OPlusExternalRefreshRateManager]: handleOtiHistSwitch false
03-18 00:18:39.980  3840  4122 D VRR [OPlusSurfaceFlingerController]:  setOtiHistogramSwitch : false
03-18 00:18:40.006  3840  4065 W ActivityTaskManager: Activity top resumed state loss timeout for ActivityRecord{99037657 u0 com.tfmonochrome.android/.ui.MainActivity t-1 f}}
03-18 00:18:40.006  3840  4065 I OplusJoystickManager: handleApplicationSwitch deprecated!
03-18 00:18:40.006  3840  4065 I GameManagerServiceExt-GameManagerServiceExt: on FG change: com.tfmonochrome.android|com.android.launcher
03-18 00:18:40.006  3840  4120 D OplusAppSwitchListener: App Activity Change
03-18 00:18:40.006  3840  4120 D OplusAppSwitchListener: Detect com.tfmonochrome.android switch to background
03-18 00:18:40.006  3840  4120 D OplusFeatureReduceBrightness: onAppExit , info = com.tfmonochrome.android
03-18 00:18:40.006  3840  4120 D OplusAppSwitchListener: Detect com.android.launcher switch to foreground
03-18 00:18:40.006  3840  4120 D OplusFeatureGlobalLimitBrightness: switch to display extreme mode 
03-18 00:18:40.006  3840  5624 D OplusEapManager: mTargetExitName :com.tfmonochrome.android
03-18 00:18:40.006  3840  4122 D VRR [OPlusRefreshRateService]: handleFrontAppChange pkgName: null
03-18 00:18:40.006  3840  5624 D OplusAppSwitchRuleInfo: generateAppEnterInfo - launch_source_type =  , launch_source_traceid = 
03-18 00:18:40.007  5763  5763 D ResourcesManagerExtImpl: applyConfigurationToAppResourcesLocked app.getDisplayId() return callback.displayId:0
03-18 00:18:40.007  3840  5624 D OplusAppSwitchRuleInfo: generateAppEnterInfo - launch_source_type =  , launch_source_traceid = 
03-18 00:18:40.007  3840  4116 D OplusBiometricsDisplayHelper: isFold: false, isUnblockByFp: null
03-18 00:18:40.007  3840  5624 D OplusAppSwitchRuleInfo: generateAppEnterInfo - launch_source_type =  , launch_source_traceid = 
03-18 00:18:40.007  3840  5624 D OplusAppSwitchRuleInfo: generateAppEnterInfo - launch_source_type =  , launch_source_traceid = 
03-18 00:18:40.007  3840  5624 D OplusAppSwitchRuleInfo: generateAppEnterInfo - launch_source_type =  , launch_source_traceid = 
03-18 00:18:40.007  3840  5624 D OplusAppSwitchRuleInfo: generateAppEnterInfo - launch_source_type =  , launch_source_traceid = 
03-18 00:18:40.007  3840  4122 D VRR [OPlusRefreshRateService]: handleFrontAppChange pkgName: com.android.launcher
03-18 00:18:40.007  3840  5624 D OplusEapManager: mTargetEnterName :com.android.launcher
03-18 00:18:40.007  3840  5624 D OplusAppSwitchRuleInfo: generateAppEnterInfo - launch_source_type =  , launch_source_traceid = 
03-18 00:18:40.007  3840  5624 D OplusAppSwitchRuleInfo: generateAppEnterInfo - launch_source_type =  , launch_source_traceid = 
03-18 00:18:40.007  3840  5624 D OplusAppSwitchRuleInfo: generateAppEnterInfo - launch_source_type =  , launch_source_traceid = 
03-18 00:18:40.007  3840  5624 D OplusAppSwitchRuleInfo: generateActivityEnterInfo - launch_source_type =  , launch_source_traceid = 
03-18 00:18:40.007  3840  5624 D OplusAppSwitchRuleInfo: generateActivityEnterInfo - launch_source_type =  , launch_source_traceid = 
03-18 00:18:40.007  3840  5624 D OplusAppSwitchRuleInfo: generateActivityEnterInfo - launch_source_type =  , launch_source_traceid = 
03-18 00:18:40.007  3840  5624 D OplusAppSwitchRuleInfo: generateActivityEnterInfo - launch_source_type =  , launch_source_traceid = 
03-18 00:18:40.034  3840  4075 I UserAwareMgr: fg app status not changed, beforeVisible: true, currentVisible: true
03-18 00:18:40.049  3840  5914 E OplusAppQuickStart_AppQuickStartController: notifyStartActivity intent:Intent { act=android.intent.action.MAIN cat=[android.intent.category.LAUNCHER] flg=0x10200000 xflg=0x4 cmp=com.tfmonochrome.android/.ui.MainActivity bnds=[292,1618][532,1888] (has extras) }
03-18 00:18:40.049  5600  6901 I iopgp   : Iopgp: TRANSACTION_IOPGP_ON_INTENT_STARTED sequence_id = 131 pkg_name = com.tfmonochrome.android class_name = com.tfmonochrome.android.ui.MainActivity isCanTrace = 1
03-18 00:18:40.050  3840  5914 D WindowManager: NFW_setClientVisible:ActivityRecord{152422231 u0 com.tfmonochrome.android/.ui.MainActivity clientVisible:true
03-18 00:18:40.050  3840  5914 D FlexibleTaskController: isSupportFlexibleWindow target = com.tfmonochrome.android/.ui.MainActivity callPkg = FlexibleTaskController support = true ,caller = 3840
03-18 00:18:40.051  5600  1072 E iopgp   : kTraceFailed
03-18 00:18:40.051  3840  5914 D ActivityStarterExtImpl: NOT BACKGROUND_START_ACTIVITY_PERMISSION FEATURE
03-18 00:18:40.051  3840  5914 D FlexibleWindowManagerService: isIgnoreAppearedAcrossTask:false
03-18 00:18:40.051  3840  5914 D FlexibleWindowManagerService: isIgnoreAppearedAcrossTask:false
03-18 00:18:40.051  3840  5914 D FlexibleTaskController: findSourceTaskForFreeForm: sourceRecord = ActivityRecord{26699759 u0 com.android.launcher/.Launcher t4308} ,realCallingPid:5763 ,launchFromZoomMode:false ,prevTopTask:Task{f9c940b #4308 type=home I=com.android.launcher/.Launcher}
03-18 00:18:40.051  3840  5914 D FlexibleTaskController: adjustOptionsForFlexibleTask not allow options follow process task's options, reason:9 ,reusedOptions:null
03-18 00:18:40.052  3840  5914 D FlexibleTaskController: isSupportFlexibleWindow target = com.tfmonochrome.android/.ui.MainActivity callPkg = FlexibleTaskController support = true ,caller = 3840
03-18 00:18:40.052  3840  5914 D FlexibleWindowManagerService: no reused task found for ActivityRecord{152422231 u0 com.tfmonochrome.android/.ui.MainActivity t-1}
03-18 00:18:40.052  3840  5914 D CompactServiceDelegate: updateDecorsManagerIfNeed return because not attachToProcess task:Task{748fc62 #4757 type=standard}
03-18 00:18:40.052  3840  5914 D CompactServiceDelegate: updateDecorsManagerIfNeed return because not attachToProcess task:Task{748fc62 #4757 type=standard}
03-18 00:18:40.053  3840  5914 D TaskExtImpl: setScenario --> 0 for #4757
03-18 00:18:40.054  3840  5914 D SecondaryPageStartupPolicy: checkSecondaryPageStartupStatus not support sourcePackage=com.android.launcher
03-18 00:18:40.054  3840  5914 D OplusStartingWindowManager: we don't revise window flags for third app
03-18 00:18:40.054  3840  5914 D ActivityTaskManager: validateStartingWindowTheme:  Pkg=com.tfmonochrome.android, Translucent=false, Floating=false, ShowWallpaper=false, Disable=false, LaunchSource=2, Prev=null, LaunchedFromPackage=com.android.launcher
03-18 00:18:40.054  3840  5914 D ActivityTaskManager: addStartingWindow for ActivityRecord{152422231 u0 com.tfmonochrome.android/.ui.MainActivity t4757}, mainWin=null, state=INITIALIZING, isKeyguardLocked=false, isKeyguardGoingAway=false
03-18 00:18:40.054  3840  5914 D ActivityTaskManager: getStartingWindowType: , newTask=true, taskSwitch=true, processRunning=false, allowTaskSnapshot=true, activityCreated=false, activityAllDrawn=false, snapshot exist: false
03-18 00:18:40.054  3840  5914 D ActivityRecordExtImpl: handleStartingWindowForCompactWindow origin type:2, adjustType : 2
03-18 00:18:40.055 18336 18391 D PhoneStartingWindowTypeAlgorithm: preferredStartingWindowType newTask=true, taskSwitch=true, processRunning=false, allowTaskSnapshot=true, activityCreated=false, isSolidColorSplashScreen=false, legacySplashScreen=false, activityDrawn=false, windowless=false, topIsHome=false
03-18 00:18:40.055 18336 18391 D OplusShellStartingWindowManager: getReviseStartingWindowType not support, windowInfo is null
03-18 00:18:40.056  3840  5914 D ActivityTaskManager: setAppVisibility(Token{cc581f3 ActivityRecord{152422231 u0 com.tfmonochrome.android/.ui.MainActivity t4757}}, visible=true):  visible=false mVisibleRequested=false
03-18 00:18:40.056 18336 18391 D OplusShellStartingWindowManager: adjustSuggestedWindowType originType: 1, wi: StartingWindowInfo{taskId=4757 targetActivityInfo=null displayId=0 topActivityType=1 preferredStartingWindowType=8b mainWindowLayoutParams=null splashScreenThemeResId 7f050000, exi: OplusStartingWindowExtendedInfo{mAppToken=android.os.BinderProxy@6464432, mSupportSplashScreenPreview=false, mIsSystemApp=false, mIsExceptionListApp=false, mPreviewBitmap=null, mShouldDrawBackground=false, mForceLightMode=false, mForceNightMode=false, mNotSupportNightMode=false, mForcePreview=false, mForceBigIcon=false, mQuickStartingSurface=null, mForceSolidColorSplash=false}
03-18 00:18:40.056  3840  5914 D ActivityTaskManager: setVisibility(Token{cc581f3 ActivityRecord{152422231 u0 com.tfmonochrome.android/.ui.MainActivity t4757}}, visible=true) defer commitVisibility for transition collecting
03-18 00:18:40.056 18336 18391 D OplusShellStartingWindowManager: adjustSuggestedWindowType: skip no-system app and no-exception list app
03-18 00:18:40.056  3840  5914 D ActivityTaskManager: setAppVisibility(Token{6cfe7a6 ActivityRecord{26699759 u0 com.android.launcher/.Launcher t4308}}, visible=false):  visible=true mVisibleRequested=true
03-18 00:18:40.056  3840  5914 D ActivityTaskManager: setVisibility(Token{6cfe7a6 ActivityRecord{26699759 u0 com.android.launcher/.Launcher t4308}}, visible=false) defer commitVisibility for transition collecting
03-18 00:18:40.056  3840  5914 D RefreshRate: don't do app switch boost,arDisplayId:0 mDisplayId:0 currentSettingMode:3 hasAppSwitchBoostPriority:true is supportRefreshRateSwitch:true
03-18 00:18:40.056 18336 18392 D ShellStartingWindow: getWindowAttrs SplashScreenWindowAttrs{ mWindowBgResId: 7f030000, mWindowBgColor: 0, mWindowBgImage: false, mSplashScreenIcon: false, mBrandingImage: false, mIconBgColor: 0, uiMode: 0}
03-18 00:18:40.056 18336 18392 I ShellStartingWindow: makeSplashScreenContentView themeBGColor: ff000000, isDark: true, last config hash: 1117146272
03-18 00:18:40.057  3840  5914 D OplusFlexibleActivityTransitionManager: fixTransitType type result:1, targets: null
03-18 00:18:40.057  3840  5914 D Transition: onPreTransactionReady remove target:Task{e154f06 #1 type=home}
03-18 00:18:40.057  3840  5914 D OplusTransitionAnimationManager: activityRecordCount0fullScreenArBeHindStartingWindow null
03-18 00:18:40.058  3840  5914 I ActivityTaskManager: Add Task{685793d #4756 type=standard A=10616:com.tfmonochrome.android} to hidden list because adding Task{748fc62 #4757 type=standard A=10616:com.tfmonochrome.android}
03-18 00:18:40.058  3840  5914 D ActivityTaskManager: notifyTaskRemoved, task: Task{685793d #4756 type=standard A=10616:com.tfmonochrome.android} trace:com.android.server.wm.RecentTasks.removeForAddTask:1888 com.android.server.wm.RecentTasks.add:1377 com.android.server.wm.ActivityStarter.startActivityInner:3011 com.android.server.wm.ActivityStarter.startActivityUnchecked:2156 com.android.server.wm.ActivityStarter.executeRequest:1906 
03-18 00:18:40.058 18336 18392 D ShellStartingWindow: inconsize = 476
03-18 00:18:40.058  3840  5914 D ActivityTaskManager: notifyTaskAdded, task: Task{748fc62 #4757 type=standard A=10616:com.tfmonochrome.android} trace:com.android.server.wm.RecentTasks.add:1392 com.android.server.wm.ActivityStarter.startActivityInner:3011 com.android.server.wm.ActivityStarter.startActivityUnchecked:2156 com.android.server.wm.ActivityStarter.executeRequest:1906 com.android.server.wm.ActivityStarter.execute:1004 
03-18 00:18:40.058  3840  4075 W UserAwareMgr: can not find match thread: UiThreadHelper for process system_server Pid: 3840
03-18 00:18:40.059 18336 18358 V WindowManagerShell: Transition requested (#5029): android.os.BinderProxy@cc7e6ad TransitionRequestInfo { type = OPEN, triggerTask = TaskInfo{userId=0 taskId=4757 effectiveUid=10616 displayId=0 isRunning=true baseIntent=Intent { act=android.intent.action.MAIN cat=[android.intent.category.LAUNCHER] flg=0x10200000 cmp=com.tfmonochrome.android/.ui.MainActivity mCallingUid=10259 } baseActivity=ComponentInfo{com.tfmonochrome.android/com.tfmonochrome.android.ui.MainActivity} topActivity=ComponentInfo{com.tfmonochrome.android/com.tfmonochrome.android.ui.MainActivity} origActivity=null realActivity=ComponentInfo{com.tfmonochrome.android/com.tfmonochrome.android.ui.MainActivity}
03-18 00:18:40.059 18336 18358 V WindowManagerShell:  numActivities=1 lastActiveTime=366260800 supportsSplitScreenMultiWindow=true supportsMultiWindow=true supportsPocketStudioMultiWindow=true isInFlexibleEmbedded = false uid = 10616 pid = 0 resizeMode=1 isResizeable=true minWidth=-1 minHeight=-1 defaultMinSize=220 token=WCT{android.window.IWindowContainerToken$Stub$Proxy@341de2} topActivityType=1 pictureInPictureParams=null shouldDockBigOverlays=false launchIntoPipHostTaskId=-1 lastParentTaskIdBeforePip=-1 displayCutoutSafeInsets=Rect(0, 141 - 0, 0)
03-18 00:18:40.059 18336 18358 V WindowManagerShell:  topActivityInfo=ActivityInfo{617c573 com.tfmonochrome.android.ui.MainActivity} launchCookies=[android.os.BinderProxy@3a4c30] positionInParent=Point(0, 0) parentTaskId=-1 isFocused=false isVisible=false isVisibleRequested=true isTopActivityNoDisplay=false isSleeping=false locusId=null displayAreaFeatureId=1 isTopActivityTransparent=false isActivityStackTransparent=false lastNonFullscreenBounds=Rect(323, 796 - 949, 2068) capturedLink=null capturedLinkTimestamp=0 requestedVisibleTypes=-9 topActivityRequestOpenInBrowserEducationTimestamp=0
03-18 00:18:40.059 18336 18358 V WindowManagerShell:  appCompatTaskInfo=AppCompatTaskInfo { topActivityInSizeCompat=false topActivityInOplusCompatMode=false eligibleForLetterboxEducation= false isLetterboxEducationEnabled= false isLetterboxDoubleTapEnabled= false eligibleForUserAspectRatioButton= false topActivityBoundsLetterboxed= false isFromLetterboxDoubleTap= false topActivityLetterboxVerticalPosition= -1 topActivityLetterboxHorizontalPosition= -1 topActivityLetterboxWidth=-1 topActivityLetterboxHeight=-1 topActivityAppBounds=Rect(0, 141 - 1272, 2724) isUserFullscreenOverrideEnabled=false isSystemFullscreenOverrideEnabled=false hasMinAspectRatioOverride=false topActivityLetterboxBounds=null cameraCompatTaskInfo=CameraCompatTaskInfo { freeformCameraCompatMode=inactive}} topActivityMainWindowFrame=null topActivityLetterboxInsets=Rect(0, 0 - 0, 0)
03-18 00:18:40.059 18336 18358 V WindowManagerShell:  mOplusExtraBundle = Bundle[mParcelledData.dataSize=1480]}, pipChange = null, remoteTransition = RemoteTransition { remoteTransition = android.window.IRemoteTransition$Stub$Proxy@92940a9, appThread = android.app.IApplicationThread$Stub$Proxy@3fa362e, debugName = QuickstepLaunch }, displayChange = null, flags = 0, debugId = 5029 }
03-18 00:18:40.059 18336 18358 D ShellSplitScreen: logExit: no-op, mLoggerSessionId is null
03-18 00:18:40.059 18336 18358 V WindowManagerShell: RemoteTransition directly requested for (#5029) android.os.BinderProxy@cc7e6ad: RemoteTransition { remoteTransition = android.window.IRemoteTransition$Stub$Proxy@92940a9, appThread = android.app.IApplicationThread$Stub$Proxy@3fa362e, debugName = QuickstepLaunch }
03-18 00:18:40.059 18336 18358 V WindowManagerShell: Transition (#5029): request handled by DefaultMixedHandler
03-18 00:18:40.059  3840  5914 D FlexibleWindowManagerService: onFlexibleWindowTaskAppeared: task = 4757, visible = false
03-18 00:18:40.059  3840  5914 D OplusFlexibleWindowMinimizedManagerHelper: onTaskAppered taskInfo:4757
03-18 00:18:40.059  3840  5914 D OplusFlexibleDragToSplitAnimController: visibleFlexibleTaskInfos delete:4757
03-18 00:18:40.059  3840  5914 E FlexibleWindowManagerService: notifyTaskObserverToAttachController not need to notify!
03-18 00:18:40.059  3840  5914 D FlexibleWindowManagerService: should not dispatch appeared task Task{748fc62 #4757 type=standard A=10616:com.tfmonochrome.android}
03-18 00:18:40.060  3840  5914 D osense.compress: notifyActivityLaunched pkgName = com.tfmonochrome.android, userId = 0
03-18 00:18:40.060  3840  5914 I ActivityTaskManager: START u0 {act=android.intent.action.MAIN cat=[android.intent.category.LAUNCHER] flg=0x10200000 xflg=0x4 cmp=com.tfmonochrome.android/.ui.MainActivity bnds=[292,1618][532,1888] (has extras) mCallingUid=10259} with LAUNCH_MULTIPLE from uid 10259 (sr=26699759) (BAL_ALLOW_VISIBLE_WINDOW (callingUid has visible window)) result code=0
03-18 00:18:40.061  3840  4066 D OplusTransitionController: tryFinishAheadIfNeed transition 5029 , SyncGroup: com.android.server.wm.BLASTSyncEngine$SyncGroup@34653c2
03-18 00:18:40.061  3840  4066 D ActivityTaskManager: commitVisibility: ActivityRecord{152422231 u0 com.tfmonochrome.android/.ui.MainActivity t4757}: visible=true visibleRequested=true, isInTransition=true 
03-18 00:18:40.061  3840  4066 D Transition: collectOrderChanges onTopTasksEnd: [Task{748fc62 #4757 type=standard A=10616:com.tfmonochrome.android}], reportedOnTop:null, mOnTopTasksStart: [Task{748fc62 #4757 type=standard A=10616:com.tfmonochrome.android}], TDA child: [Task{59608d5 #4419 type=undefined}, Task{632d96f #4748 type=standard A=1000:.applications.InstalledAppDetailsTop}, Task{685793d #4756 type=standard A=10616:com.tfmonochrome.android}, Task{e154f06 #1 type=home}, Task{748fc62 #4757 type=standard A=10616:com.tfmonochrome.android}]
03-18 00:18:40.061  3840  4066 D OplusFlexibleActivityTransitionManager: fixTransitType type result:1, targets: [ChangeInfo{1fb3d9d container=Task{748fc62 #4757 type=standard A=10616:com.tfmonochrome.android} flags=0x10}, ChangeInfo{e996d5e container=Task{e154f06 #1 type=home} flags=0x10}]
03-18 00:18:40.062  3840  4066 D OplusTransitionAnimationManager: activityRecordCount0fullScreenArBeHindStartingWindow null
03-18 00:18:40.062  3840  4066 D OplusTransitionAnimationManager: activityRecordCount0fullScreenArBeHindStartingWindow null
03-18 00:18:40.062  3840  4066 D QuickBackInputPolicy: resetInputInterceptState for remoteTransition: false
03-18 00:18:40.062  3840  4066 D OplusTransitionController: onTransactionReady, transition: 5029, info: {id=5029 t=OPEN f=0x0 trk=0 r=[0@Point(0, 0)] c=[{WCT{RemoteToken{cb58355 Task{748fc62 #4757 type=standard A=10616:com.tfmonochrome.android}}} m=OPEN f=NONE leash=Surface(name=Task=4757)/@0xac4a4f sb=Rect(0, 0 - 1272, 2772) eb=Rect(0, 0 - 1272, 2772) epz=Point(1272, 2772) d=0 taskParent=-1},{WCT{RemoteToken{fe7353 Task{e154f06 #1 type=home}}} m=TO_BACK f=SHOW_WALLPAPER leash=Surface(name=Task=1)/@0xfe2690e sb=Rect(0, 0 - 1272, 2772) eb=Rect(0, 0 - 1272, 2772) epz=Point(1272, 2772) d=0 taskParent=-1}] 
03-18 00:18:40.062  3840  4066 D OplusTransitionController: extendInfo=[
03-18 00:18:40.062  3840  4066 D OplusTransitionController:  OplusTransitionExtendedInfo{mTmpFinishT=null, mInOplusCompatMode=false, mIsProcessRunning=false, mHasMismatchBoundsTarget=false, mRecentsController=null, mRemoteTransition=null, mIsTranslucentActivityToHome=false, mAvoidInterceptKeyEventToHome=false, mIsFromHome=true, mParentLeash=null, mBackAnimClosingLeash=null, mIsOplusAnimRes=false, mKeepBgForContinuous=false, mIsBalAllow=false, mTaskNotInRecent=false, mIsPredictiveBackAnim=false, mIsMergedWithPredictive=false, mIsLaunchFromSpruce=false, mIsLaunchFromDrive=false, mGlobalSearchPageSwitch=false, mNeedNoAlphaGlobalSearchScene=false, mAssistScreenShowing=false, mSwipeUpBrowserScreenShowing=false, mUserIdTransition=0
03-18 00:18:40.062  3840  4066 D OplusTransitionController: , mInRemoteScene=false, mInPreReady=true, mPreStart=false, mToken=Token{b016a TransitionRecord{57d7386 id=5029 track=0 type=OPEN flags=0x0 state=2 c=[
03-18 00:18:40.062  3840  4066 D OplusTransitionController:    ChangeInfo{f413447 container=ActivityRecord{26699759 u0 com.android.launcher/.Launcher t4308} flags=0x0}
03-18 00:18:40.062  3840  4066 D OplusTransitionController:    ChangeInfo{29b1474 container=OneHanded:0:14@53193943 flags=0x0}
03-18 00:18:40.062  3840  4066 D OplusTransitionController:    ChangeInfo{1fb3d9d container=Task{748fc62 #4757 type=standard A=10616:com.tfmonochrome.android} flags=0x10}
03-18 00:18:40.062  3840  4066 D OplusTransitionController:    ChangeInfo{92d4212 container=ActivityRecord{152422231 u0 com.tfmonochrome.android/.ui.MainActivity t4757} flags=0x0}
03-18 00:18:40.062  3840  4066 D OplusTransitionController:    ChangeInfo{e52cde3 container=WallpaperWindowToken{a0ad1ea showWhenLocked=true} flags=0x0}
03-18 00:18:40.062  3840  4066 D OplusTransitionController:    ChangeInfo{48f03e0 container=Display{#0 state=ON size=1272x2772 ROTATION_0} flags=0x0}
03-18 00:18:40.062  3840  4066 D OplusTransitionController:    ChangeInfo{3531699 container=WallpaperWindowToken{cad1aaf showWhenLocked=false} flags=0x0}
03-18 00:18:40.062  3840  4066 D OplusTransitionController:    ChangeInfo{e996d5e container=Task{e154f06 #1 type=home} flags=0x10}
03-18 00:18:40.062  3840  4066 D OplusTransitionController:    ChangeInfo{b5a653f container=DefaultTaskDisplayArea@261315640 flags=0x0}
03-18 00:18:40.062  3840  4066 D OplusTransitionController:    ChangeInfo{e107e0c container=Task{f9c940b #4308 type=home I=com.android.launcher/.Launcher} flags=0x10}
03-18 00:18:40.062  3840  4066 D OplusTransitionController: ]
03-18 00:18:40.062  3840  4066 D OplusTransitionController: }}, mAbortByRemoteFromHome=false, mShellApplyToken=null, mRequestTransitionTaskId=4757, mAbortTransitionOnShell=0, mStartFromShortcut=false, mRemovedTaskId=-1, mTransitionInterruptType=0, mMergeSecondTaskId=-1, mTaskIdStartFromRecents=0, mTransitionId=5029, mCanUseSpringSlideAnim=false, mTransitionLaunchFrom=0, mFoldChangeType=-1, mAnimStartingPosition=[0, 0, 0, 0], mIsOpeningStkDialogActivity=false, mSecondaryHomeToFrontWhenUnFolding=false, mIsNeedApplyStartTForEmbedded=false
03-18 00:18:40.062  3840  4066 D OplusTransitionController: , mNeedCanvasExitAnim=false, mMergeSecondTaskAnimation=false, mIsLaunchUnityStart=false, mIsLaunchFromAssistantByDefault=false, mSkipRemoteTransitionfalse, mIsStartFromKeyguard=false flags=0x0, mWCT=null, mIsOpenMergeToInValidPredictive=false}]}, targets : [ChangeInfo{1fb3d9d container=Task{748fc62 #4757 type=standard A=10616:com.tfmonochrome.android} flags=0x10}, ChangeInfo{e996d5e container=Task{e154f06 #1 type=home} flags=0x10}], participants: {ActivityRecord{26699759 u0 com.android.launcher/.Launcher t4308}, Task{748fc62 #4757 type=standard A=10616:com.tfmonochrome.android}, ActivityRecord{152422231 u0 com.tfmonochrome.android/.ui.MainActivity t4757}, WallpaperWindowToken{a0ad1ea showWhenLocked=true}, WallpaperWindowToken{cad1aaf showWhenLocked=false}}
03-18 00:18:40.062  5600  6901 I iopgp   : Iopgp: TRANSACTION_IOPGP_ON_ACTIVITY_LAUNCHED sequence_id = 131
