03-18 00:18:39.856  3840  5893 D ActivityTaskManager: setVisibility(Token{6cfe7a6 ActivityRecord{26699759 u0 com.android.launcher/.Launcher t4308}}, visible=false) defer commitVisibility for transition collecting
03-18 00:18:39.856 18336 18392 I ShellStartingWindow: makeSplashScreenContentView themeBGColor: ff000000, isDark: true, last config hash: 1117146272
03-18 00:18:39.856  3840  5893 D RefreshRate: don't do app switch boost,arDisplayId:0 mDisplayId:0 currentSettingMode:3 hasAppSwitchBoostPriority:true is supportRefreshRateSwitch:true
03-18 00:18:39.857  3840  5893 D OplusFlexibleActivityTransitionManager: fixTransitType type result:1, targets: null
03-18 00:18:39.857  3840  5893 D Transition: onPreTransactionReady remove target:Task{e154f06 #1 type=home}
03-18 00:18:39.858  3840  5893 D OplusTransitionAnimationManager: activityRecordCount0fullScreenArBeHindStartingWindow null
03-18 00:18:39.858 18336 18392 D ShellStartingWindow: inconsize = 476
03-18 00:18:39.858  3840  5893 I ActivityTaskManager: Add Task{30ac24c #4755 type=standard A=10616:com.tfmonochrome.android} to hidden list because adding Task{685793d #4756 type=standard A=10616:com.tfmonochrome.android}
03-18 00:18:39.858  3840  5893 D ActivityTaskManager: notifyTaskRemoved, task: Task{30ac24c #4755 type=standard A=10616:com.tfmonochrome.android} trace:com.android.server.wm.RecentTasks.removeForAddTask:1888 com.android.server.wm.RecentTasks.add:1377 com.android.server.wm.ActivityStarter.startActivityInner:3011 com.android.server.wm.ActivityStarter.startActivityUnchecked:2156 com.android.server.wm.ActivityStarter.executeRequest:1906 
03-18 00:18:39.858  3840  5893 D ActivityTaskManager: notifyTaskAdded, task: Task{685793d #4756 type=standard A=10616:com.tfmonochrome.android} trace:com.android.server.wm.RecentTasks.add:1392 com.android.server.wm.ActivityStarter.startActivityInner:3011 com.android.server.wm.ActivityStarter.startActivityUnchecked:2156 com.android.server.wm.ActivityStarter.executeRequest:1906 com.android.server.wm.ActivityStarter.execute:1004 
03-18 00:18:39.859  3840  4075 W UserAwareMgr: can not find match thread: UiThreadHelper for process system_server Pid: 3840
03-18 00:18:39.859 18336 18358 V WindowManagerShell: Transition requested (#5027): android.os.BinderProxy@eef323b TransitionRequestInfo { type = OPEN, triggerTask = TaskInfo{userId=0 taskId=4756 effectiveUid=10616 displayId=0 isRunning=true baseIntent=Intent { act=android.intent.action.MAIN cat=[android.intent.category.LAUNCHER] flg=0x10200000 cmp=com.tfmonochrome.android/.ui.MainActivity mCallingUid=10259 } baseActivity=ComponentInfo{com.tfmonochrome.android/com.tfmonochrome.android.ui.MainActivity} topActivity=ComponentInfo{com.tfmonochrome.android/com.tfmonochrome.android.ui.MainActivity} origActivity=null realActivity=ComponentInfo{com.tfmonochrome.android/com.tfmonochrome.android.ui.MainActivity}
03-18 00:18:39.859 18336 18358 V WindowManagerShell:  numActivities=1 lastActiveTime=366260600 supportsSplitScreenMultiWindow=true supportsMultiWindow=true supportsPocketStudioMultiWindow=true isInFlexibleEmbedded = false uid = 10616 pid = 0 resizeMode=1 isResizeable=true minWidth=-1 minHeight=-1 defaultMinSize=220 token=WCT{android.window.IWindowContainerToken$Stub$Proxy@1c88d58} topActivityType=1 pictureInPictureParams=null shouldDockBigOverlays=false launchIntoPipHostTaskId=-1 lastParentTaskIdBeforePip=-1 displayCutoutSafeInsets=Rect(0, 141 - 0, 0)
03-18 00:18:39.859 18336 18358 V WindowManagerShell:  topActivityInfo=ActivityInfo{7852eb1 com.tfmonochrome.android.ui.MainActivity} launchCookies=[android.os.BinderProxy@5d4ff96] positionInParent=Point(0, 0) parentTaskId=-1 isFocused=false isVisible=false isVisibleRequested=true isTopActivityNoDisplay=false isSleeping=false locusId=null displayAreaFeatureId=1 isTopActivityTransparent=false isActivityStackTransparent=false lastNonFullscreenBounds=Rect(323, 796 - 949, 2068) capturedLink=null capturedLinkTimestamp=0 requestedVisibleTypes=-9 topActivityRequestOpenInBrowserEducationTimestamp=0
03-18 00:18:39.859 18336 18358 V WindowManagerShell:  appCompatTaskInfo=AppCompatTaskInfo { topActivityInSizeCompat=false topActivityInOplusCompatMode=false eligibleForLetterboxEducation= false isLetterboxEducationEnabled= false isLetterboxDoubleTapEnabled= false eligibleForUserAspectRatioButton= false topActivityBoundsLetterboxed= false isFromLetterboxDoubleTap= false topActivityLetterboxVerticalPosition= -1 topActivityLetterboxHorizontalPosition= -1 topActivityLetterboxWidth=-1 topActivityLetterboxHeight=-1 topActivityAppBounds=Rect(0, 141 - 1272, 2724) isUserFullscreenOverrideEnabled=false isSystemFullscreenOverrideEnabled=false hasMinAspectRatioOverride=false topActivityLetterboxBounds=null cameraCompatTaskInfo=CameraCompatTaskInfo { freeformCameraCompatMode=inactive}} topActivityMainWindowFrame=null topActivityLetterboxInsets=Rect(0, 0 - 0, 0)
03-18 00:18:39.859 18336 18358 V WindowManagerShell:  mOplusExtraBundle = Bundle[mParcelledData.dataSize=1480]}, pipChange = null, remoteTransition = RemoteTransition { remoteTransition = android.window.IRemoteTransition$Stub$Proxy@594b717, appThread = android.app.IApplicationThread$Stub$Proxy@2e52704, debugName = QuickstepLaunch }, displayChange = null, flags = 0, debugId = 5027 }
03-18 00:18:39.859 18336 18358 D ShellSplitScreen: logExit: no-op, mLoggerSessionId is null
03-18 00:18:39.859 18336 18358 V WindowManagerShell: RemoteTransition directly requested for (#5027) android.os.BinderProxy@eef323b: RemoteTransition { remoteTransition = android.window.IRemoteTransition$Stub$Proxy@594b717, appThread = android.app.IApplicationThread$Stub$Proxy@2e52704, debugName = QuickstepLaunch }
03-18 00:18:39.859 18336 18358 V WindowManagerShell: Transition (#5027): request handled by DefaultMixedHandler
03-18 00:18:39.859  3840  5893 D FlexibleWindowManagerService: onFlexibleWindowTaskAppeared: task = 4756, visible = false
03-18 00:18:39.860  3840  5893 D OplusFlexibleWindowMinimizedManagerHelper: onTaskAppered taskInfo:4756
03-18 00:18:39.860  3840  5893 D OplusFlexibleDragToSplitAnimController: visibleFlexibleTaskInfos delete:4756
03-18 00:18:39.860  3840  5893 E FlexibleWindowManagerService: notifyTaskObserverToAttachController not need to notify!
03-18 00:18:39.860  3840  5893 D FlexibleWindowManagerService: should not dispatch appeared task Task{685793d #4756 type=standard A=10616:com.tfmonochrome.android}
03-18 00:18:39.860  3840  5893 D osense.compress: notifyActivityLaunched pkgName = com.tfmonochrome.android, userId = 0
03-18 00:18:39.860  3840  5893 I ActivityTaskManager: START u0 {act=android.intent.action.MAIN cat=[android.intent.category.LAUNCHER] flg=0x10200000 xflg=0x4 cmp=com.tfmonochrome.android/.ui.MainActivity bnds=[288,1621][528,1891] (has extras) mCallingUid=10259} with LAUNCH_MULTIPLE from uid 10259 (sr=26699759) (BAL_ALLOW_VISIBLE_WINDOW (callingUid has visible window)) result code=0
03-18 00:18:39.860  5600  6901 I iopgp   : Iopgp: TRANSACTION_IOPGP_ON_ACTIVITY_LAUNCHED sequence_id = 130
03-18 00:18:39.861  3840  5914 I AppSnapshotController: attachStartingWindow, win = Window{914d2f4 u0 Splash Screen com.tfmonochrome.android}, shouldAppSnapshot = false
03-18 00:18:39.861  3840  5914 D ActivityTaskManager: attachStartingWindow: mStartingData=SplashScreenStartingData{ab56492 removeAfterTransaction= 0}, mAssociatedTask=null, mStartingWindow=Window{914d2f4 u0 Splash Screen com.tfmonochrome.android}
03-18 00:18:39.861  3840  5914 D WindowManager: attachImeScreenshotOnTargetIfNeeded, mImeHiding = false, requestedVisibleTypes = -9
03-18 00:18:39.861  3840  5914 I WindowManager: addWindow: New client android.os.BinderProxy@9a8dcc7 : window=Window{914d2f4 u0 Splash Screen com.tfmonochrome.android}
03-18 00:18:39.861  3840  5914 D FlexibleTaskController: isFullToFlexibleAnimating: false
03-18 00:18:39.861  3840  5914 D WindowManager: rotation(ROTATION_0) no changed  displayId = 0, lastOrientation = -1
03-18 00:18:39.862  3840  4075 I UserAwareMgr: event is already released: SceneEvent{id=5007, maxWorkDurationMs=200, caller='[android]', eventFlags=256, fbPriority=1, keyThreads=[KeyThread{name=binder, owner=android, schedPolicy=ux, priority=HEAVY, maxThreadCount=16}], vipBinderGroup=null}, callingPid: 3840, appPid: 0
03-18 00:18:39.862  3840  5914 D VRR [OPlusRefreshRateService]:  HandleSetAppFrameRate [ 0 , com.tfmonochrome.android , false , version-1 ]
03-18 00:18:39.863  3840  5874 V WindowManager: Relayout Window{914d2f4 u0 Splash Screen com.tfmonochrome.android}: viewVisibility=0, oldvis=0, req=1272x2772 , apr = 0, vsysui=, x=0, y=0
03-18 00:18:39.863  3840  5874 I WindowManager: Window{914d2f4 u0 Splash Screen com.tfmonochrome.android} state from NO_SURFACE to DRAW_PENDING; reason: resetDrawState
03-18 00:18:39.863  3840  4930 D BackgroundInstallControlService: Package event received: 0
03-18 00:18:39.864  3840  5874 D WindowManager: NFW_findFocusedWindowIfNeeded:null mCurrentFocus:Window{7277bfe u0 com.android.launcher/com.android.launcher.Launcher}
03-18 00:18:39.864  3840  5874 V WindowManager: Changing focus from Window{7277bfe u0 com.android.launcher/com.android.launcher.Launcher} to null,diplayid=0
03-18 00:18:39.864 18336 18358 D WindowManagerShell: setLauncherKeepClearAreaHeight: visible=false, height=252
03-18 00:18:39.865 18336 18391 W VRI[android]: updateBlastSurfaceIfNeeded, surfaceSize:Point(1272, 2772), lastSurfaceSize:Point(0, 0), format:-3, blastBufferQueue:null
03-18 00:18:39.865  3840  4066 D OplusTransitionController: tryFinishAheadIfNeed transition 5027 , SyncGroup: com.android.server.wm.BLASTSyncEngine$SyncGroup@4fe9dbf
03-18 00:18:39.865  3840  4066 D ActivityTaskManager: commitVisibility: ActivityRecord{249668774 u0 com.tfmonochrome.android/.ui.MainActivity t4756}: visible=true visibleRequested=true, isInTransition=true 
03-18 00:18:39.865  3840  4066 D Transition: collectOrderChanges onTopTasksEnd: [Task{685793d #4756 type=standard A=10616:com.tfmonochrome.android}], reportedOnTop:null, mOnTopTasksStart: [Task{685793d #4756 type=standard A=10616:com.tfmonochrome.android}], TDA child: [Task{59608d5 #4419 type=undefined}, Task{632d96f #4748 type=standard A=1000:.applications.InstalledAppDetailsTop}, Task{30ac24c #4755 type=standard A=10616:com.tfmonochrome.android}, Task{e154f06 #1 type=home}, Task{685793d #4756 type=standard A=10616:com.tfmonochrome.android}]
03-18 00:18:39.865  3840  4066 D OplusFlexibleActivityTransitionManager: fixTransitType type result:1, targets: [ChangeInfo{7328356 container=Task{685793d #4756 type=standard A=10616:com.tfmonochrome.android} flags=0x10}, ChangeInfo{7eb7ee2 container=Task{e154f06 #1 type=home} flags=0x10}]
03-18 00:18:39.865  3840  4066 D OplusTransitionAnimationManager: activityRecordCount0fullScreenArBeHindStartingWindow null
03-18 00:18:39.866  3840  4066 D OplusTransitionAnimationManager: activityRecordCount0fullScreenArBeHindStartingWindow null
03-18 00:18:39.866  3840  4066 D QuickBackInputPolicy: resetInputInterceptState for remoteTransition: false
03-18 00:18:39.866  3840  4066 D OplusTransitionController: onTransactionReady, transition: 5027, info: {id=5027 t=OPEN f=0x0 trk=0 r=[0@Point(0, 0)] c=[{WCT{RemoteToken{646a72e Task{685793d #4756 type=standard A=10616:com.tfmonochrome.android}}} m=OPEN f=NONE leash=Surface(name=Task=4756)/@0xb34ac00 sb=Rect(0, 0 - 1272, 2772) eb=Rect(0, 0 - 1272, 2772) epz=Point(1272, 2772) d=0 taskParent=-1},{WCT{RemoteToken{fe7353 Task{e154f06 #1 type=home}}} m=TO_BACK f=SHOW_WALLPAPER leash=Surface(name=Task=1)/@0xfe2690e sb=Rect(0, 0 - 1272, 2772) eb=Rect(0, 0 - 1272, 2772) epz=Point(1272, 2772) d=0 taskParent=-1}] 
03-18 00:18:39.866  3840  4066 D OplusTransitionController: extendInfo=[
03-18 00:18:39.866  3840  4066 D OplusTransitionController:  OplusTransitionExtendedInfo{mTmpFinishT=null, mInOplusCompatMode=false, mIsProcessRunning=false, mHasMismatchBoundsTarget=false, mRecentsController=null, mRemoteTransition=null, mIsTranslucentActivityToHome=false, mAvoidInterceptKeyEventToHome=false, mIsFromHome=true, mParentLeash=null, mBackAnimClosingLeash=null, mIsOplusAnimRes=false, mKeepBgForContinuous=false, mIsBalAllow=false, mTaskNotInRecent=false, mIsPredictiveBackAnim=false, mIsMergedWithPredictive=false, mIsLaunchFromSpruce=false, mIsLaunchFromDrive=false, mGlobalSearchPageSwitch=false, mNeedNoAlphaGlobalSearchScene=false, mAssistScreenShowing=false, mSwipeUpBrowserScreenShowing=false, mUserIdTransition=0
03-18 00:18:39.866  3840  4066 D OplusTransitionController: , mInRemoteScene=false, mInPreReady=true, mPreStart=false, mToken=Token{e9962cf TransitionRecord{678befb id=5027 track=0 type=OPEN flags=0x0 state=2 c=[
03-18 00:18:39.866  3840  4066 D OplusTransitionController:    ChangeInfo{cbbfb18 container=ActivityRecord{26699759 u0 com.android.launcher/.Launcher t4308} flags=0x0}
03-18 00:18:39.866  3840  4066 D OplusTransitionController:    ChangeInfo{f1b6971 container=OneHanded:0:14@53193943 flags=0x0}
03-18 00:18:39.866  3840  4066 D OplusTransitionController:    ChangeInfo{7328356 container=Task{685793d #4756 type=standard A=10616:com.tfmonochrome.android} flags=0x10}
03-18 00:18:39.866  3840  4066 D OplusTransitionController:    ChangeInfo{f0a4fd7 container=WallpaperWindowToken{a0ad1ea showWhenLocked=true} flags=0x0}
03-18 00:18:39.866  3840  4066 D OplusTransitionController:    ChangeInfo{301b0c4 container=Display{#0 state=ON size=1272x2772 ROTATION_0} flags=0x0}
03-18 00:18:39.866  3840  4066 D OplusTransitionController:    ChangeInfo{72c2bad container=WallpaperWindowToken{cad1aaf showWhenLocked=false} flags=0x0}
03-18 00:18:39.866  3840  4066 D OplusTransitionController:    ChangeInfo{7eb7ee2 container=Task{e154f06 #1 type=home} flags=0x10}
03-18 00:18:39.866  3840  4066 D OplusTransitionController:    ChangeInfo{4ba1273 container=ActivityRecord{249668774 u0 com.tfmonochrome.android/.ui.MainActivity t4756} flags=0x0}
03-18 00:18:39.866  3840  4066 D OplusTransitionController:    ChangeInfo{ccb1530 container=DefaultTaskDisplayArea@261315640 flags=0x0}
03-18 00:18:39.866  3840  4066 D OplusTransitionController:    ChangeInfo{60cd5a9 container=Task{f9c940b #4308 type=home I=com.android.launcher/.Launcher} flags=0x10}
03-18 00:18:39.866  3840  4066 D OplusTransitionController: ]
03-18 00:18:39.866  3840  4066 D OplusTransitionController: }}, mAbortByRemoteFromHome=false, mShellApplyToken=null, mRequestTransitionTaskId=4756, mAbortTransitionOnShell=0, mStartFromShortcut=false, mRemovedTaskId=-1, mTransitionInterruptType=0, mMergeSecondTaskId=-1, mTaskIdStartFromRecents=0, mTransitionId=5027, mCanUseSpringSlideAnim=false, mTransitionLaunchFrom=0, mFoldChangeType=-1, mAnimStartingPosition=[0, 0, 0, 0], mIsOpeningStkDialogActivity=false, mSecondaryHomeToFrontWhenUnFolding=false, mIsNeedApplyStartTForEmbedded=false
03-18 00:18:39.866  3840  4066 D OplusTransitionController: , mNeedCanvasExitAnim=false, mMergeSecondTaskAnimation=false, mIsLaunchUnityStart=false, mIsLaunchFromAssistantByDefault=false, mSkipRemoteTransitionfalse, mIsStartFromKeyguard=false flags=0x0, mWCT=null, mIsOpenMergeToInValidPredictive=false}]}, targets : [ChangeInfo{7328356 container=Task{685793d #4756 type=standard A=10616:com.tfmonochrome.android} flags=0x10}, ChangeInfo{7eb7ee2 container=Task{e154f06 #1 type=home} flags=0x10}], participants: {ActivityRecord{26699759 u0 com.android.launcher/.Launcher t4308}, Task{685793d #4756 type=standard A=10616:com.tfmonochrome.android}, WallpaperWindowToken{a0ad1ea showWhenLocked=true}, WallpaperWindowToken{cad1aaf showWhenLocked=false}, ActivityRecord{249668774 u0 com.tfmonochrome.android/.ui.MainActivity t4756}}
03-18 00:18:39.866 18336 22169 V WindowManagerShell: onTransitionReady(transaction=16492674890191)
03-18 00:18:39.867 18336 18358 V WindowManagerShell: onTransitionReady (#5027) android.os.BinderProxy@eef323b: {id=5027 t=OPEN f=0x0 trk=0 r=[0@Point(0, 0)] c=[
03-18 00:18:39.867 18336 18358 V WindowManagerShell:         {m=OPEN f=NONE leash=Surface(name=Task=4756)/@0x23fd07a sb=Rect(0, 0 - 1272, 2772) eb=Rect(0, 0 - 1272, 2772) epz=Point(1272, 2772) d=0 taskParent=-1},
03-18 00:18:39.867 18336 18358 V WindowManagerShell:         {m=TO_BACK f=SHOW_WALLPAPER leash=Surface(name=Task=1)/@0xf0d202b sb=Rect(0, 0 - 1272, 2772) eb=Rect(0, 0 - 1272, 2772) epz=Point(1272, 2772) d=0 taskParent=-1}
03-18 00:18:39.867 18336 18358 V WindowManagerShell:     ] 
03-18 00:18:39.867 18336 18358 V WindowManagerShell: extendInfo=[
03-18 00:18:39.867 18336 18358 V WindowManagerShell:  OplusTransitionExtendedInfo{mTmpFinishT=null, mInOplusCompatMode=false, mIsProcessRunning=false, mHasMismatchBoundsTarget=false, mRecentsController=null, mRemoteTransition=null, mIsTranslucentActivityToHome=false, mAvoidInterceptKeyEventToHome=false, mIsFromHome=true, mParentLeash=null, mBackAnimClosingLeash=null, mIsOplusAnimRes=false, mKeepBgForContinuous=false, mIsBalAllow=false, mTaskNotInRecent=false, mIsPredictiveBackAnim=false, mIsMergedWithPredictive=false, mIsLaunchFromSpruce=false, mIsLaunchFromDrive=false, mGlobalSearchPageSwitch=false, mNeedNoAlphaGlobalSearchScene=false, mAssistScreenShowing=false, mSwipeUpBrowserScreenShowing=false, mUserIdTransition=0
03-18 00:18:39.867 18336 18358 V WindowManagerShell: , mInRemoteScene=false, mInPreReady=true, mPreStart=false, mToken=android.os.BinderProxy@eef323b, mAbortByRemoteFromHome=false, mShellApplyToken=null, mRequestTransitionTaskId=4756, mAbortTransitionOnShell=0, mStartFromShortcut=false, mRemovedTaskId=-1, mTransitionInterruptType=0, mMergeSecondTaskId=-1, mTaskIdStartFromRecents=0, mTransitionId=5027, mCanUseSpringSlideAnim=false, mTransitionLaunchFrom=0, mFoldChangeType=-1, mAnimStartingPosition=[0, 0, 0, 0], mIsOpeningStkDialogActivity=false, mSecondaryHomeToFrontWhenUnFolding=false, mIsNeedApplyStartTForEmbedded=false
03-18 00:18:39.867 18336 18358 V WindowManagerShell: , mNeedCanvasExitAnim=false, mMergeSecondTaskAnimation=false, mIsLaunchUnityStart=false, mIsLaunchFromAssistantByDefault=false, mSkipRemoteTransitionfalse, mIsStartFromKeyguard=false flags=0x0, mWCT=null, mIsOpenMergeToInValidPredictive=false}]}
03-18 00:18:39.867  3840  5914 D CoreBackPreview: Window{914d2f4 u0 Splash Screen com.tfmonochrome.android}: Setting back callback OnBackInvokedCallbackInfo{mCallback=android.window.IOnBackInvokedCallback$Stub$Proxy@2867451, mPriority=0, mIsAnimationCallback=false, mOverrideBehavior=0}
03-18 00:18:39.867 18336 18358 V WindowManagerShell: Transition (#5027) android.os.BinderProxy@eef323b@0 ready while (#5026) android.os.BinderProxy@6656a5b@0 is still animating. Notify the animating transition in case they can be merged
03-18 00:18:39.867 18336 18358 V WindowManagerShell:    Merge into remote: RemoteTransition { remoteTransition = android.window.IRemoteTransition$Stub$Proxy@55852b7, appThread = android.app.IApplicationThread$Stub$Proxy@592a24, debugName = QuickstepLaunchHome }
03-18 00:18:39.867 18336 18358 D ShellContinuousTransitionController: ifMergeIntoRemote, transiton 5027 is remote, do not merge into remote.
03-18 00:18:39.868  3840  4066 I TaskOrganizerController: onTaskInfoChanged taskid 4756 config { mBounds=Rect(0, 0 - 1272, 2772) mAppBounds=Rect(0, 0 - 1272, 2772) mMaxBounds=Rect(0, 0 - 1272, 2772) mDisplayRotation=ROTATION_0 mWindowingMode=fullscreen mActivityType=standard mAlwaysOnTop=undefined mRotation=ROTATION_0}
03-18 00:18:39.868  3840  4066 D OplusFlexibleDragToSplitAnimController: visibleFlexibleTaskInfos delete:4756
03-18 00:18:39.868  3840  4066 E FlexibleWindowManagerService: notifyTaskObserverToAttachController not need to notify!
03-18 00:18:39.868  3840  4066 I FlexibleWindowManagerService: onFlexibleWindowTaskInfoChanged, return for cur task not embedded
03-18 00:18:39.868  3840  4062 V WindowManager: Sent Transition (#5027) createdAt=03-18 00:18:39.851 via request=TransitionRequestInfo { type = OPEN, triggerTask = TaskInfo{userId=0 taskId=4756 effectiveUid=10616 displayId=0 isRunning=true baseIntent=Intent { act=android.intent.action.MAIN cat=[android.intent.category.LAUNCHER] flg=0x10200000 cmp=com.tfmonochrome.android/.ui.MainActivity mCallingUid=10259 } baseActivity=ComponentInfo{com.tfmonochrome.android/com.tfmonochrome.android.ui.MainActivity} topActivity=ComponentInfo{com.tfmonochrome.android/com.tfmonochrome.android.ui.MainActivity} origActivity=null realActivity=ComponentInfo{com.tfmonochrome.android/com.tfmonochrome.android.ui.MainActivity}
03-18 00:18:39.868  3840  4062 V WindowManager:  numActivities=1 lastActiveTime=366260600 supportsSplitScreenMultiWindow=true supportsMultiWindow=true supportsPocketStudioMultiWindow=true isInFlexibleEmbedded = false uid = 10616 pid = 0 resizeMode=1 isResizeable=true minWidth=-1 minHeight=-1 defaultMinSize=220 token=WCT{RemoteToken{646a72e Task{685793d #4756 type=standard A=10616:com.tfmonochrome.android}}} topActivityType=1 pictureInPictureParams=null shouldDockBigOverlays=false launchIntoPipHostTaskId=-1 lastParentTaskIdBeforePip=-1 displayCutoutSafeInsets=Rect(0, 141 - 0, 0)
03-18 00:18:39.868  3840  4062 V WindowManager:  topActivityInfo=ActivityInfo{956db com.tfmonochrome.android.ui.MainActivity} launchCookies=[android.os.BinderProxy@4d2e578] positionInParent=Point(0, 0) parentTaskId=-1 isFocused=false isVisible=false isVisibleRequested=true isTopActivityNoDisplay=false isSleeping=false locusId=null displayAreaFeatureId=1 isTopActivityTransparent=false isActivityStackTransparent=false lastNonFullscreenBounds=Rect(323, 796 - 949, 2068) capturedLink=null capturedLinkTimestamp=0 requestedVisibleTypes=-9 topActivityRequestOpenInBrowserEducationTimestamp=0
03-18 00:18:39.868  3840  4062 V WindowManager:  appCompatTaskInfo=AppCompatTaskInfo { topActivityInSizeCompat=false topActivityInOplusCompatMode=false eligibleForLetterboxEducation= false isLetterboxEducationEnabled= false isLetterboxDoubleTapEnabled= false eligibleForUserAspectRatioButton= false topActivityBoundsLetterboxed= false isFromLetterboxDoubleTap= false topActivityLetterboxVerticalPosition= -1 topActivityLetterboxHorizontalPosition= -1 topActivityLetterboxWidth=-1 topActivityLetterboxHeight=-1 topActivityAppBounds=Rect(0, 141 - 1272, 2724) isUserFullscreenOverrideEnabled=false isSystemFullscreenOverrideEnabled=false hasMinAspectRatioOverride=false topActivityLetterboxBounds=null cameraCompatTaskInfo=CameraCompatTaskInfo { freeformCameraCompatMode=inactive}} topActivityMainWindowFrame=null topActivityLetterboxInsets=Rect(0, 0 - 0, 0)
03-18 00:18:39.868  3840  4062 V WindowManager:  mOplusExtraBundle = Bundle[{androidx.flexible.taskFrame=Rect(0, 0 - 0, 0), androidx.flexible.Alpha=1.0, androidx.activity.task.attach.blur=0, androidx.activity.LaunchInsensible=0, androidx.activity.LaunchCornerRadius=0, key_flexible_task_state=0, topActivitySupportAppInnerSplit=false, key_flexible_task_animating_type=-1, key_flexible_task_root_activity_processname=com.tfmonochrome.android, androidx.activity.LaunchScenario=0, is_oplus_clone_task=false, flexible_super_mini_state=false, topRunningActivityHash=249668774, androidx.activity.LaunchScale=1.0, androidx.activity.LaunchShadowRadius=0, is_transient_hide_for_task_info=false, key_flexible_task_root_activity_pid=0, key_flexible_task_root_activity_uid=10616}]}, pipChange = null, remoteTransition = RemoteTransition { remoteTransition = android.window.IRemoteTransition$Stub$Proxy@25664b6, appThread = android.app.IApplicationThread$Stub$Proxy@c3c85b7, debugName = QuickstepLaunch }, displayChange = null, flags = 0, debugId = 5027 }
03-18 00:18:39.869  3840  4062 V WindowManager:     startWCT=WindowContainerTransaction { changes= {} hops= [] errorCallbackToken=null taskFragmentOrganizer=null }
03-18 00:18:39.869  3840  4062 V WindowManager:     info={id=5027 t=OPEN f=0x0 trk=0 r=[0@Point(0, 0)] c=[
03-18 00:18:39.869  3840  4062 V WindowManager:         {WCT{RemoteToken{646a72e Task{685793d #4756 type=standard A=10616:com.tfmonochrome.android}}} m=OPEN f=NONE leash=Surface(name=Task=4756)/@0xb34ac00 sb=Rect(0, 0 - 1272, 2772) eb=Rect(0, 0 - 1272, 2772) epz=Point(1272, 2772) d=0 taskParent=-1},
03-18 00:18:39.869  3840  4062 V WindowManager:         {WCT{RemoteToken{fe7353 Task{e154f06 #1 type=home}}} m=TO_BACK f=SHOW_WALLPAPER leash=Surface(name=Task=1)/@0xfe2690e sb=Rect(0, 0 - 1272, 2772) eb=Rect(0, 0 - 1272, 2772) epz=Point(1272, 2772) d=0 taskParent=-1}
03-18 00:18:39.869  3840  4062 V WindowManager:     ] 
03-18 00:18:39.869  3840  4062 V WindowManager: extendInfo=[
03-18 00:18:39.869  3840  4062 V WindowManager:  OplusTransitionExtendedInfo{mTmpFinishT=null, mInOplusCompatMode=false, mIsProcessRunning=false, mHasMismatchBoundsTarget=false, mRecentsController=null, mRemoteTransition=null, mIsTranslucentActivityToHome=false, mAvoidInterceptKeyEventToHome=false, mIsFromHome=true, mParentLeash=null, mBackAnimClosingLeash=null, mIsOplusAnimRes=false, mKeepBgForContinuous=false, mIsBalAllow=false, mTaskNotInRecent=false, mIsPredictiveBackAnim=false, mIsMergedWithPredictive=false, mIsLaunchFromSpruce=false, mIsLaunchFromDrive=false, mGlobalSearchPageSwitch=false, mNeedNoAlphaGlobalSearchScene=false, mAssistScreenShowing=false, mSwipeUpBrowserScreenShowing=false, mUserIdTransition=0
03-18 00:18:39.869  3840  4062 V WindowManager: , mInRemoteScene=false, mInPreReady=true, mPreStart=false, mToken=Token{e9962cf TransitionRecord{678befb id=5027 track=0 type=OPEN flags=0x0 state=2 c=[
03-18 00:18:39.869  3840  4062 V WindowManager:    ChangeInfo{cbbfb18 container=ActivityRecord{26699759 u0 com.android.launcher/.Launcher t4308} flags=0x0}
03-18 00:18:39.869  3840  4062 V WindowManager:    ChangeInfo{f1b6971 container=OneHanded:0:14@53193943 flags=0x0}
03-18 00:18:39.869  3840  4062 V WindowManager:    ChangeInfo{7328356 container=Task{685793d #4756 type=standard A=10616:com.tfmonochrome.android} flags=0x10}
03-18 00:18:39.869  3840  4062 V WindowManager:    ChangeInfo{f0a4fd7 container=WallpaperWindowToken{a0ad1ea showWhenLocked=true} flags=0x0}
03-18 00:18:39.869  3840  4062 V WindowManager:    ChangeInfo{301b0c4 container=Display{#0 state=ON size=1272x2772 ROTATION_0} flags=0x0}
03-18 00:18:39.869  3840  4062 V WindowManager:    ChangeInfo{72c2bad container=WallpaperWindowToken{cad1aaf showWhenLocked=false} flags=0x0}
03-18 00:18:39.869  3840  4062 V WindowManager:    ChangeInfo{7eb7ee2 container=Task{e154f06 #1 type=home} flags=0x10}
03-18 00:18:39.869  3840  4062 V WindowManager:    ChangeInfo{4ba1273 container=ActivityRecord{249668774 u0 com.tfmonochrome.android/.ui.MainActivity t4756} flags=0x0}
03-18 00:18:39.869  3840  4062 V WindowManager:    ChangeInfo{ccb1530 container=DefaultTaskDisplayArea@261315640 flags=0x0}
03-18 00:18:39.869  3840  4062 V WindowManager:    ChangeInfo{60cd5a9 container=Task{f9c940b #4308 type=home I=com.android.launcher/.Launcher} flags=0x10}
03-18 00:18:39.869  3840  4062 V WindowManager: ]
03-18 00:18:39.869  3840  4062 V WindowManager: }}, mAbortByRemoteFromHome=false, mShellApplyToken=null, mRequestTransitionTaskId=4756, mAbortTransitionOnShell=0, mStartFromShortcut=false, mRemovedTaskId=-1, mTransitionInterruptType=0, mMergeSecondTaskId=-1, mTaskIdStartFromRecents=0, mTransitionId=5027, mCanUseSpringSlideAnim=false, mTransitionLaunchFrom=0, mFoldChangeType=-1, mAnimStartingPosition=[0, 0, 0, 0], mIsOpeningStkDialogActivity=false, mSecondaryHomeToFrontWhenUnFolding=false, mIsNeedApplyStartTForEmbedded=false
03-18 00:18:39.869  3840  4062 V WindowManager: , mNeedCanvasExitAnim=false, mMergeSecondTaskAnimation=false, mIsLaunchUnityStart=false, mIsLaunchFromAssistantByDefault=false, mSkipRemoteTransitionfalse, mIsStartFromKeyguard=false flags=0x0, mWCT=null, mIsOpenMergeToInValidPredictive=false}]}
03-18 00:18:39.869  3840  4001 I WindowManager: Window{914d2f4 u0 Splash Screen com.tfmonochrome.android} state from DRAW_PENDING to COMMIT_DRAW_PENDING; reason: finishDrawingLocked
03-18 00:18:39.869 18336 18391 W VRI[android]: handleResized, msg:, frameChanged:false, configChanged:false, displayChanged:false, attachedFrameChanged:false, compatScaleChanged:false, pendingDragResizing=false
03-18 00:18:39.870  3840  4066 I WindowManager: Window{914d2f4 u0 Splash Screen com.tfmonochrome.android} state from COMMIT_DRAW_PENDING to READY_TO_SHOW; reason: commitFinishDrawingLocked
03-18 00:18:39.870  3840  4066 D ActivityTaskManager: onStartingWindowDrawn: app=null, mStartingData=SplashScreenStartingData{ab56492 removeAfterTransaction= 0}, finishing=false,mLaunchedFromBubble=false, mVisibleRequested=true, mDisplayContent=Display{#0 state=ON size=1272x2772 ROTATION_0}, isZoomMode=false
03-18 00:18:39.870  3840  4001 D QuickBackInputPolicy: setInterceptInputKeyStatus, enable=true, enableFlag=1, inputCallback=android.window.IRemoteTransitionInputCallback$Stub$Proxy@2c8eb90
03-18 00:18:39.870  3840  4066 I WindowManager: Window{914d2f4 u0 Splash Screen com.tfmonochrome.android} state from READY_TO_SHOW to HAS_DRAWN; reason: performShowLocked
03-18 00:18:39.871  3840  5914 D VRR [OPlusRefreshRateService]:  HandleSetAppFrameRate [ 0 , com.tfmonochrome.android , false , version-1 ]
03-18 00:18:39.871  3840  4001 D VRR [OPlusRefreshRateService]:  HandleSetAppFrameRate [ 0 , com.tfmonochrome.android , false , version-1 ]
03-18 00:18:39.872 18336 18358 V WindowManagerShell: Transition animation finished (aborted=false), notifying core (#5026) android.os.BinderProxy@6656a5b@0
03-18 00:18:39.872 18336 18358 D SplitScreen-->AppLockManager: setStartFromSafeControl mStartFromSafeControl=false
03-18 00:18:39.872  3840  4001 D OplusWallpaperAnimationManager: cancelSurfaceAnimation reason: play_animation, isAnimating: true, by window: Window{7277bfe u0 com.android.launcher/com.android.launcher.Launcher}
03-18 00:18:39.872  3840  4001 D OplusWallpaperAnimationManager: startScaleAnimation frame: Rect(0, 0 - 1272, 2772) parentFrame: Rect(0, 0 - 1272, 2772) from: 1.0107201 to: 1.2 duration: 650 mTargetZoom: -1.0 targetZoom: -1.0 by window: Window{7277bfe u0 com.android.launcher/com.android.launcher.Launcher}
03-18 00:18:39.872  3840  4067 D OplusWallpaperSurfaceAnimation: setAnimationState curState: INTERRUPT
03-18 00:18:39.872  3840  4067 D OplusWallpaperAnimationManager: onAnimationCancel
03-18 00:18:39.872  3840  4067 D OplusWallpaperSurfaceAnimation: resetEnable curState: INTERRUPT
03-18 00:18:39.872  3840  4067 D OplusWallpaperSurfaceAnimation: setAnimationState curState: INITIALIZED
03-18 00:18:39.872  3840  4067 D OplusWallpaperAnimationManager: onAnimationStart
03-18 00:18:39.872  3840  4067 D OplusWallpaperAnimationManager: setSkipUpdateWallpaperPosition skip: true, wallpaper: Window{d4d7aed u0 com.android.systemui.wallpapers.ImageWallpaper}
03-18 00:18:39.872  3840  4067 D OplusWallpaperSurfaceAnimation: setAnimationState curState: STARTED
03-18 00:18:39.872  3840  5874 D Transition: finishTransition ar ActivityRecord{26699759 u0 com.android.launcher/.Launcher t4308}, isVisibleRequested=false, state=PAUSED, visibleAtTransitionEndTokens={ActivityRecord{26699759 u0 com.android.launcher/.Launcher t4308}}, this=TransitionRecord{8897e9 id=5026 track=0 type=CLOSE flags=0x10 state=2 c=[
03-18 00:18:39.872  3840  5874 D Transition:    ChangeInfo{fa7dc6e container=ActivityRecord{26699759 u0 com.android.launcher/.Launcher t4308} flags=0x0}
03-18 00:18:39.872  3840  5874 D Transition:    ChangeInfo{1ef5096 container=Task{30ac24c #4755 type=standard A=10616:com.tfmonochrome.android} flags=0x10}
03-18 00:18:39.872  3840  5874 D Transition:    ChangeInfo{ab68f0f container=OneHanded:0:14@53193943 flags=0x0}
03-18 00:18:39.872  3840  5874 D Transition:    ChangeInfo{3ebab9c container=ActivityRecord{99037657 u0 com.tfmonochrome.android/.ui.MainActivity t4755 f} isExiting} flags=0x0}
03-18 00:18:39.872  3840  5874 D Transition:    ChangeInfo{49c9a5 container=Display{#0 state=ON size=1272x2772 ROTATION_0} flags=0x0}
03-18 00:18:39.872  3840  5874 D Transition:    ChangeInfo{f4223b1 container=Task{e154f06 #1 type=home} flags=0x30}
03-18 00:18:39.872  3840  5874 D Transition:    ChangeInfo{579517a container=DefaultTaskDisplayArea@261315640 flags=0x0}
03-18 00:18:39.872  3840  5874 D Transition:    ChangeInfo{9d70d2b container=Task{f9c940b #4308 type=home I=com.android.launcher/.Launcher} flags=0x30}
03-18 00:18:39.872  3840  5874 D Transition: ]
03-18 00:18:39.872  3840  5874 D Transition: }
03-18 00:18:39.873  3840  5874 D ContinuousTransitionController: when TransitionRecord{8897e9 id=5026 track=0 type=CLOSE flags=0x10 state=2 c=[
03-18 00:18:39.873  3840  5874 D ContinuousTransitionController:    ChangeInfo{fa7dc6e container=ActivityRecord{26699759 u0 com.android.launcher/.Launcher t4308} flags=0x0}
03-18 00:18:39.873  3840  5874 D ContinuousTransitionController:    ChangeInfo{1ef5096 container=Task{30ac24c #4755 type=standard A=10616:com.tfmonochrome.android} flags=0x10}
03-18 00:18:39.873  3840  5874 D ContinuousTransitionController:    ChangeInfo{ab68f0f container=OneHanded:0:14@53193943 flags=0x0}
03-18 00:18:39.873  3840  5874 D ContinuousTransitionController:    ChangeInfo{3ebab9c container=ActivityRecord{99037657 u0 com.tfmonochrome.android/.ui.MainActivity t4755 f} isExiting} flags=0x0}
03-18 00:18:39.873  3840  5874 D ContinuousTransitionController:    ChangeInfo{49c9a5 container=Display{#0 state=ON size=1272x2772 ROTATION_0} flags=0x0}
03-18 00:18:39.873  3840  5874 D ContinuousTransitionController:    ChangeInfo{f4223b1 container=Task{e154f06 #1 type=home} flags=0x30}
03-18 00:18:39.873  3840  5874 D ContinuousTransitionController:    ChangeInfo{579517a container=DefaultTaskDisplayArea@261315640 flags=0x0}
03-18 00:18:39.873  3840  5874 D ContinuousTransitionController:    ChangeInfo{9d70d2b container=Task{f9c940b #4308 type=home I=com.android.launcher/.Launcher} flags=0x30}
03-18 00:18:39.873  3840  5874 D ContinuousTransitionController: ]
03-18 00:18:39.873  3840  5874 D ContinuousTransitionController: } finished;ActivityRecord{26699759 u0 com.android.launcher/.Launcher t4308} in playing TransitionRecord{678befb id=5027 track=0 type=OPEN flags=0x0 state=2 c=[
03-18 00:18:39.873  3840  5874 D ContinuousTransitionController:    ChangeInfo{cbbfb18 container=ActivityRecord{26699759 u0 com.android.launcher/.Launcher t4308} flags=0x0}
03-18 00:18:39.873  3840  5874 D ContinuousTransitionController:    ChangeInfo{f1b6971 container=OneHanded:0:14@53193943 flags=0x0}
03-18 00:18:39.873  3840  5874 D ContinuousTransitionController:    ChangeInfo{7328356 container=Task{685793d #4756 type=standard A=10616:com.tfmonochrome.android} flags=0x10}
03-18 00:18:39.873  3840  5874 D ContinuousTransitionController:    ChangeInfo{f0a4fd7 container=WallpaperWindowToken{a0ad1ea showWhenLocked=true} flags=0x0}
03-18 00:18:39.873  3840  5874 D ContinuousTransitionController:    ChangeInfo{301b0c4 container=Display{#0 state=ON size=1272x2772 ROTATION_0} flags=0x0}
03-18 00:18:39.873  3840  5874 D ContinuousTransitionController:    ChangeInfo{72c2bad container=WallpaperWindowToken{cad1aaf showWhenLocked=false} flags=0x0}
03-18 00:18:39.873  3840  5874 D ContinuousTransitionController:    ChangeInfo{7eb7ee2 container=Task{e154f06 #1 type=home} flags=0x10}
03-18 00:18:39.873  3840  5874 D ContinuousTransitionController:    ChangeInfo{4ba1273 container=ActivityRecord{249668774 u0 com.tfmonochrome.android/.ui.MainActivity t4756} flags=0x0}
03-18 00:18:39.873  3840  5874 D ContinuousTransitionController:    ChangeInfo{ccb1530 container=DefaultTaskDisplayArea@261315640 flags=0x0}
03-18 00:18:39.873  3840  5874 D ContinuousTransitionController:    ChangeInfo{60cd5a9 container=Task{f9c940b #4308 type=home I=com.android.launcher/.Launcher} flags=0x10}
03-18 00:18:39.873  3840  5874 D ContinuousTransitionController: ]
03-18 00:18:39.873  3840  5874 D ContinuousTransitionController: }; so set visibleAtTransitionEnd true avoid commit visibility, merged:[]
03-18 00:18:39.873  3840  5874 D Transition: finishTransition ar ActivityRecord{99037657 u0 com.tfmonochrome.android/.ui.MainActivity t4755 f} isExiting}, isVisibleRequested=false, state=DESTROYED, visibleAtTransitionEndTokens={ActivityRecord{26699759 u0 com.android.launcher/.Launcher t4308}}, this=TransitionRecord{8897e9 id=5026 track=0 type=CLOSE flags=0x10 state=2 c=[
03-18 00:18:39.873  3840  5874 D Transition:    ChangeInfo{fa7dc6e container=ActivityRecord{26699759 u0 com.android.launcher/.Launcher t4308} flags=0x0}
03-18 00:18:39.873  3840  5874 D Transition:    ChangeInfo{1ef5096 container=Task{30ac24c #4755 type=standard A=10616:com.tfmonochrome.android} flags=0x10}
03-18 00:18:39.873  3840  5874 D Transition:    ChangeInfo{ab68f0f container=OneHanded:0:14@53193943 flags=0x0}
03-18 00:18:39.873  3840  5874 D Transition:    ChangeInfo{3ebab9c container=ActivityRecord{99037657 u0 com.tfmonochrome.android/.ui.MainActivity t4755 f} isExiting} flags=0x0}
03-18 00:18:39.873  3840  5874 D Transition:    ChangeInfo{49c9a5 container=Display{#0 state=ON size=1272x2772 ROTATION_0} flags=0x0}
03-18 00:18:39.873  3840  5874 D Transition:    ChangeInfo{f4223b1 container=Task{e154f06 #1 type=home} flags=0x30}
03-18 00:18:39.873  3840  5874 D Transition:    ChangeInfo{579517a container=DefaultTaskDisplayArea@261315640 flags=0x0}
03-18 00:18:39.873  3840  5874 D Transition:    ChangeInfo{9d70d2b container=Task{f9c940b #4308 type=home I=com.android.launcher/.Launcher} flags=0x30}
03-18 00:18:39.873  3840  5874 D Transition: ]
03-18 00:18:39.873  3840  5874 D Transition: }
03-18 00:18:39.873  3840  5874 D ActivityTaskManager: commitVisibility: ActivityRecord{99037657 u0 com.tfmonochrome.android/.ui.MainActivity t4755 f} isExiting}: visible=false visibleRequested=false, isInTransition=false 
03-18 00:18:39.873  3840  5874 D WindowManager: NFW_setClientVisible:ActivityRecord{99037657 u0 com.tfmonochrome.android/.ui.MainActivity t4755 f} isExiting} clientVisible:false
03-18 00:18:39.873  3840  4087 I ActivityManager: Start proc 30731:com.tfmonochrome.android/u0a616 for top-activity {com.tfmonochrome.android/com.tfmonochrome.android.ui.MainActivity}
03-18 00:18:39.873  3840  5874 I OplusAppSwitchManagerService:  handleAppVisible , r = ActivityRecord{26699759 u0 com.android.launcher/.Launcher t4308}
03-18 00:18:39.873  3840  5874 D ActivityTaskManager: removeAppToken: ActivityRecord{99037657 u0 com.tfmonochrome.android/.ui.MainActivity t4755 f}} delayed=true parent=Task{30ac24c #4755 type=standard A=10616:com.tfmonochrome.android} animating=true Callers=com.android.server.wm.ActivityRecord.removeImmediately:5363 com.android.server.wm.WindowToken.removeIfPossible:267 com.android.server.wm.WindowToken.handleCompleteDeferredRemoval:273 com.android.server.wm.WindowContainer.handleCompleteDeferredRemoval:1646 
03-18 00:18:39.874  3840  5874 D OplusMirageWindowManagerService: onTaskRemoved displayid:0 taskId:4755 callers:com.android.server.wm.MirageWindowManagerExtImpl.onTaskRemoved:47 com.android.server.wm.TaskDisplayArea.removeChildTask:391 com.android.server.wm.TaskDisplayArea.removeChild:380 com.android.server.wm.WindowContainer.removeImmediately:1098 com.android.server.wm.TaskFragment.removeImmediately:3761 
03-18 00:18:39.874  3840  4575 I MemoryOperationUtils: add 30731 to com.tfmonochrome.android
03-18 00:18:39.874  3840  5874 I OplusScreenSecurityMask: onStackRemoved task = Task{30ac24c #4755 type=standard A=10616:com.tfmonochrome.android} record = null displayId = 0
03-18 00:18:39.874  3840  5874 D OplusTransitionController: finishTransition, transition: TransitionRecord{8897e9 id=5026 track=0 type=CLOSE flags=0x10 state=4 c=[
03-18 00:18:39.874  3840  5874 D OplusTransitionController:    ChangeInfo{fa7dc6e container=ActivityRecord{26699759 u0 com.android.launcher/.Launcher t4308} flags=0x0}
03-18 00:18:39.874  3840  5874 D OplusTransitionController:    ChangeInfo{1ef5096 container=Task{30ac24c #4755 type=standard A=10616:com.tfmonochrome.android} flags=0x10}
03-18 00:18:39.874  3840  5874 D OplusTransitionController:    ChangeInfo{ab68f0f container=OneHanded:0:14@53193943 flags=0x0}
03-18 00:18:39.874  3840  5874 D OplusTransitionController:    ChangeInfo{3ebab9c container=ActivityRecord{99037657 u0 com.tfmonochrome.android/.ui.MainActivity t-1 f}} flags=0x0}
03-18 00:18:39.874  3840  5874 D OplusTransitionController:    ChangeInfo{49c9a5 container=Display{#0 state=ON size=1272x2772 ROTATION_0} flags=0x0}
03-18 00:18:39.874  3840  5874 D OplusTransitionController:    ChangeInfo{f4223b1 container=Task{e154f06 #1 type=home} flags=0x30}
03-18 00:18:39.874  3840  5874 D OplusTransitionController:    ChangeInfo{579517a container=DefaultTaskDisplayArea@261315640 flags=0x0}
03-18 00:18:39.874  3840  5874 D OplusTransitionController:    ChangeInfo{9d70d2b container=Task{f9c940b #4308 type=home I=com.android.launcher/.Launcher} flags=0x30}
03-18 00:18:39.874  3840  5874 D OplusTransitionController: ]
03-18 00:18:39.874  3840  5874 D OplusTransitionController: }
03-18 00:18:39.874  3840  5874 D FlexibleTaskTransitionController:  finishTransition pendingRecentToFlexibleTask:null,isRotationTransition:false ,pendingRecentToFlexible:null ,transition:TransitionRecord{8897e9 id=5026 track=0 type=CLOSE flags=0x10 state=4 c=[
03-18 00:18:39.874  3840  5874 D FlexibleTaskTransitionController:    ChangeInfo{fa7dc6e container=ActivityRecord{26699759 u0 com.android.launcher/.Launcher t4308} flags=0x0}
03-18 00:18:39.874  3840  5874 D FlexibleTaskTransitionController:    ChangeInfo{1ef5096 container=Task{30ac24c #4755 type=standard A=10616:com.tfmonochrome.android} flags=0x10}
03-18 00:18:39.874  3840  5874 D FlexibleTaskTransitionController:    ChangeInfo{ab68f0f container=OneHanded:0:14@53193943 flags=0x0}
03-18 00:18:39.874  3840  5874 D FlexibleTaskTransitionController:    ChangeInfo{3ebab9c container=ActivityRecord{99037657 u0 com.tfmonochrome.android/.ui.MainActivity t-1 f}} flags=0x0}
03-18 00:18:39.874  3840  5874 D FlexibleTaskTransitionController:    ChangeInfo{49c9a5 container=Display{#0 state=ON size=1272x2772 ROTATION_0} flags=0x0}
03-18 00:18:39.874  3840  5874 D FlexibleTaskTransitionController:    ChangeInfo{f4223b1 container=Task{e154f06 #1 type=home} flags=0x30}
03-18 00:18:39.874  3840  5874 D FlexibleTaskTransitionController:    ChangeInfo{579517a container=DefaultTaskDisplayArea@261315640 flags=0x0}
03-18 00:18:39.874  3840  5874 D FlexibleTaskTransitionController:    ChangeInfo{9d70d2b container=Task{f9c940b #4308 type=home I=com.android.launcher/.Launcher} flags=0x30}
03-18 00:18:39.874  3840  5874 D FlexibleTaskTransitionController: ]
03-18 00:18:39.874  3840  5874 D FlexibleTaskTransitionController: }
03-18 00:18:39.874  3840  4075 W UserAwareMgr: event can not be released, id: 5005, count: 12, releasePid: 3840
03-18 00:18:39.874 18336 18358 D ShellTaskOrganizer: onTransitionFinish, isRecent:false
03-18 00:18:39.874 18336 18358 V WindowManagerShell: Playing animation for (#5027) android.os.BinderProxy@eef323b@0
03-18 00:18:39.874 18336 18358 V WindowManagerShell:  try firstHandler com.android.wm.shell.transition.DefaultMixedHandler@ea02d0
03-18 00:18:39.874 18336 18358 V WindowManagerShell: Mixed transition for opening an intent with a remote transition and PIP or Desktop #5027
03-18 00:18:39.874 18336 18358 V WindowManagerShell: tryAnimateOpenIntentWithRemoteAndPipOrDesktop
03-18 00:18:39.874 18336 18358 V WindowManagerShell:  Delegate animation for (#5027) to RemoteTransition { remoteTransition = android.window.IRemoteTransition$Stub$Proxy@594b717, appThread = android.app.IApplicationThread$Stub$Proxy@2e52704, debugName = QuickstepLaunch }
03-18 00:18:39.875 18336 18358 V WindowManagerShell:  animated by firstHandler
03-18 00:18:39.875  3840  4063 I ActivityManager: ProcessObserver broadcast disabled
03-18 00:18:39.876  3840  4066 I WindowStateExtImpl: onSurfaceShowChange show = true mPackageName = com.tfmonochrome.android parentPkgName = com.tfmonochrome.android
03-18 00:18:39.876  3840  4066 D CoreBackPreview:  return markWindowHasDrawn mComposed: false  mWaitTransition: false
03-18 00:18:39.876  3840  4066 D OplusFlexibleWindowMinimizedManagerHelper: onTaskVanished taskInfo:4755 task:Task{30ac24c #4755 type=standard A=10616:com.tfmonochrome.android}
03-18 00:18:39.876  3840  4066 D OplusFlexibleDragToSplitAnimController: visibleFlexibleTaskInfos delete:4755
03-18 00:18:39.876  3840  4066 D FlexibleTaskController: no need releaseFlexibleCaptionView or destroyFlexibleDragLeash when non-caption-view-task vanished, task=Task{30ac24c #4755 type=standard A=10616:com.tfmonochrome.android}
03-18 00:18:39.876  3840  4066 D FlexibleWindowManagerService: notifyFlexibleTaskVanish taskId : 4755 is not taskEmbedded
03-18 00:18:39.876  3840  4066 D FlexibleWindowManagerService: onFlexibleWindowTaskVanished: task = 4755,size:0
03-18 00:18:39.876  3840  4066 D OplusFlexibleWindowMinimizedManagerHelper: onTaskVanished taskInfo:4755 task:Task{30ac24c #4755 type=standard A=10616:com.tfmonochrome.android}
03-18 00:18:39.876  3840  4066 D OplusFlexibleDragToSplitAnimController: visibleFlexibleTaskInfos delete:4755
03-18 00:18:39.876  3840  4066 D FlexibleTaskController: no need releaseFlexibleCaptionView or destroyFlexibleDragLeash when non-caption-view-task vanished, task=Task{30ac24c #4755 type=standard A=10616:com.tfmonochrome.android}
03-18 00:18:39.876  3840  4066 D FlexibleWindowManagerService: notifyFlexibleTaskVanish taskId : 4755 is not taskEmbedded
03-18 00:18:39.876  3840  4066 D FlexibleWindowManagerService: onFlexibleWindowTaskVanished: task = 4755,size:0
03-18 00:18:39.876  3840  5078 D FlexibleTaskPerformanceManager: onTaskVanished:Task{30ac24c #4755 type=standard A=10616:com.tfmonochrome.android}
03-18 00:18:39.876  3840  5078 D FlexibleTaskPerformanceManager: onTaskVanished:Task{30ac24c #4755 type=standard A=10616:com.tfmonochrome.android}
03-18 00:18:39.877 18336 18358 D FlexibleSeekBarManager: removeAlpha for taskId=4755
03-18 00:18:39.877  3840  5914 I BLASTSyncEngine: onCommitted syncId: 5027, timeout: false ran: false
03-18 00:18:39.877  3840  5914 D Transition: finishTransaction-onCommitted syncId=5026
03-18 00:18:39.881  3840  5874 D ActivityTaskManager: Skipping, invisible task: Task{f9c940b #4308 type=home I=com.android.launcher/.Launcher}
03-18 00:18:39.881  3840  5874 D OplusSplitScreenManagerService: com.android.settings unSupportsSplitScreen by blockList or ForbidActivityList
03-18 00:18:39.881  3840  5874 D OplusSplitScreenManagerService: com.android.settings unSupportsSplitScreen by blockList or ForbidActivityList
03-18 00:18:39.881  3840  5874 D ActivityTaskManager: after skip size:2,pre-Filtered:com.tfmonochrome.android # com.android.settings # 
03-18 00:18:39.887  3840  5874 D FlexibleTaskController: isFullToFlexibleAnimating: false
03-18 00:18:39.887  3840  5874 D WindowManager: rotation(ROTATION_0) no changed  displayId = 0, lastOrientation = -1
03-18 00:18:39.887  3840  5874 I TaskOrganizerController: onTaskInfoChanged taskid 4756 config { mBounds=Rect(0, 0 - 1272, 2772) mAppBounds=Rect(0, 0 - 1272, 2772) mMaxBounds=Rect(0, 0 - 1272, 2772) mDisplayRotation=ROTATION_0 mWindowingMode=fullscreen mActivityType=standard mAlwaysOnTop=undefined mRotation=ROTATION_0}
03-18 00:18:39.887  3840  5874 D OplusFlexibleDragToSplitAnimController: visibleFlexibleTaskInfos delete:4756
03-18 00:18:39.887  3840  5874 E FlexibleWindowManagerService: notifyTaskObserverToAttachController not need to notify!
03-18 00:18:39.887  3840  5874 I FlexibleWindowManagerService: onFlexibleWindowTaskInfoChanged, return for cur task not embedded
03-18 00:18:39.887  3840  5874 E OplusDexOptimizeManager: pkgSetting or primaryCpuAbi is null for package: com.tfmonochrome.android
03-18 00:18:39.888  3840  5874 D ActivityTaskManager: onWindowFocusChanged Task{685793d #4756 type=standard A=10616:com.tfmonochrome.android} would transfer to compact
03-18 00:18:39.888  3840  4075 I UserAwareMgr: handleTopAppChanged: com.tfmonochrome.android, pid: 30731, uid: 10616
03-18 00:18:39.888  3840  5874 D ActivityTaskManager: NFW_setLastResumedActivityUncheckLocked:true r:ActivityRecord{249668774 u0 com.tfmonochrome.android/.ui.MainActivity t4756} currentFocus:null
03-18 00:18:39.888  3840  5874 D WindowManager: NFW_findFocusedWindowIfNeeded:null mCurrentFocus:null
03-18 00:18:39.888  3840  5874 D FlexibleTaskController: onTaskFocusChanged prevTask:Task{f9c940b #4308 type=home I=com.android.launcher/.Launcher} ,currentTask:Task{685793d #4756 type=standard A=10616:com.tfmonochrome.android}, reason: realStartActivityLocked - onActivityStateChanged
03-18 00:18:39.888  3840  5874 D OplusFlexibleDCSManager: onNextPkgChanged pkg = com.tfmonochrome.android
03-18 00:18:39.888  3840  5874 D OplusVisibleTasks:  notifyTaskFocusChange no need.
03-18 00:18:39.889  3840  4099 E OplusThermalStats: Error getting package info: com.tfmonochrome.android
03-18 00:18:39.890  3840  4065 D FlexibleTaskController: check task which not have enough child, isInSingleWhiteList:false isCloneTask:false
03-18 00:18:39.890  3840  4930 D BackgroundInstallControlService: Package event received: 0
03-18 00:18:39.890 30731 30731 V Configuration: Updating configuration, locales updated from [] to [en_CA]
03-18 00:18:39.908 30731 30731 D ResourcesManagerExtImpl: applyConfigurationToAppResourcesLocked app.getDisplayId() return callback.displayId:-1
03-18 00:18:39.910  3840  5874 I ActivityManager: Flag disabled. Ignoring finishAttachApplication from uid: 10616. pid: 30731
03-18 00:18:39.911 30731 30731 D ResourcesManagerExtImpl: applyConfigurationToAppResourcesLocked app.getDisplayId() return callback.displayId:0
03-18 00:18:39.912 30731 30749 I DisplayManager: Choreographer implicitly registered for the refresh rate.
03-18 00:18:39.916 30731 30731 E OplusCustomizeRestrictionManager: sInstance is null, start a new sInstance
03-18 00:18:39.919  3840  4001 E ActivityManager: registerReceiver failed.
03-18 00:18:39.919 30731 30731 E TransactionExecutor: Failed to execute the transaction: tId:ClientTransaction{
