03-18 00:18:39.144  3840  4001 D WindowManager: NFW_findFocusedWindowIfNeeded:Window{7277bfe u0 com.android.launcher/com.android.launcher.Launcher} mCurrentFocus:Window{7277bfe u0 com.android.launcher/com.android.launcher.Launcher}
03-18 00:18:39.145  3840  5919 W WindowManager: Failed looking up window session=Session{b168db4 18336:u0a10262} callers=com.android.server.wm.WindowManagerService.windowForClientLocked:6993 com.android.server.wm.Session.setOnBackInvokedCallbackInfo:1072 android.view.IWindowSession$Stub.onTransact:1165 
03-18 00:18:39.145  3840  5919 I WindowManager: setOnBackInvokedCallback(): No window state for package:com.android.systemui
03-18 00:18:39.145  3840  4075 I UserAwareMgr: fg app status not changed, beforeVisible: true, currentVisible: true
03-18 00:18:39.146  3840  5919 W PackageConfigPersister: App-specific configuration not found for packageName: com.android.launcher and userId: 0
03-18 00:18:39.147  3840  5919 D ActivityTaskManager: Skipping, invisible task: Task{f9c940b #4308 type=home I=com.android.launcher/.Launcher}
03-18 00:18:39.147  3840  5919 D OplusSplitScreenManagerService: com.android.settings unSupportsSplitScreen by blockList or ForbidActivityList
03-18 00:18:39.147  3840  5919 D OplusSplitScreenManagerService: com.android.settings unSupportsSplitScreen by blockList or ForbidActivityList
03-18 00:18:39.147  3840  5919 D ActivityTaskManager: after skip size:2,pre-Filtered:com.tfmonochrome.android # com.android.settings # 
03-18 00:18:39.149  3840  5919 W WindowManager: captureTaskSnapshot mSnapshotMode= 0 source=Task{ec26a45 #4754 type=standard A=10616:com.tfmonochrome.android}
03-18 00:18:39.149  3840  5919 W WindowManager: Failed to take screenshot. No visible windows for Task{ec26a45 #4754 type=standard A=10616:com.tfmonochrome.android}
03-18 00:18:39.150  3840  5919 W ActivityTaskManager: recordSnapshot null, use getSnapshot
03-18 00:18:39.154  3840  5919 D OplusStartingWindowManager: isLayerMatchToStartingWindow error, mStartingRecords empty or inValid layerName:Splash Screen com.tfmonochrome.android#68702
03-18 00:18:39.170  3840  4075 I UserAwareMgr: event is already released: SceneEvent{id=2023, maxWorkDurationMs=2000, caller='[launcher]', eventFlags=0, fbPriority=1, keyThreads=[KeyThread{name=TaskIconCache, owner=self, schedPolicy=ux, priority=ANIMATOR, maxThreadCount=1}, KeyThread{name=TaskThumbnailCache, owner=self, schedPolicy=ux, priority=ANIMATOR, maxThreadCount=1}], vipBinderGroup=null}, callingPid: 5763, appPid: 0
03-18 00:18:39.209  3840  4065 W ActivityTaskManager: Activity top resumed state loss timeout for ActivityRecord{173546375 u0 com.tfmonochrome.android/.ui.MainActivity t-1 f}}
03-18 00:18:39.209  3840  4065 I OplusJoystickManager: handleApplicationSwitch deprecated!
03-18 00:18:39.209  3840  4065 I GameManagerServiceExt-GameManagerServiceExt: on FG change: com.tfmonochrome.android|com.android.launcher
03-18 00:18:39.209  3840  4120 D OplusAppSwitchListener: App Activity Change
03-18 00:18:39.209  3840  4120 D OplusAppSwitchListener: Detect com.tfmonochrome.android switch to background
03-18 00:18:39.209  3840  4120 D OplusFeatureReduceBrightness: onAppExit , info = com.tfmonochrome.android
03-18 00:18:39.209  3840  4120 D OplusAppSwitchListener: Detect com.android.launcher switch to foreground
03-18 00:18:39.209  3840  4120 D OplusFeatureGlobalLimitBrightness: switch to display extreme mode 
03-18 00:18:39.209  3840  5624 D OplusEapManager: mTargetExitName :com.tfmonochrome.android
03-18 00:18:39.209  3840  4122 D VRR [OPlusRefreshRateService]: handleFrontAppChange pkgName: null
03-18 00:18:39.209  3840  4116 D OplusBiometricsDisplayHelper: isFold: false, isUnblockByFp: null
03-18 00:18:39.209  5763  5763 D ResourcesManagerExtImpl: applyConfigurationToAppResourcesLocked app.getDisplayId() return callback.displayId:0
03-18 00:18:39.209  3840  5624 D OplusAppSwitchRuleInfo: generateAppEnterInfo - launch_source_type =  , launch_source_traceid = 
03-18 00:18:39.210  3840  5624 D OplusAppSwitchRuleInfo: generateAppEnterInfo - launch_source_type =  , launch_source_traceid = 
03-18 00:18:39.210  3840  5624 D OplusAppSwitchRuleInfo: generateAppEnterInfo - launch_source_type =  , launch_source_traceid = 
03-18 00:18:39.210  3840  5624 D OplusAppSwitchRuleInfo: generateAppEnterInfo - launch_source_type =  , launch_source_traceid = 
03-18 00:18:39.210  3840  5624 D OplusAppSwitchRuleInfo: generateAppEnterInfo - launch_source_type =  , launch_source_traceid = 
03-18 00:18:39.210  3840  5624 D OplusAppSwitchRuleInfo: generateAppEnterInfo - launch_source_type =  , launch_source_traceid = 
03-18 00:18:39.210  3840  4122 D VRR [OPlusRefreshRateService]: handleFrontAppChange pkgName: com.android.launcher
03-18 00:18:39.210  3840  5624 D OplusEapManager: mTargetEnterName :com.android.launcher
03-18 00:18:39.210  3840  5624 D OplusAppSwitchRuleInfo: generateAppEnterInfo - launch_source_type =  , launch_source_traceid = 
03-18 00:18:39.210  3840  5624 D OplusAppSwitchRuleInfo: generateAppEnterInfo - launch_source_type =  , launch_source_traceid = 
03-18 00:18:39.210  3840  5624 D OplusAppSwitchRuleInfo: generateAppEnterInfo - launch_source_type =  , launch_source_traceid = 
03-18 00:18:39.210  3840  5624 D OplusAppSwitchRuleInfo: generateActivityEnterInfo - launch_source_type =  , launch_source_traceid = 
03-18 00:18:39.210  3840  5624 D OplusAppSwitchRuleInfo: generateActivityEnterInfo - launch_source_type =  , launch_source_traceid = 
03-18 00:18:39.210  3840  5624 D OplusAppSwitchRuleInfo: generateActivityEnterInfo - launch_source_type =  , launch_source_traceid = 
03-18 00:18:39.210  3840  5624 D OplusAppSwitchRuleInfo: generateActivityEnterInfo - launch_source_type =  , launch_source_traceid = 
03-18 00:18:39.234  3840  4075 I UserAwareMgr: fg app status not changed, beforeVisible: true, currentVisible: true
03-18 00:18:39.235  3840  4117 D PowerManagerService: userActivityNoUpdateLocked: groupId=0, eventTime=254058338, event=touch, flags=0x0, uid=1000
03-18 00:18:39.235  3840  4117 D PowerManagerService: userActivityNoUpdateLocked: groupId=0, eventTime=254058338, event=touch, flags=0x0, uid=1000
03-18 00:18:39.364  3840  4117 D PowerManagerService: userActivityNoUpdateLocked: groupId=0, eventTime=254058467, event=touch, flags=0x0, uid=1000
03-18 00:18:39.364  3840  4117 D PowerManagerService: userActivityNoUpdateLocked: groupId=0, eventTime=254058467, event=touch, flags=0x0, uid=1000
03-18 00:18:39.365  5600  6901 I iopgp   : Iopgp: TRANSACTION_IOPGP_PRELOAD Sequence_id = 128 pkg_name = com.tfmonochrome.android uid = 10616 size = 1 isProfile = 1
03-18 00:18:39.439  3840  5919 E OplusAppQuickStart_AppQuickStartController: notifyStartActivity intent:Intent { act=android.intent.action.MAIN cat=[android.intent.category.LAUNCHER] flg=0x10200000 xflg=0x4 cmp=com.tfmonochrome.android/.ui.MainActivity bnds=[284,1617][524,1887] (has extras) }
03-18 00:18:39.439  5600  6901 I iopgp   : Iopgp: TRANSACTION_IOPGP_ON_INTENT_STARTED sequence_id = 128 pkg_name = com.tfmonochrome.android class_name = com.tfmonochrome.android.ui.MainActivity isCanTrace = 1
03-18 00:18:39.440  3840  5919 D WindowManager: NFW_setClientVisible:ActivityRecord{99037657 u0 com.tfmonochrome.android/.ui.MainActivity clientVisible:true
03-18 00:18:39.440  3840  5919 D FlexibleTaskController: isSupportFlexibleWindow target = com.tfmonochrome.android/.ui.MainActivity callPkg = FlexibleTaskController support = true ,caller = 3840
03-18 00:18:39.441  3840  5919 D ActivityStarterExtImpl: NOT BACKGROUND_START_ACTIVITY_PERMISSION FEATURE
03-18 00:18:39.441  3840  5919 D FlexibleWindowManagerService: isIgnoreAppearedAcrossTask:false
03-18 00:18:39.441  3840  5919 D FlexibleWindowManagerService: isIgnoreAppearedAcrossTask:false
03-18 00:18:39.441  3840  5919 D FlexibleTaskController: findSourceTaskForFreeForm: sourceRecord = ActivityRecord{26699759 u0 com.android.launcher/.Launcher t4308} ,realCallingPid:5763 ,launchFromZoomMode:false ,prevTopTask:Task{f9c940b #4308 type=home I=com.android.launcher/.Launcher}
03-18 00:18:39.441  3840  5919 D FlexibleTaskController: adjustOptionsForFlexibleTask not allow options follow process task's options, reason:9 ,reusedOptions:null
03-18 00:18:39.441  3840  5919 D FlexibleTaskController: isSupportFlexibleWindow target = com.tfmonochrome.android/.ui.MainActivity callPkg = FlexibleTaskController support = true ,caller = 3840
03-18 00:18:39.441  3840  5919 D FlexibleWindowManagerService: no reused task found for ActivityRecord{99037657 u0 com.tfmonochrome.android/.ui.MainActivity t-1}
03-18 00:18:39.442  3840  5919 D CompactServiceDelegate: updateDecorsManagerIfNeed return because not attachToProcess task:Task{30ac24c #4755 type=standard}
03-18 00:18:39.442  3840  5919 D CompactServiceDelegate: updateDecorsManagerIfNeed return because not attachToProcess task:Task{30ac24c #4755 type=standard}
03-18 00:18:39.443  3840  5919 D TaskExtImpl: setScenario --> 0 for #4755
03-18 00:18:39.443  3840  5919 D SecondaryPageStartupPolicy: checkSecondaryPageStartupStatus not support sourcePackage=com.android.launcher
03-18 00:18:39.444  3840  5919 D OplusStartingWindowManager: we don't revise window flags for third app
03-18 00:18:39.444  3840  5919 D ActivityTaskManager: validateStartingWindowTheme:  Pkg=com.tfmonochrome.android, Translucent=false, Floating=false, ShowWallpaper=false, Disable=false, LaunchSource=2, Prev=null, LaunchedFromPackage=com.android.launcher
03-18 00:18:39.444  3840  5919 D ActivityTaskManager: addStartingWindow for ActivityRecord{99037657 u0 com.tfmonochrome.android/.ui.MainActivity t4755}, mainWin=null, state=INITIALIZING, isKeyguardLocked=false, isKeyguardGoingAway=false
03-18 00:18:39.444  3840  5919 D ActivityTaskManager: getStartingWindowType: , newTask=true, taskSwitch=true, processRunning=false, allowTaskSnapshot=true, activityCreated=false, activityAllDrawn=false, snapshot exist: false
03-18 00:18:39.444  3840  5919 D ActivityRecordExtImpl: handleStartingWindowForCompactWindow origin type:2, adjustType : 2
03-18 00:18:39.445 18336 18391 D PhoneStartingWindowTypeAlgorithm: preferredStartingWindowType newTask=true, taskSwitch=true, processRunning=false, allowTaskSnapshot=true, activityCreated=false, isSolidColorSplashScreen=false, legacySplashScreen=false, activityDrawn=false, windowless=false, topIsHome=false
03-18 00:18:39.445 18336 18391 D OplusShellStartingWindowManager: getReviseStartingWindowType not support, windowInfo is null
03-18 00:18:39.445  3840  5919 D ActivityTaskManager: setAppVisibility(Token{5901295 ActivityRecord{99037657 u0 com.tfmonochrome.android/.ui.MainActivity t4755}}, visible=true):  visible=false mVisibleRequested=false
03-18 00:18:39.446 18336 18391 D OplusShellStartingWindowManager: adjustSuggestedWindowType originType: 1, wi: StartingWindowInfo{taskId=4755 targetActivityInfo=null displayId=0 topActivityType=1 preferredStartingWindowType=8b mainWindowLayoutParams=null splashScreenThemeResId 7f050000, exi: OplusStartingWindowExtendedInfo{mAppToken=android.os.BinderProxy@7cf568, mSupportSplashScreenPreview=false, mIsSystemApp=false, mIsExceptionListApp=false, mPreviewBitmap=null, mShouldDrawBackground=false, mForceLightMode=false, mForceNightMode=false, mNotSupportNightMode=false, mForcePreview=false, mForceBigIcon=false, mQuickStartingSurface=null, mForceSolidColorSplash=false}
03-18 00:18:39.446  3840  5919 D ActivityTaskManager: setVisibility(Token{5901295 ActivityRecord{99037657 u0 com.tfmonochrome.android/.ui.MainActivity t4755}}, visible=true) defer commitVisibility for transition collecting
03-18 00:18:39.446 18336 18391 D OplusShellStartingWindowManager: adjustSuggestedWindowType: skip no-system app and no-exception list app
03-18 00:18:39.446  3840  5919 D ActivityTaskManager: setAppVisibility(Token{6cfe7a6 ActivityRecord{26699759 u0 com.android.launcher/.Launcher t4308}}, visible=false):  visible=true mVisibleRequested=true
03-18 00:18:39.446  3840  5919 D ActivityTaskManager: setVisibility(Token{6cfe7a6 ActivityRecord{26699759 u0 com.android.launcher/.Launcher t4308}}, visible=false) defer commitVisibility for transition collecting
03-18 00:18:39.446 18336 18392 D ShellStartingWindow: getWindowAttrs SplashScreenWindowAttrs{ mWindowBgResId: 7f030000, mWindowBgColor: 0, mWindowBgImage: false, mSplashScreenIcon: false, mBrandingImage: false, mIconBgColor: 0, uiMode: 0}
03-18 00:18:39.446 18336 18392 I ShellStartingWindow: makeSplashScreenContentView themeBGColor: ff000000, isDark: true, last config hash: 1117146272
03-18 00:18:39.446  3840  5919 D RefreshRate: don't do app switch boost,arDisplayId:0 mDisplayId:0 currentSettingMode:3 hasAppSwitchBoostPriority:true is supportRefreshRateSwitch:true
03-18 00:18:39.446  3840  5919 D OplusFlexibleActivityTransitionManager: fixTransitType type result:1, targets: null
03-18 00:18:39.447  3840  5919 D Transition: onPreTransactionReady remove target:Task{e154f06 #1 type=home}
03-18 00:18:39.447  3840  5919 D OplusTransitionAnimationManager: activityRecordCount0fullScreenArBeHindStartingWindow null
03-18 00:18:39.448  3840  5919 I ActivityTaskManager: Add Task{ec26a45 #4754 type=standard A=10616:com.tfmonochrome.android} to hidden list because adding Task{30ac24c #4755 type=standard A=10616:com.tfmonochrome.android}
03-18 00:18:39.448  3840  5919 D ActivityTaskManager: notifyTaskRemoved, task: Task{ec26a45 #4754 type=standard A=10616:com.tfmonochrome.android} trace:com.android.server.wm.RecentTasks.removeForAddTask:1888 com.android.server.wm.RecentTasks.add:1377 com.android.server.wm.ActivityStarter.startActivityInner:3011 com.android.server.wm.ActivityStarter.startActivityUnchecked:2156 com.android.server.wm.ActivityStarter.executeRequest:1906 
03-18 00:18:39.448  3840  5919 D ActivityTaskManager: notifyTaskAdded, task: Task{30ac24c #4755 type=standard A=10616:com.tfmonochrome.android} trace:com.android.server.wm.RecentTasks.add:1392 com.android.server.wm.ActivityStarter.startActivityInner:3011 com.android.server.wm.ActivityStarter.startActivityUnchecked:2156 com.android.server.wm.ActivityStarter.executeRequest:1906 com.android.server.wm.ActivityStarter.execute:1004 
03-18 00:18:39.448 18336 18392 D ShellStartingWindow: inconsize = 476
03-18 00:18:39.449  3840  4075 W UserAwareMgr: can not find match thread: UiThreadHelper for process system_server Pid: 3840
03-18 00:18:39.449 18336 18358 V WindowManagerShell: Transition requested (#5025): android.os.BinderProxy@f37df5f TransitionRequestInfo { type = OPEN, triggerTask = TaskInfo{userId=0 taskId=4755 effectiveUid=10616 displayId=0 isRunning=true baseIntent=Intent { act=android.intent.action.MAIN cat=[android.intent.category.LAUNCHER] flg=0x10200000 cmp=com.tfmonochrome.android/.ui.MainActivity mCallingUid=10259 } baseActivity=ComponentInfo{com.tfmonochrome.android/com.tfmonochrome.android.ui.MainActivity} topActivity=ComponentInfo{com.tfmonochrome.android/com.tfmonochrome.android.ui.MainActivity} origActivity=null realActivity=ComponentInfo{com.tfmonochrome.android/com.tfmonochrome.android.ui.MainActivity}
03-18 00:18:39.449 18336 18358 V WindowManagerShell:  numActivities=1 lastActiveTime=366260190 supportsSplitScreenMultiWindow=true supportsMultiWindow=true supportsPocketStudioMultiWindow=true isInFlexibleEmbedded = false uid = 10616 pid = 0 resizeMode=1 isResizeable=true minWidth=-1 minHeight=-1 defaultMinSize=220 token=WCT{android.window.IWindowContainerToken$Stub$Proxy@3533dac} topActivityType=1 pictureInPictureParams=null shouldDockBigOverlays=false launchIntoPipHostTaskId=-1 lastParentTaskIdBeforePip=-1 displayCutoutSafeInsets=Rect(0, 141 - 0, 0)
03-18 00:18:39.449 18336 18358 V WindowManagerShell:  topActivityInfo=ActivityInfo{643da75 com.tfmonochrome.android.ui.MainActivity} launchCookies=[android.os.BinderProxy@2f1da0a] positionInParent=Point(0, 0) parentTaskId=-1 isFocused=false isVisible=false isVisibleRequested=true isTopActivityNoDisplay=false isSleeping=false locusId=null displayAreaFeatureId=1 isTopActivityTransparent=false isActivityStackTransparent=false lastNonFullscreenBounds=Rect(323, 796 - 949, 2068) capturedLink=null capturedLinkTimestamp=0 requestedVisibleTypes=-9 topActivityRequestOpenInBrowserEducationTimestamp=0
03-18 00:18:39.449 18336 18358 V WindowManagerShell:  appCompatTaskInfo=AppCompatTaskInfo { topActivityInSizeCompat=false topActivityInOplusCompatMode=false eligibleForLetterboxEducation= false isLetterboxEducationEnabled= false isLetterboxDoubleTapEnabled= false eligibleForUserAspectRatioButton= false topActivityBoundsLetterboxed= false isFromLetterboxDoubleTap= false topActivityLetterboxVerticalPosition= -1 topActivityLetterboxHorizontalPosition= -1 topActivityLetterboxWidth=-1 topActivityLetterboxHeight=-1 topActivityAppBounds=Rect(0, 141 - 1272, 2724) isUserFullscreenOverrideEnabled=false isSystemFullscreenOverrideEnabled=false hasMinAspectRatioOverride=false topActivityLetterboxBounds=null cameraCompatTaskInfo=CameraCompatTaskInfo { freeformCameraCompatMode=inactive}} topActivityMainWindowFrame=null topActivityLetterboxInsets=Rect(0, 0 - 0, 0)
03-18 00:18:39.449 18336 18358 V WindowManagerShell:  mOplusExtraBundle = Bundle[mParcelledData.dataSize=1480]}, pipChange = null, remoteTransition = RemoteTransition { remoteTransition = android.window.IRemoteTransition$Stub$Proxy@f04a8f1, appThread = android.app.IApplicationThread$Stub$Proxy@bdb8cd6, debugName = QuickstepLaunch }, displayChange = null, flags = 0, debugId = 5025 }
03-18 00:18:39.449 18336 18358 D ShellSplitScreen: logExit: no-op, mLoggerSessionId is null
03-18 00:18:39.449 18336 18358 V WindowManagerShell: RemoteTransition directly requested for (#5025) android.os.BinderProxy@f37df5f: RemoteTransition { remoteTransition = android.window.IRemoteTransition$Stub$Proxy@f04a8f1, appThread = android.app.IApplicationThread$Stub$Proxy@bdb8cd6, debugName = QuickstepLaunch }
03-18 00:18:39.449 18336 18358 V WindowManagerShell: Transition (#5025): request handled by DefaultMixedHandler
03-18 00:18:39.450  3840  5919 D FlexibleWindowManagerService: onFlexibleWindowTaskAppeared: task = 4755, visible = false
03-18 00:18:39.450  3840  5919 D OplusFlexibleWindowMinimizedManagerHelper: onTaskAppered taskInfo:4755
03-18 00:18:39.450  3840  5919 D OplusFlexibleDragToSplitAnimController: visibleFlexibleTaskInfos delete:4755
03-18 00:18:39.450  3840  5919 E FlexibleWindowManagerService: notifyTaskObserverToAttachController not need to notify!
03-18 00:18:39.450  3840  5919 D FlexibleWindowManagerService: should not dispatch appeared task Task{30ac24c #4755 type=standard A=10616:com.tfmonochrome.android}
03-18 00:18:39.450  3840  5919 D osense.compress: notifyActivityLaunched pkgName = com.tfmonochrome.android, userId = 0
03-18 00:18:39.450  3840  5919 I ActivityTaskManager: START u0 {act=android.intent.action.MAIN cat=[android.intent.category.LAUNCHER] flg=0x10200000 xflg=0x4 cmp=com.tfmonochrome.android/.ui.MainActivity bnds=[284,1617][524,1887] (has extras) mCallingUid=10259} with LAUNCH_MULTIPLE from uid 10259 (sr=26699759) (BAL_ALLOW_VISIBLE_WINDOW (callingUid has visible window)) result code=0
03-18 00:18:39.451  5600  6901 I iopgp   : Iopgp: TRANSACTION_IOPGP_ON_ACTIVITY_LAUNCHED sequence_id = 128
03-18 00:18:39.451  3840  5805 I AppSnapshotController: attachStartingWindow, win = Window{fe7f75 u0 Splash Screen com.tfmonochrome.android}, shouldAppSnapshot = false
03-18 00:18:39.451  3840  5805 D ActivityTaskManager: attachStartingWindow: mStartingData=SplashScreenStartingData{dbcddd6 removeAfterTransaction= 0}, mAssociatedTask=null, mStartingWindow=Window{fe7f75 u0 Splash Screen com.tfmonochrome.android}
03-18 00:18:39.451  3840  5805 D WindowManager: attachImeScreenshotOnTargetIfNeeded, mImeHiding = false, requestedVisibleTypes = -9
03-18 00:18:39.451  3840  5805 I WindowManager: addWindow: New client android.os.BinderProxy@16d56ac : window=Window{fe7f75 u0 Splash Screen com.tfmonochrome.android}
03-18 00:18:39.452  3840  5805 D FlexibleTaskController: isFullToFlexibleAnimating: false
03-18 00:18:39.452  3840  5805 D WindowManager: rotation(ROTATION_0) no changed  displayId = 0, lastOrientation = -1
03-18 00:18:39.452  3840  4075 I UserAwareMgr: event is already released: SceneEvent{id=5007, maxWorkDurationMs=200, caller='[android]', eventFlags=256, fbPriority=1, keyThreads=[KeyThread{name=binder, owner=android, schedPolicy=ux, priority=HEAVY, maxThreadCount=16}], vipBinderGroup=null}, callingPid: 3840, appPid: 0
03-18 00:18:39.452 18336 18358 D WindowManagerShell: setLauncherKeepClearAreaHeight: visible=false, height=252
03-18 00:18:39.452  3840  5919 D VRR [OPlusRefreshRateService]:  HandleSetAppFrameRate [ 0 , com.tfmonochrome.android , false , version-1 ]
03-18 00:18:39.453  3840  4066 D OplusTransitionController: tryFinishAheadIfNeed transition 5025 , SyncGroup: com.android.server.wm.BLASTSyncEngine$SyncGroup@e85d857
03-18 00:18:39.453  3840  4066 D ActivityTaskManager: commitVisibility: ActivityRecord{99037657 u0 com.tfmonochrome.android/.ui.MainActivity t4755}: visible=true visibleRequested=true, isInTransition=true 
03-18 00:18:39.453  3840  4066 D Transition: collectOrderChanges onTopTasksEnd: [Task{30ac24c #4755 type=standard A=10616:com.tfmonochrome.android}], reportedOnTop:null, mOnTopTasksStart: [Task{30ac24c #4755 type=standard A=10616:com.tfmonochrome.android}], TDA child: [Task{59608d5 #4419 type=undefined}, Task{632d96f #4748 type=standard A=1000:.applications.InstalledAppDetailsTop}, Task{ec26a45 #4754 type=standard A=10616:com.tfmonochrome.android}, Task{e154f06 #1 type=home}, Task{30ac24c #4755 type=standard A=10616:com.tfmonochrome.android}]
03-18 00:18:39.453  3840  4066 D OplusFlexibleActivityTransitionManager: fixTransitType type result:1, targets: [ChangeInfo{4a2144e container=Task{30ac24c #4755 type=standard A=10616:com.tfmonochrome.android} flags=0x10}, ChangeInfo{5b35e68 container=Task{e154f06 #1 type=home} flags=0x10}]
03-18 00:18:39.453  3840  4066 D OplusTransitionAnimationManager: activityRecordCount0fullScreenArBeHindStartingWindow null
03-18 00:18:39.453  3840  4066 D OplusTransitionAnimationManager: activityRecordCount0fullScreenArBeHindStartingWindow null
03-18 00:18:39.454  3840  4930 D BackgroundInstallControlService: Package event received: 0
03-18 00:18:39.454  3840  4066 D QuickBackInputPolicy: resetInputInterceptState for remoteTransition: false
03-18 00:18:39.454  3840  4066 D OplusTransitionController: onTransactionReady, transition: 5025, info: {id=5025 t=OPEN f=0x0 trk=0 r=[0@Point(0, 0)] c=[{WCT{RemoteToken{f24767 Task{30ac24c #4755 type=standard A=10616:com.tfmonochrome.android}}} m=OPEN f=NONE leash=Surface(name=Task=4755)/@0x3ac4311 sb=Rect(0, 0 - 1272, 2772) eb=Rect(0, 0 - 1272, 2772) epz=Point(1272, 2772) d=0 taskParent=-1},{WCT{RemoteToken{fe7353 Task{e154f06 #1 type=home}}} m=TO_BACK f=SHOW_WALLPAPER leash=Surface(name=Task=1)/@0xfe2690e sb=Rect(0, 0 - 1272, 2772) eb=Rect(0, 0 - 1272, 2772) epz=Point(1272, 2772) d=0 taskParent=-1}] 
03-18 00:18:39.454  3840  4066 D OplusTransitionController: extendInfo=[
03-18 00:18:39.454  3840  4066 D OplusTransitionController:  OplusTransitionExtendedInfo{mTmpFinishT=null, mInOplusCompatMode=false, mIsProcessRunning=false, mHasMismatchBoundsTarget=false, mRecentsController=null, mRemoteTransition=null, mIsTranslucentActivityToHome=false, mAvoidInterceptKeyEventToHome=false, mIsFromHome=true, mParentLeash=null, mBackAnimClosingLeash=null, mIsOplusAnimRes=false, mKeepBgForContinuous=false, mIsBalAllow=false, mTaskNotInRecent=false, mIsPredictiveBackAnim=false, mIsMergedWithPredictive=false, mIsLaunchFromSpruce=false, mIsLaunchFromDrive=false, mGlobalSearchPageSwitch=false, mNeedNoAlphaGlobalSearchScene=false, mAssistScreenShowing=false, mSwipeUpBrowserScreenShowing=false, mUserIdTransition=0
03-18 00:18:39.454  3840  4066 D OplusTransitionController: , mInRemoteScene=false, mInPreReady=true, mPreStart=false, mToken=Token{993f914 TransitionRecord{84e3550 id=5025 track=0 type=OPEN flags=0x0 state=2 c=[
03-18 00:18:39.454  3840  4066 D OplusTransitionController:    ChangeInfo{96b4349 container=ActivityRecord{26699759 u0 com.android.launcher/.Launcher t4308} flags=0x0}
03-18 00:18:39.454  3840  4066 D OplusTransitionController:    ChangeInfo{4a2144e container=Task{30ac24c #4755 type=standard A=10616:com.tfmonochrome.android} flags=0x10}
03-18 00:18:39.454  3840  4066 D OplusTransitionController:    ChangeInfo{d86996f container=OneHanded:0:14@53193943 flags=0x0}
03-18 00:18:39.454  3840  4066 D OplusTransitionController:    ChangeInfo{fe9567c container=ActivityRecord{99037657 u0 com.tfmonochrome.android/.ui.MainActivity t4755} flags=0x0}
03-18 00:18:39.454  3840  4066 D OplusTransitionController:    ChangeInfo{e9bcb05 container=WallpaperWindowToken{a0ad1ea showWhenLocked=true} flags=0x0}
03-18 00:18:39.454  3840  4066 D OplusTransitionController:    ChangeInfo{b0f275a container=Display{#0 state=ON size=1272x2772 ROTATION_0} flags=0x0}
03-18 00:18:39.454  3840  4066 D OplusTransitionController:    ChangeInfo{d0d5d8b container=WallpaperWindowToken{cad1aaf showWhenLocked=false} flags=0x0}
03-18 00:18:39.454  3840  4066 D OplusTransitionController:    ChangeInfo{5b35e68 container=Task{e154f06 #1 type=home} flags=0x10}
03-18 00:18:39.454  3840  4066 D OplusTransitionController:    ChangeInfo{931281 container=DefaultTaskDisplayArea@261315640 flags=0x0}
03-18 00:18:39.454  3840  4066 D OplusTransitionController:    ChangeInfo{f085f26 container=Task{f9c940b #4308 type=home I=com.android.launcher/.Launcher} flags=0x10}
03-18 00:18:39.454  3840  4066 D OplusTransitionController: ]
03-18 00:18:39.454  3840  4066 D OplusTransitionController: }}, mAbortByRemoteFromHome=false, mShellApplyToken=null, mRequestTransitionTaskId=4755, mAbortTransitionOnShell=0, mStartFromShortcut=false, mRemovedTaskId=-1, mTransitionInterruptType=0, mMergeSecondTaskId=-1, mTaskIdStartFromRecents=0, mTransitionId=5025, mCanUseSpringSlideAnim=false, mTransitionLaunchFrom=0, mFoldChangeType=-1, mAnimStartingPosition=[0, 0, 0, 0], mIsOpeningStkDialogActivity=false, mSecondaryHomeToFrontWhenUnFolding=false, mIsNeedApplyStartTForEmbedded=false
03-18 00:18:39.454  3840  4066 D OplusTransitionController: , mNeedCanvasExitAnim=false, mMergeSecondTaskAnimation=false, mIsLaunchUnityStart=false, mIsLaunchFromAssistantByDefault=false, mSkipRemoteTransitionfalse, mIsStartFromKeyguard=false flags=0x0, mWCT=null, mIsOpenMergeToInValidPredictive=false}]}, targets : [ChangeInfo{4a2144e container=Task{30ac24c #4755 type=standard A=10616:com.tfmonochrome.android} flags=0x10}, ChangeInfo{5b35e68 container=Task{e154f06 #1 type=home} flags=0x10}], participants: {ActivityRecord{26699759 u0 com.android.launcher/.Launcher t4308}, Task{30ac24c #4755 type=standard A=10616:com.tfmonochrome.android}, ActivityRecord{99037657 u0 com.tfmonochrome.android/.ui.MainActivity t4755}, WallpaperWindowToken{a0ad1ea showWhenLocked=true}, WallpaperWindowToken{cad1aaf showWhenLocked=false}}
03-18 00:18:39.454 18336 22169 V WindowManagerShell: onTransitionReady(transaction=16492674890096)
03-18 00:18:39.455  3840  4062 V WindowManager: Sent Transition (#5025) createdAt=03-18 00:18:39.441 via request=TransitionRequestInfo { type = OPEN, triggerTask = TaskInfo{userId=0 taskId=4755 effectiveUid=10616 displayId=0 isRunning=true baseIntent=Intent { act=android.intent.action.MAIN cat=[android.intent.category.LAUNCHER] flg=0x10200000 cmp=com.tfmonochrome.android/.ui.MainActivity mCallingUid=10259 } baseActivity=ComponentInfo{com.tfmonochrome.android/com.tfmonochrome.android.ui.MainActivity} topActivity=ComponentInfo{com.tfmonochrome.android/com.tfmonochrome.android.ui.MainActivity} origActivity=null realActivity=ComponentInfo{com.tfmonochrome.android/com.tfmonochrome.android.ui.MainActivity}
03-18 00:18:39.455  3840  4062 V WindowManager:  numActivities=1 lastActiveTime=366260190 supportsSplitScreenMultiWindow=true supportsMultiWindow=true supportsPocketStudioMultiWindow=true isInFlexibleEmbedded = false uid = 10616 pid = 0 resizeMode=1 isResizeable=true minWidth=-1 minHeight=-1 defaultMinSize=220 token=WCT{RemoteToken{f24767 Task{30ac24c #4755 type=standard A=10616:com.tfmonochrome.android}}} topActivityType=1 pictureInPictureParams=null shouldDockBigOverlays=false launchIntoPipHostTaskId=-1 lastParentTaskIdBeforePip=-1 displayCutoutSafeInsets=Rect(0, 141 - 0, 0)
03-18 00:18:39.455  3840  4062 V WindowManager:  topActivityInfo=ActivityInfo{7a5a2f3 com.tfmonochrome.android.ui.MainActivity} launchCookies=[android.os.BinderProxy@41e9bb0] positionInParent=Point(0, 0) parentTaskId=-1 isFocused=false isVisible=false isVisibleRequested=true isTopActivityNoDisplay=false isSleeping=false locusId=null displayAreaFeatureId=1 isTopActivityTransparent=false isActivityStackTransparent=false lastNonFullscreenBounds=Rect(323, 796 - 949, 2068) capturedLink=null capturedLinkTimestamp=0 requestedVisibleTypes=-9 topActivityRequestOpenInBrowserEducationTimestamp=0
03-18 00:18:39.455  3840  4062 V WindowManager:  appCompatTaskInfo=AppCompatTaskInfo { topActivityInSizeCompat=false topActivityInOplusCompatMode=false eligibleForLetterboxEducation= false isLetterboxEducationEnabled= false isLetterboxDoubleTapEnabled= false eligibleForUserAspectRatioButton= false topActivityBoundsLetterboxed= false isFromLetterboxDoubleTap= false topActivityLetterboxVerticalPosition= -1 topActivityLetterboxHorizontalPosition= -1 topActivityLetterboxWidth=-1 topActivityLetterboxHeight=-1 topActivityAppBounds=Rect(0, 141 - 1272, 2724) isUserFullscreenOverrideEnabled=false isSystemFullscreenOverrideEnabled=false hasMinAspectRatioOverride=false topActivityLetterboxBounds=null cameraCompatTaskInfo=CameraCompatTaskInfo { freeformCameraCompatMode=inactive}} topActivityMainWindowFrame=null topActivityLetterboxInsets=Rect(0, 0 - 0, 0)
03-18 00:18:39.455  3840  4062 V WindowManager:  mOplusExtraBundle = Bundle[{androidx.flexible.taskFrame=Rect(0, 0 - 0, 0), androidx.flexible.Alpha=1.0, androidx.activity.task.attach.blur=0, androidx.activity.LaunchInsensible=0, androidx.activity.LaunchCornerRadius=0, key_flexible_task_state=0, topActivitySupportAppInnerSplit=false, key_flexible_task_animating_type=-1, key_flexible_task_root_activity_processname=com.tfmonochrome.android, androidx.activity.LaunchScenario=0, is_oplus_clone_task=false, flexible_super_mini_state=false, topRunningActivityHash=99037657, androidx.activity.LaunchScale=1.0, androidx.activity.LaunchShadowRadius=0, is_transient_hide_for_task_info=false, key_flexible_task_root_activity_pid=0, key_flexible_task_root_activity_uid=10616}]}, pipChange = null, remoteTransition = RemoteTransition { remoteTransition = android.window.IRemoteTransition$Stub$Proxy@e981a29, appThread = android.app.IApplicationThread$Stub$Proxy@371d1ae, debugName = QuickstepLaunch }, displayChange = null, flags = 0, debugId = 5025 }
03-18 00:18:39.455  3840  4062 V WindowManager:     startWCT=WindowContainerTransaction { changes= {} hops= [] errorCallbackToken=null taskFragmentOrganizer=null }
03-18 00:18:39.455  3840  4062 V WindowManager:     info={id=5025 t=OPEN f=0x0 trk=0 r=[0@Point(0, 0)] c=[
03-18 00:18:39.455  3840  4062 V WindowManager:         {WCT{RemoteToken{f24767 Task{30ac24c #4755 type=standard A=10616:com.tfmonochrome.android}}} m=OPEN f=NONE leash=Surface(name=Task=4755)/@0x3ac4311 sb=Rect(0, 0 - 1272, 2772) eb=Rect(0, 0 - 1272, 2772) epz=Point(1272, 2772) d=0 taskParent=-1},
03-18 00:18:39.455  3840  4062 V WindowManager:         {WCT{RemoteToken{fe7353 Task{e154f06 #1 type=home}}} m=TO_BACK f=SHOW_WALLPAPER leash=Surface(name=Task=1)/@0xfe2690e sb=Rect(0, 0 - 1272, 2772) eb=Rect(0, 0 - 1272, 2772) epz=Point(1272, 2772) d=0 taskParent=-1}
03-18 00:18:39.455  3840  4062 V WindowManager:     ] 
03-18 00:18:39.455  3840  4062 V WindowManager: extendInfo=[
03-18 00:18:39.455  3840  4062 V WindowManager:  OplusTransitionExtendedInfo{mTmpFinishT=null, mInOplusCompatMode=false, mIsProcessRunning=false, mHasMismatchBoundsTarget=false, mRecentsController=null, mRemoteTransition=null, mIsTranslucentActivityToHome=false, mAvoidInterceptKeyEventToHome=false, mIsFromHome=true, mParentLeash=null, mBackAnimClosingLeash=null, mIsOplusAnimRes=false, mKeepBgForContinuous=false, mIsBalAllow=false, mTaskNotInRecent=false, mIsPredictiveBackAnim=false, mIsMergedWithPredictive=false, mIsLaunchFromSpruce=false, mIsLaunchFromDrive=false, mGlobalSearchPageSwitch=false, mNeedNoAlphaGlobalSearchScene=false, mAssistScreenShowing=false, mSwipeUpBrowserScreenShowing=false, mUserIdTransition=0
03-18 00:18:39.455  3840  4062 V WindowManager: , mInRemoteScene=false, mInPreReady=true, mPreStart=false, mToken=Token{993f914 TransitionRecord{84e3550 id=5025 track=0 type=OPEN flags=0x0 state=2 c=[
03-18 00:18:39.455  3840  4062 V WindowManager:    ChangeInfo{96b4349 container=ActivityRecord{26699759 u0 com.android.launcher/.Launcher t4308} flags=0x0}
03-18 00:18:39.455  3840  4062 V WindowManager:    ChangeInfo{4a2144e container=Task{30ac24c #4755 type=standard A=10616:com.tfmonochrome.android} flags=0x10}
03-18 00:18:39.455  3840  4062 V WindowManager:    ChangeInfo{d86996f container=OneHanded:0:14@53193943 flags=0x0}
03-18 00:18:39.455  3840  4062 V WindowManager:    ChangeInfo{fe9567c container=ActivityRecord{99037657 u0 com.tfmonochrome.android/.ui.MainActivity t4755} flags=0x0}
03-18 00:18:39.455  3840  4062 V WindowManager:    ChangeInfo{e9bcb05 container=WallpaperWindowToken{a0ad1ea showWhenLocked=true} flags=0x0}
03-18 00:18:39.455  3840  4062 V WindowManager:    ChangeInfo{b0f275a container=Display{#0 state=ON size=1272x2772 ROTATION_0} flags=0x0}
03-18 00:18:39.455  3840  4062 V WindowManager:    ChangeInfo{d0d5d8b container=WallpaperWindowToken{cad1aaf showWhenLocked=false} flags=0x0}
03-18 00:18:39.455  3840  4062 V WindowManager:    ChangeInfo{5b35e68 container=Task{e154f06 #1 type=home} flags=0x10}
03-18 00:18:39.455  3840  4062 V WindowManager:    ChangeInfo{931281 container=DefaultTaskDisplayArea@261315640 flags=0x0}
03-18 00:18:39.455  3840  4062 V WindowManager:    ChangeInfo{f085f26 container=Task{f9c940b #4308 type=home I=com.android.launcher/.Launcher} flags=0x10}
03-18 00:18:39.455  3840  4062 V WindowManager: ]
03-18 00:18:39.455  3840  4062 V WindowManager: }}, mAbortByRemoteFromHome=false, mShellApplyToken=null, mRequestTransitionTaskId=4755, mAbortTransitionOnShell=0, mStartFromShortcut=false, mRemovedTaskId=-1, mTransitionInterruptType=0, mMergeSecondTaskId=-1, mTaskIdStartFromRecents=0, mTransitionId=5025, mCanUseSpringSlideAnim=false, mTransitionLaunchFrom=0, mFoldChangeType=-1, mAnimStartingPosition=[0, 0, 0, 0], mIsOpeningStkDialogActivity=false, mSecondaryHomeToFrontWhenUnFolding=false, mIsNeedApplyStartTForEmbedded=false
03-18 00:18:39.455  3840  4062 V WindowManager: , mNeedCanvasExitAnim=false, mMergeSecondTaskAnimation=false, mIsLaunchUnityStart=false, mIsLaunchFromAssistantByDefault=false, mSkipRemoteTransitionfalse, mIsStartFromKeyguard=false flags=0x0, mWCT=null, mIsOpenMergeToInValidPredictive=false}]}
03-18 00:18:39.455  3840  4066 I TaskOrganizerController: onTaskInfoChanged taskid 4755 config { mBounds=Rect(0, 0 - 1272, 2772) mAppBounds=Rect(0, 0 - 1272, 2772) mMaxBounds=Rect(0, 0 - 1272, 2772) mDisplayRotation=ROTATION_0 mWindowingMode=fullscreen mActivityType=standard mAlwaysOnTop=undefined mRotation=ROTATION_0}
03-18 00:18:39.455  3840  4066 D OplusFlexibleDragToSplitAnimController: visibleFlexibleTaskInfos delete:4755
03-18 00:18:39.455  3840  4066 E FlexibleWindowManagerService: notifyTaskObserverToAttachController not need to notify!
03-18 00:18:39.455  3840  4066 I FlexibleWindowManagerService: onFlexibleWindowTaskInfoChanged, return for cur task not embedded
03-18 00:18:39.455 18336 18358 V WindowManagerShell: onTransitionReady (#5025) android.os.BinderProxy@f37df5f: {id=5025 t=OPEN f=0x0 trk=0 r=[0@Point(0, 0)] c=[
03-18 00:18:39.455 18336 18358 V WindowManagerShell:         {m=OPEN f=NONE leash=Surface(name=Task=4755)/@0x2ee8529 sb=Rect(0, 0 - 1272, 2772) eb=Rect(0, 0 - 1272, 2772) epz=Point(1272, 2772) d=0 taskParent=-1},
03-18 00:18:39.455 18336 18358 V WindowManagerShell:         {m=TO_BACK f=SHOW_WALLPAPER leash=Surface(name=Task=1)/@0x2d760ae sb=Rect(0, 0 - 1272, 2772) eb=Rect(0, 0 - 1272, 2772) epz=Point(1272, 2772) d=0 taskParent=-1}
03-18 00:18:39.455 18336 18358 V WindowManagerShell:     ] 
03-18 00:18:39.455 18336 18358 V WindowManagerShell: extendInfo=[
03-18 00:18:39.455 18336 18358 V WindowManagerShell:  OplusTransitionExtendedInfo{mTmpFinishT=null, mInOplusCompatMode=false, mIsProcessRunning=false, mHasMismatchBoundsTarget=false, mRecentsController=null, mRemoteTransition=null, mIsTranslucentActivityToHome=false, mAvoidInterceptKeyEventToHome=false, mIsFromHome=true, mParentLeash=null, mBackAnimClosingLeash=null, mIsOplusAnimRes=false, mKeepBgForContinuous=false, mIsBalAllow=false, mTaskNotInRecent=false, mIsPredictiveBackAnim=false, mIsMergedWithPredictive=false, mIsLaunchFromSpruce=false, mIsLaunchFromDrive=false, mGlobalSearchPageSwitch=false, mNeedNoAlphaGlobalSearchScene=false, mAssistScreenShowing=false, mSwipeUpBrowserScreenShowing=false, mUserIdTransition=0
03-18 00:18:39.455 18336 18358 V WindowManagerShell: , mInRemoteScene=false, mInPreReady=true, mPreStart=false, mToken=android.os.BinderProxy@f37df5f, mAbortByRemoteFromHome=false, mShellApplyToken=null, mRequestTransitionTaskId=4755, mAbortTransitionOnShell=0, mStartFromShortcut=false, mRemovedTaskId=-1, mTransitionInterruptType=0, mMergeSecondTaskId=-1, mTaskIdStartFromRecents=0, mTransitionId=5025, mCanUseSpringSlideAnim=false, mTransitionLaunchFrom=0, mFoldChangeType=-1, mAnimStartingPosition=[0, 0, 0, 0], mIsOpeningStkDialogActivity=false, mSecondaryHomeToFrontWhenUnFolding=false, mIsNeedApplyStartTForEmbedded=false
03-18 00:18:39.455 18336 18358 V WindowManagerShell: , mNeedCanvasExitAnim=false, mMergeSecondTaskAnimation=false, mIsLaunchUnityStart=false, mIsLaunchFromAssistantByDefault=false, mSkipRemoteTransitionfalse, mIsStartFromKeyguard=false flags=0x0, mWCT=null, mIsOpenMergeToInValidPredictive=false}]}
03-18 00:18:39.456 18336 18358 V WindowManagerShell: Transition (#5025) android.os.BinderProxy@f37df5f@0 ready while (#5024) android.os.BinderProxy@3b62a9b@0 is still animating. Notify the animating transition in case they can be merged
03-18 00:18:39.456 18336 18358 V WindowManagerShell:    Merge into remote: RemoteTransition { remoteTransition = android.window.IRemoteTransition$Stub$Proxy@55852b7, appThread = android.app.IApplicationThread$Stub$Proxy@592a24, debugName = QuickstepLaunchHome }
03-18 00:18:39.456 18336 18358 D ShellContinuousTransitionController: ifMergeIntoRemote, transiton 5025 is remote, do not merge into remote.
03-18 00:18:39.456  3840  5805 V WindowManager: Relayout Window{fe7f75 u0 Splash Screen com.tfmonochrome.android}: viewVisibility=0, oldvis=0, req=1272x2772 , apr = 0, vsysui=, x=0, y=0
03-18 00:18:39.456  3840  5805 I WindowManager: Window{fe7f75 u0 Splash Screen com.tfmonochrome.android} state from NO_SURFACE to DRAW_PENDING; reason: resetDrawState
03-18 00:18:39.457  3840  5805 D WindowManager: NFW_findFocusedWindowIfNeeded:null mCurrentFocus:Window{7277bfe u0 com.android.launcher/com.android.launcher.Launcher}
03-18 00:18:39.457  3840  5805 V WindowManager: Changing focus from Window{7277bfe u0 com.android.launcher/com.android.launcher.Launcher} to null,diplayid=0
03-18 00:18:39.458  3840  4075 W QosScheduler: executeSceneQosStrategy failed! qos feature no enable
03-18 00:18:39.458  3840  5919 D QuickBackInputPolicy: setInterceptInputKeyStatus, enable=true, enableFlag=1, inputCallback=android.window.IRemoteTransitionInputCallback$Stub$Proxy@b307d6b
03-18 00:18:39.458  3840  4087 I ActivityManager: Start proc 30684:com.tfmonochrome.android/u0a616 for top-activity {com.tfmonochrome.android/com.tfmonochrome.android.ui.MainActivity}
03-18 00:18:39.458  3840  5808 D CoreBackPreview: Window{fe7f75 u0 Splash Screen com.tfmonochrome.android}: Setting back callback OnBackInvokedCallbackInfo{mCallback=android.window.IOnBackInvokedCallback$Stub$Proxy@9e7e561, mPriority=0, mIsAnimationCallback=false, mOverrideBehavior=0}
03-18 00:18:39.458  3840  5912 D VRR [OPlusRefreshRateService]:  HandleSetAppFrameRate [ 0 , com.tfmonochrome.android , false , version-1 ]
03-18 00:18:39.458  3840  5912 D VRR [OPlusRefreshRateService]:  HandleSetAppFrameRate [ 0 , com.tfmonochrome.android , false , version-1 ]
03-18 00:18:39.459 18336 18391 W VRI[android]: updateBlastSurfaceIfNeeded, surfaceSize:Point(1272, 2772), lastSurfaceSize:Point(0, 0), format:-3, blastBufferQueue:null
03-18 00:18:39.459 18336 18358 V WindowManagerShell: Transition animation finished (aborted=false), notifying core (#5024) android.os.BinderProxy@3b62a9b@0
03-18 00:18:39.460 18336 18358 D SplitScreen-->AppLockManager: setStartFromSafeControl mStartFromSafeControl=false
03-18 00:18:39.460  3840  4575 I MemoryOperationUtils: add 30684 to com.tfmonochrome.android
03-18 00:18:39.460  3840  5808 D OplusWallpaperAnimationManager: cancelSurfaceAnimation reason: play_animation, isAnimating: true, by window: Window{7277bfe u0 com.android.launcher/com.android.launcher.Launcher}
03-18 00:18:39.460  3840  5808 D OplusWallpaperAnimationManager: startScaleAnimation frame: Rect(0, 0 - 1272, 2772) parentFrame: Rect(0, 0 - 1272, 2772) from: 1.010136 to: 1.2 duration: 650 mTargetZoom: -1.0 targetZoom: -1.0 by window: Window{7277bfe u0 com.android.launcher/com.android.launcher.Launcher}
03-18 00:18:39.460  3840  4067 D OplusWallpaperSurfaceAnimation: setAnimationState curState: INTERRUPT
03-18 00:18:39.460  3840  4067 D OplusWallpaperAnimationManager: onAnimationCancel
03-18 00:18:39.460  3840  4067 D OplusWallpaperSurfaceAnimation: resetEnable curState: INTERRUPT
03-18 00:18:39.460  3840  4067 D OplusWallpaperSurfaceAnimation: setAnimationState curState: INITIALIZED
03-18 00:18:39.460  3840  4067 D OplusWallpaperAnimationManager: onAnimationStart
03-18 00:18:39.461  3840  4067 D OplusWallpaperAnimationManager: setSkipUpdateWallpaperPosition skip: true, wallpaper: Window{d4d7aed u0 com.android.systemui.wallpapers.ImageWallpaper}
03-18 00:18:39.461  3840  4067 D OplusWallpaperSurfaceAnimation: setAnimationState curState: STARTED
03-18 00:18:39.461  3840  5805 D Transition: finishTransition ar ActivityRecord{26699759 u0 com.android.launcher/.Launcher t4308}, isVisibleRequested=false, state=PAUSED, visibleAtTransitionEndTokens={ActivityRecord{26699759 u0 com.android.launcher/.Launcher t4308}}, this=TransitionRecord{889d647 id=5024 track=0 type=CLOSE flags=0x10 state=2 c=[
03-18 00:18:39.461  3840  5805 D Transition:    ChangeInfo{3e40e74 container=ActivityRecord{26699759 u0 com.android.launcher/.Launcher t4308} flags=0x0}
03-18 00:18:39.461  3840  5805 D Transition:    ChangeInfo{639af9d container=OneHanded:0:14@53193943 flags=0x0}
03-18 00:18:39.461  3840  5805 D Transition:    ChangeInfo{a7fcc12 container=ActivityRecord{204799630 u0 com.tfmonochrome.android/.ui.MainActivity t4754 f} isExiting} flags=0x0}
03-18 00:18:39.461  3840  5805 D Transition:    ChangeInfo{838fe3 container=Display{#0 state=ON size=1272x2772 ROTATION_0} flags=0x0}
03-18 00:18:39.461  3840  5805 D Transition:    ChangeInfo{4caac4f container=Task{e154f06 #1 type=home} flags=0x30}
03-18 00:18:39.461  3840  5805 D Transition:    ChangeInfo{ee59fdc container=Task{ec26a45 #4754 type=standard A=10616:com.tfmonochrome.android} flags=0x10}
03-18 00:18:39.461  3840  5805 D Transition:    ChangeInfo{a6d9de0 container=DefaultTaskDisplayArea@261315640 flags=0x0}
03-18 00:18:39.461  3840  5805 D Transition:    ChangeInfo{206a899 container=Task{f9c940b #4308 type=home I=com.android.launcher/.Launcher} flags=0x30}
03-18 00:18:39.461  3840  5805 D Transition: ]
03-18 00:18:39.461  3840  5805 D Transition: }
03-18 00:18:39.461  3840  5805 D ContinuousTransitionController: when TransitionRecord{889d647 id=5024 track=0 type=CLOSE flags=0x10 state=2 c=[
03-18 00:18:39.461  3840  5805 D ContinuousTransitionController:    ChangeInfo{3e40e74 container=ActivityRecord{26699759 u0 com.android.launcher/.Launcher t4308} flags=0x0}
03-18 00:18:39.461  3840  5805 D ContinuousTransitionController:    ChangeInfo{639af9d container=OneHanded:0:14@53193943 flags=0x0}
03-18 00:18:39.461  3840  5805 D ContinuousTransitionController:    ChangeInfo{a7fcc12 container=ActivityRecord{204799630 u0 com.tfmonochrome.android/.ui.MainActivity t4754 f} isExiting} flags=0x0}
03-18 00:18:39.461  3840  5805 D ContinuousTransitionController:    ChangeInfo{838fe3 container=Display{#0 state=ON size=1272x2772 ROTATION_0} flags=0x0}
03-18 00:18:39.461  3840  5805 D ContinuousTransitionController:    ChangeInfo{4caac4f container=Task{e154f06 #1 type=home} flags=0x30}
03-18 00:18:39.461  3840  5805 D ContinuousTransitionController:    ChangeInfo{ee59fdc container=Task{ec26a45 #4754 type=standard A=10616:com.tfmonochrome.android} flags=0x10}
03-18 00:18:39.461  3840  5805 D ContinuousTransitionController:    ChangeInfo{a6d9de0 container=DefaultTaskDisplayArea@261315640 flags=0x0}
03-18 00:18:39.461  3840  5805 D ContinuousTransitionController:    ChangeInfo{206a899 container=Task{f9c940b #4308 type=home I=com.android.launcher/.Launcher} flags=0x30}
03-18 00:18:39.461  3840  5805 D ContinuousTransitionController: ]
03-18 00:18:39.461  3840  5805 D ContinuousTransitionController: } finished;ActivityRecord{26699759 u0 com.android.launcher/.Launcher t4308} in playing TransitionRecord{84e3550 id=5025 track=0 type=OPEN flags=0x0 state=2 c=[
03-18 00:18:39.461  3840  5805 D ContinuousTransitionController:    ChangeInfo{96b4349 container=ActivityRecord{26699759 u0 com.android.launcher/.Launcher t4308} flags=0x0}
03-18 00:18:39.461  3840  5805 D ContinuousTransitionController:    ChangeInfo{4a2144e container=Task{30ac24c #4755 type=standard A=10616:com.tfmonochrome.android} flags=0x10}
03-18 00:18:39.461  3840  5805 D ContinuousTransitionController:    ChangeInfo{d86996f container=OneHanded:0:14@53193943 flags=0x0}
03-18 00:18:39.461  3840  5805 D ContinuousTransitionController:    ChangeInfo{fe9567c container=ActivityRecord{99037657 u0 com.tfmonochrome.android/.ui.MainActivity t4755} flags=0x0}
03-18 00:18:39.461  3840  5805 D ContinuousTransitionController:    ChangeInfo{e9bcb05 container=WallpaperWindowToken{a0ad1ea showWhenLocked=true} flags=0x0}
03-18 00:18:39.461  3840  5805 D ContinuousTransitionController:    ChangeInfo{b0f275a container=Display{#0 state=ON size=1272x2772 ROTATION_0} flags=0x0}
03-18 00:18:39.461  3840  5805 D ContinuousTransitionController:    ChangeInfo{d0d5d8b container=WallpaperWindowToken{cad1aaf showWhenLocked=false} flags=0x0}
03-18 00:18:39.461  3840  5805 D ContinuousTransitionController:    ChangeInfo{5b35e68 container=Task{e154f06 #1 type=home} flags=0x10}
03-18 00:18:39.461  3840  5805 D ContinuousTransitionController:    ChangeInfo{931281 container=DefaultTaskDisplayArea@261315640 flags=0x0}
03-18 00:18:39.461  3840  5805 D ContinuousTransitionController:    ChangeInfo{f085f26 container=Task{f9c940b #4308 type=home I=com.android.launcher/.Launcher} flags=0x10}
03-18 00:18:39.461  3840  5805 D ContinuousTransitionController: ]
03-18 00:18:39.461  3840  5805 D ContinuousTransitionController: }; so set visibleAtTransitionEnd true avoid commit visibility, merged:[]
03-18 00:18:39.461  3840  5805 D Transition: finishTransition ar ActivityRecord{204799630 u0 com.tfmonochrome.android/.ui.MainActivity t4754 f} isExiting}, isVisibleRequested=false, state=DESTROYED, visibleAtTransitionEndTokens={ActivityRecord{26699759 u0 com.android.launcher/.Launcher t4308}}, this=TransitionRecord{889d647 id=5024 track=0 type=CLOSE flags=0x10 state=2 c=[
03-18 00:18:39.461  3840  5805 D Transition:    ChangeInfo{3e40e74 container=ActivityRecord{26699759 u0 com.android.launcher/.Launcher t4308} flags=0x0}
03-18 00:18:39.461  3840  5805 D Transition:    ChangeInfo{639af9d container=OneHanded:0:14@53193943 flags=0x0}
03-18 00:18:39.461  3840  5805 D Transition:    ChangeInfo{a7fcc12 container=ActivityRecord{204799630 u0 com.tfmonochrome.android/.ui.MainActivity t4754 f} isExiting} flags=0x0}
03-18 00:18:39.461  3840  5805 D Transition:    ChangeInfo{838fe3 container=Display{#0 state=ON size=1272x2772 ROTATION_0} flags=0x0}
03-18 00:18:39.461  3840  5805 D Transition:    ChangeInfo{4caac4f container=Task{e154f06 #1 type=home} flags=0x30}
03-18 00:18:39.461  3840  5805 D Transition:    ChangeInfo{ee59fdc container=Task{ec26a45 #4754 type=standard A=10616:com.tfmonochrome.android} flags=0x10}
03-18 00:18:39.461  3840  5805 D Transition:    ChangeInfo{a6d9de0 container=DefaultTaskDisplayArea@261315640 flags=0x0}
03-18 00:18:39.461  3840  5805 D Transition:    ChangeInfo{206a899 container=Task{f9c940b #4308 type=home I=com.android.launcher/.Launcher} flags=0x30}
03-18 00:18:39.461  3840  5805 D Transition: ]
03-18 00:18:39.461  3840  5805 D Transition: }
03-18 00:18:39.461  3840  5805 D ActivityTaskManager: commitVisibility: ActivityRecord{204799630 u0 com.tfmonochrome.android/.ui.MainActivity t4754 f} isExiting}: visible=false visibleRequested=false, isInTransition=false 
03-18 00:18:39.461  3840  5805 D WindowManager: NFW_setClientVisible:ActivityRecord{204799630 u0 com.tfmonochrome.android/.ui.MainActivity t4754 f} isExiting} clientVisible:false
03-18 00:18:39.461  3840  5805 I OplusAppSwitchManagerService:  handleAppVisible , r = ActivityRecord{26699759 u0 com.android.launcher/.Launcher t4308}
03-18 00:18:39.462  3840  5805 D ActivityTaskManager: removeAppToken: ActivityRecord{204799630 u0 com.tfmonochrome.android/.ui.MainActivity t4754 f}} delayed=true parent=Task{ec26a45 #4754 type=standard A=10616:com.tfmonochrome.android} animating=true Callers=com.android.server.wm.ActivityRecord.removeImmediately:5363 com.android.server.wm.WindowToken.removeIfPossible:267 com.android.server.wm.WindowToken.handleCompleteDeferredRemoval:273 com.android.server.wm.WindowContainer.handleCompleteDeferredRemoval:1646 
