03-18 00:18:37.132 30512 30512 E AndroidRuntime: 	at android.content.ContextWrapper.registerReceiver(ContextWrapper.java:788)
03-18 00:18:37.132 30512 30512 E AndroidRuntime: 	at com.tfmonochrome.android.ui.MainActivity.onCreate(MainActivity.kt:96)
03-18 00:18:37.132 30512 30512 E AndroidRuntime: 	at android.app.Activity.performCreate(Activity.java:9400)
03-18 00:18:37.132 30512 30512 E AndroidRuntime: 	at android.app.Activity.performCreate(Activity.java:9372)
03-18 00:18:37.132 30512 30512 E AndroidRuntime: 	at android.app.Instrumentation.callActivityOnCreate(Instrumentation.java:1541)
03-18 00:18:37.132 30512 30512 E AndroidRuntime: 	at android.app.ActivityThread.performLaunchActivity(ActivityThread.java:4604)
03-18 00:18:37.132 30512 30512 E AndroidRuntime: 	... 13 more
03-18 00:18:37.132 30512 30512 E AndroidRuntime: Caused by: android.os.RemoteException: Remote stack trace:
03-18 00:18:37.132 30512 30512 E AndroidRuntime: 	at com.android.server.am.BroadcastController.registerReceiverWithFeatureTraced(BroadcastController.java:493)
03-18 00:18:37.132 30512 30512 E AndroidRuntime: 	at com.android.server.am.BroadcastController.registerReceiverWithFeature(BroadcastController.java:262)
03-18 00:18:37.132 30512 30512 E AndroidRuntime: 	at com.android.server.am.ActivityManagerService.registerReceiverWithFeature(ActivityManagerService.java:15618)
03-18 00:18:37.132 30512 30512 E AndroidRuntime: 	at android.app.IActivityManager$Stub.onTransact(IActivityManager.java:2795)
03-18 00:18:37.132 30512 30512 E AndroidRuntime: 	at com.android.server.am.ActivityManagerService.onTransact(ActivityManagerService.java:3000)
03-18 00:18:37.132 30512 30512 E AndroidRuntime: 
03-18 00:18:38.163 30560 30560 E AndroidRuntime: FATAL EXCEPTION: main
03-18 00:18:38.163 30560 30560 E AndroidRuntime: Process: com.tfmonochrome.android, PID: 30560
03-18 00:18:38.163 30560 30560 E AndroidRuntime: java.lang.RuntimeException: Unable to start activity ComponentInfo{com.tfmonochrome.android/com.tfmonochrome.android.ui.MainActivity}: java.lang.SecurityException: com.tfmonochrome.android: One of RECEIVER_EXPORTED or RECEIVER_NOT_EXPORTED should be specified when a receiver isn't being registered exclusively for system broadcasts
03-18 00:18:38.163 30560 30560 E AndroidRuntime: 	at android.app.ActivityThread.performLaunchActivity(ActivityThread.java:4630)
03-18 00:18:38.163 30560 30560 E AndroidRuntime: 	at android.app.ActivityThread.handleLaunchActivity(ActivityThread.java:4827)
03-18 00:18:38.163 30560 30560 E AndroidRuntime: 	at android.app.servertransaction.LaunchActivityItem.execute(LaunchActivityItem.java:242)
03-18 00:18:38.163 30560 30560 E AndroidRuntime: 	at android.app.servertransaction.TransactionExecutor.executeNonLifecycleItem(TransactionExecutor.java:138)
03-18 00:18:38.163 30560 30560 E AndroidRuntime: 	at android.app.servertransaction.TransactionExecutor.executeTransactionItems(TransactionExecutor.java:108)
03-18 00:18:38.163 30560 30560 E AndroidRuntime: 	at android.app.servertransaction.TransactionExecutor.execute(TransactionExecutor.java:85)
03-18 00:18:38.163 30560 30560 E AndroidRuntime: 	at android.app.ActivityThread$H.handleMessage(ActivityThread.java:3116)
03-18 00:18:38.163 30560 30560 E AndroidRuntime: 	at android.os.Handler.dispatchMessage(Handler.java:115)
03-18 00:18:38.163 30560 30560 E AndroidRuntime: 	at android.os.Looper.loopOnce(Looper.java:298)
03-18 00:18:38.163 30560 30560 E AndroidRuntime: 	at android.os.Looper.loop(Looper.java:408)
03-18 00:18:38.163 30560 30560 E AndroidRuntime: 	at android.app.ActivityThread.main(ActivityThread.java:9964)
03-18 00:18:38.163 30560 30560 E AndroidRuntime: 	at java.lang.reflect.Method.invoke(Native Method)
03-18 00:18:38.163 30560 30560 E AndroidRuntime: 	at com.android.internal.os.RuntimeInit$MethodAndArgsCaller.run(RuntimeInit.java:613)
03-18 00:18:38.163 30560 30560 E AndroidRuntime: 	at com.android.internal.os.ZygoteInit.main(ZygoteInit.java:1074)
03-18 00:18:38.163 30560 30560 E AndroidRuntime: Caused by: java.lang.SecurityException: com.tfmonochrome.android: One of RECEIVER_EXPORTED or RECEIVER_NOT_EXPORTED should be specified when a receiver isn't being registered exclusively for system broadcasts
03-18 00:18:38.163 30560 30560 E AndroidRuntime: 	at android.os.Parcel.createExceptionOrNull(Parcel.java:3369)
03-18 00:18:38.163 30560 30560 E AndroidRuntime: 	at android.os.Parcel.createException(Parcel.java:3353)
03-18 00:18:38.163 30560 30560 E AndroidRuntime: 	at android.os.Parcel.readException(Parcel.java:3336)
03-18 00:18:38.163 30560 30560 E AndroidRuntime: 	at android.os.Parcel.readException(Parcel.java:3278)
03-18 00:18:38.163 30560 30560 E AndroidRuntime: 	at android.app.IActivityManager$Stub$Proxy.registerReceiverWithFeature(IActivityManager.java:6156)
03-18 00:18:38.163 30560 30560 E AndroidRuntime: 	at android.app.ContextImpl.registerReceiverInternal(ContextImpl.java:1951)
03-18 00:18:38.163 30560 30560 E AndroidRuntime: 	at android.app.ContextImpl.registerReceiver(ContextImpl.java:1876)
03-18 00:18:38.163 30560 30560 E AndroidRuntime: 	at android.app.ContextImpl.registerReceiver(ContextImpl.java:1864)
03-18 00:18:38.163 30560 30560 E AndroidRuntime: 	at android.content.ContextWrapper.registerReceiver(ContextWrapper.java:788)
03-18 00:18:38.163 30560 30560 E AndroidRuntime: 	at com.tfmonochrome.android.ui.MainActivity.onCreate(MainActivity.kt:96)
03-18 00:18:38.163 30560 30560 E AndroidRuntime: 	at android.app.Activity.performCreate(Activity.java:9400)
03-18 00:18:38.163 30560 30560 E AndroidRuntime: 	at android.app.Activity.performCreate(Activity.java:9372)
03-18 00:18:38.163 30560 30560 E AndroidRuntime: 	at android.app.Instrumentation.callActivityOnCreate(Instrumentation.java:1541)
03-18 00:18:38.163 30560 30560 E AndroidRuntime: 	at android.app.ActivityThread.performLaunchActivity(ActivityThread.java:4604)
03-18 00:18:38.163 30560 30560 E AndroidRuntime: 	... 13 more
03-18 00:18:38.163 30560 30560 E AndroidRuntime: Caused by: android.os.RemoteException: Remote stack trace:
03-18 00:18:38.163 30560 30560 E AndroidRuntime: 	at com.android.server.am.BroadcastController.registerReceiverWithFeatureTraced(BroadcastController.java:493)
03-18 00:18:38.163 30560 30560 E AndroidRuntime: 	at com.android.server.am.BroadcastController.registerReceiverWithFeature(BroadcastController.java:262)
03-18 00:18:38.163 30560 30560 E AndroidRuntime: 	at com.android.server.am.ActivityManagerService.registerReceiverWithFeature(ActivityManagerService.java:15618)
03-18 00:18:38.163 30560 30560 E AndroidRuntime: 	at android.app.IActivityManager$Stub.onTransact(IActivityManager.java:2795)
03-18 00:18:38.163 30560 30560 E AndroidRuntime: 	at com.android.server.am.ActivityManagerService.onTransact(ActivityManagerService.java:3000)
03-18 00:18:38.163 30560 30560 E AndroidRuntime: 
03-18 00:18:38.706 30610 30610 E AndroidRuntime: FATAL EXCEPTION: main
03-18 00:18:38.706 30610 30610 E AndroidRuntime: Process: com.tfmonochrome.android, PID: 30610
03-18 00:18:38.706 30610 30610 E AndroidRuntime: java.lang.RuntimeException: Unable to start activity ComponentInfo{com.tfmonochrome.android/com.tfmonochrome.android.ui.MainActivity}: java.lang.SecurityException: com.tfmonochrome.android: One of RECEIVER_EXPORTED or RECEIVER_NOT_EXPORTED should be specified when a receiver isn't being registered exclusively for system broadcasts
03-18 00:18:38.706 30610 30610 E AndroidRuntime: 	at android.app.ActivityThread.performLaunchActivity(ActivityThread.java:4630)
03-18 00:18:38.706 30610 30610 E AndroidRuntime: 	at android.app.ActivityThread.handleLaunchActivity(ActivityThread.java:4827)
03-18 00:18:38.706 30610 30610 E AndroidRuntime: 	at android.app.servertransaction.LaunchActivityItem.execute(LaunchActivityItem.java:242)
03-18 00:18:38.706 30610 30610 E AndroidRuntime: 	at android.app.servertransaction.TransactionExecutor.executeNonLifecycleItem(TransactionExecutor.java:138)
03-18 00:18:38.706 30610 30610 E AndroidRuntime: 	at android.app.servertransaction.TransactionExecutor.executeTransactionItems(TransactionExecutor.java:108)
03-18 00:18:38.706 30610 30610 E AndroidRuntime: 	at android.app.servertransaction.TransactionExecutor.execute(TransactionExecutor.java:85)
03-18 00:18:38.706 30610 30610 E AndroidRuntime: 	at android.app.ActivityThread$H.handleMessage(ActivityThread.java:3116)
03-18 00:18:38.706 30610 30610 E AndroidRuntime: 	at android.os.Handler.dispatchMessage(Handler.java:115)
03-18 00:18:38.706 30610 30610 E AndroidRuntime: 	at android.os.Looper.loopOnce(Looper.java:298)
03-18 00:18:38.706 30610 30610 E AndroidRuntime: 	at android.os.Looper.loop(Looper.java:408)
03-18 00:18:38.706 30610 30610 E AndroidRuntime: 	at android.app.ActivityThread.main(ActivityThread.java:9964)
03-18 00:18:38.706 30610 30610 E AndroidRuntime: 	at java.lang.reflect.Method.invoke(Native Method)
03-18 00:18:38.706 30610 30610 E AndroidRuntime: 	at com.android.internal.os.RuntimeInit$MethodAndArgsCaller.run(RuntimeInit.java:613)
03-18 00:18:38.706 30610 30610 E AndroidRuntime: 	at com.android.internal.os.ZygoteInit.main(ZygoteInit.java:1074)
03-18 00:18:38.706 30610 30610 E AndroidRuntime: Caused by: java.lang.SecurityException: com.tfmonochrome.android: One of RECEIVER_EXPORTED or RECEIVER_NOT_EXPORTED should be specified when a receiver isn't being registered exclusively for system broadcasts
03-18 00:18:38.706 30610 30610 E AndroidRuntime: 	at android.os.Parcel.createExceptionOrNull(Parcel.java:3369)
03-18 00:18:38.706 30610 30610 E AndroidRuntime: 	at android.os.Parcel.createException(Parcel.java:3353)
03-18 00:18:38.706 30610 30610 E AndroidRuntime: 	at android.os.Parcel.readException(Parcel.java:3336)
03-18 00:18:38.706 30610 30610 E AndroidRuntime: 	at android.os.Parcel.readException(Parcel.java:3278)
03-18 00:18:38.706 30610 30610 E AndroidRuntime: 	at android.app.IActivityManager$Stub$Proxy.registerReceiverWithFeature(IActivityManager.java:6156)
03-18 00:18:38.706 30610 30610 E AndroidRuntime: 	at android.app.ContextImpl.registerReceiverInternal(ContextImpl.java:1951)
03-18 00:18:38.706 30610 30610 E AndroidRuntime: 	at android.app.ContextImpl.registerReceiver(ContextImpl.java:1876)
03-18 00:18:38.706 30610 30610 E AndroidRuntime: 	at android.app.ContextImpl.registerReceiver(ContextImpl.java:1864)
03-18 00:18:38.706 30610 30610 E AndroidRuntime: 	at android.content.ContextWrapper.registerReceiver(ContextWrapper.java:788)
03-18 00:18:38.706 30610 30610 E AndroidRuntime: 	at com.tfmonochrome.android.ui.MainActivity.onCreate(MainActivity.kt:96)
03-18 00:18:38.706 30610 30610 E AndroidRuntime: 	at android.app.Activity.performCreate(Activity.java:9400)
03-18 00:18:38.706 30610 30610 E AndroidRuntime: 	at android.app.Activity.performCreate(Activity.java:9372)
03-18 00:18:38.706 30610 30610 E AndroidRuntime: 	at android.app.Instrumentation.callActivityOnCreate(Instrumentation.java:1541)
03-18 00:18:38.706 30610 30610 E AndroidRuntime: 	at android.app.ActivityThread.performLaunchActivity(ActivityThread.java:4604)
03-18 00:18:38.706 30610 30610 E AndroidRuntime: 	... 13 more
03-18 00:18:39.111 30647 30647 E AndroidRuntime: FATAL EXCEPTION: main
03-18 00:18:39.111 30647 30647 E AndroidRuntime: Process: com.tfmonochrome.android, PID: 30647
03-18 00:18:39.111 30647 30647 E AndroidRuntime: java.lang.RuntimeException: Unable to start activity ComponentInfo{com.tfmonochrome.android/com.tfmonochrome.android.ui.MainActivity}: java.lang.SecurityException: com.tfmonochrome.android: One of RECEIVER_EXPORTED or RECEIVER_NOT_EXPORTED should be specified when a receiver isn't being registered exclusively for system broadcasts
03-18 00:18:39.111 30647 30647 E AndroidRuntime: 	at android.app.ActivityThread.performLaunchActivity(ActivityThread.java:4630)
03-18 00:18:39.111 30647 30647 E AndroidRuntime: 	at android.app.ActivityThread.handleLaunchActivity(ActivityThread.java:4827)
03-18 00:18:39.111 30647 30647 E AndroidRuntime: 	at android.app.servertransaction.LaunchActivityItem.execute(LaunchActivityItem.java:242)
03-18 00:18:39.111 30647 30647 E AndroidRuntime: 	at android.app.servertransaction.TransactionExecutor.executeNonLifecycleItem(TransactionExecutor.java:138)
03-18 00:18:39.111 30647 30647 E AndroidRuntime: 	at android.app.servertransaction.TransactionExecutor.executeTransactionItems(TransactionExecutor.java:108)
03-18 00:18:39.111 30647 30647 E AndroidRuntime: 	at android.app.servertransaction.TransactionExecutor.execute(TransactionExecutor.java:85)
03-18 00:18:39.111 30647 30647 E AndroidRuntime: 	at android.app.ActivityThread$H.handleMessage(ActivityThread.java:3116)
03-18 00:18:39.111 30647 30647 E AndroidRuntime: 	at android.os.Handler.dispatchMessage(Handler.java:115)
03-18 00:18:39.111 30647 30647 E AndroidRuntime: 	at android.os.Looper.loopOnce(Looper.java:298)
03-18 00:18:39.111 30647 30647 E AndroidRuntime: 	at android.os.Looper.loop(Looper.java:408)
03-18 00:18:39.111 30647 30647 E AndroidRuntime: 	at android.app.ActivityThread.main(ActivityThread.java:9964)
03-18 00:18:39.111 30647 30647 E AndroidRuntime: 	at java.lang.reflect.Method.invoke(Native Method)
03-18 00:18:39.111 30647 30647 E AndroidRuntime: 	at com.android.internal.os.RuntimeInit$MethodAndArgsCaller.run(RuntimeInit.java:613)
03-18 00:18:39.111 30647 30647 E AndroidRuntime: 	at com.android.internal.os.ZygoteInit.main(ZygoteInit.java:1074)
03-18 00:18:39.111 30647 30647 E AndroidRuntime: Caused by: java.lang.SecurityException: com.tfmonochrome.android: One of RECEIVER_EXPORTED or RECEIVER_NOT_EXPORTED should be specified when a receiver isn't being registered exclusively for system broadcasts
03-18 00:18:39.111 30647 30647 E AndroidRuntime: 	at android.os.Parcel.createExceptionOrNull(Parcel.java:3369)
03-18 00:18:39.111 30647 30647 E AndroidRuntime: 	at android.os.Parcel.createException(Parcel.java:3353)
03-18 00:18:39.111 30647 30647 E AndroidRuntime: 	at android.os.Parcel.readException(Parcel.java:3336)
03-18 00:18:39.111 30647 30647 E AndroidRuntime: 	at android.os.Parcel.readException(Parcel.java:3278)
03-18 00:18:39.111 30647 30647 E AndroidRuntime: 	at android.app.IActivityManager$Stub$Proxy.registerReceiverWithFeature(IActivityManager.java:6156)
03-18 00:18:39.111 30647 30647 E AndroidRuntime: 	at android.app.ContextImpl.registerReceiverInternal(ContextImpl.java:1951)
03-18 00:18:39.111 30647 30647 E AndroidRuntime: 	at android.app.ContextImpl.registerReceiver(ContextImpl.java:1876)
03-18 00:18:39.111 30647 30647 E AndroidRuntime: 	at android.app.ContextImpl.registerReceiver(ContextImpl.java:1864)
03-18 00:18:39.111 30647 30647 E AndroidRuntime: 	at android.content.ContextWrapper.registerReceiver(ContextWrapper.java:788)
03-18 00:18:39.111 30647 30647 E AndroidRuntime: 	at com.tfmonochrome.android.ui.MainActivity.onCreate(MainActivity.kt:96)
03-18 00:18:39.111 30647 30647 E AndroidRuntime: 	at android.app.Activity.performCreate(Activity.java:9400)
03-18 00:18:39.111 30647 30647 E AndroidRuntime: 	at android.app.Activity.performCreate(Activity.java:9372)
03-18 00:18:39.111 30647 30647 E AndroidRuntime: 	at android.app.Instrumentation.callActivityOnCreate(Instrumentation.java:1541)
03-18 00:18:39.111 30647 30647 E AndroidRuntime: 	at android.app.ActivityThread.performLaunchActivity(ActivityThread.java:4604)
03-18 00:18:39.111 30647 30647 E AndroidRuntime: 	... 13 more
--------- beginning of system
03-18 00:18:39.120 18336 18358 V WindowManagerShell: onTransitionReady (#5024) android.os.BinderProxy@3b62a9b: {id=5024 t=CLOSE f=0x10 trk=0 r=[0@Point(0, 0)] c=[
03-18 00:18:39.120 18336 18358 V WindowManagerShell:         {m=TO_FRONT f=SHOW_WALLPAPER|MOVE_TO_TOP leash=Surface(name=Task=1)/@0xbc91b76 sb=Rect(0, 0 - 1272, 2772) eb=Rect(0, 0 - 1272, 2772) epz=Point(1272, 2772) d=0 taskParent=-1},
03-18 00:18:39.120 18336 18358 V WindowManagerShell:         {m=CLOSE f=NONE leash=Surface(name=Task=4754)/@0xe42d577 sb=Rect(0, 0 - 1272, 2772) eb=Rect(0, 0 - 1272, 2772) epz=Point(1272, 2772) d=0 taskParent=-1}
03-18 00:18:39.120 18336 18358 V WindowManagerShell:     ] 
03-18 00:18:39.120 18336 18358 V WindowManagerShell: extendInfo=[
03-18 00:18:39.120 18336 18358 V WindowManagerShell:  OplusTransitionExtendedInfo{mTmpFinishT=null, mInOplusCompatMode=false, mIsProcessRunning=false, mHasMismatchBoundsTarget=false, mRecentsController=null, mRemoteTransition=null, mIsTranslucentActivityToHome=false, mAvoidInterceptKeyEventToHome=false, mIsFromHome=false, mParentLeash=null, mBackAnimClosingLeash=null, mIsOplusAnimRes=false, mKeepBgForContinuous=false, mIsBalAllow=false, mTaskNotInRecent=false, mIsPredictiveBackAnim=false, mIsMergedWithPredictive=false, mIsLaunchFromSpruce=false, mIsLaunchFromDrive=false, mGlobalSearchPageSwitch=false, mNeedNoAlphaGlobalSearchScene=false, mAssistScreenShowing=false, mSwipeUpBrowserScreenShowing=false, mUserIdTransition=0
03-18 00:18:39.120 18336 18358 V WindowManagerShell: , mInRemoteScene=false, mInPreReady=false, mPreStart=false, mToken=null, mAbortByRemoteFromHome=false, mShellApplyToken=null, mRequestTransitionTaskId=4754, mAbortTransitionOnShell=0, mStartFromShortcut=false, mRemovedTaskId=-1, mTransitionInterruptType=0, mMergeSecondTaskId=-1, mTaskIdStartFromRecents=0, mTransitionId=5024, mCanUseSpringSlideAnim=false, mTransitionLaunchFrom=0, mFoldChangeType=-1, mAnimStartingPosition=[0, 0, 0, 0], mIsOpeningStkDialogActivity=false, mSecondaryHomeToFrontWhenUnFolding=false, mIsNeedApplyStartTForEmbedded=false
03-18 00:18:39.120 18336 18358 V WindowManagerShell: , mNeedCanvasExitAnim=false, mMergeSecondTaskAnimation=false, mIsLaunchUnityStart=false, mIsLaunchFromAssistantByDefault=false, mSkipRemoteTransitionfalse, mIsStartFromKeyguard=false flags=0x0, mWCT=null, mIsOpenMergeToInValidPredictive=false}]}
03-18 00:18:39.120 18336 18358 V WindowManagerShell: Transition (#5024) android.os.BinderProxy@3b62a9b@0 ready while (#5023) android.os.BinderProxy@aa0b2bb@0 is still animating. Notify the animating transition in case they can be merged
03-18 00:18:39.120 18336 18358 V WindowManagerShell:    Merge into remote: RemoteTransition { remoteTransition = android.window.IRemoteTransition$Stub$Proxy@e1dbf97, appThread = android.app.IApplicationThread$Stub$Proxy@8d4c584, debugName = QuickstepLaunch }
03-18 00:18:39.120 18336 18358 D ShellContinuousTransitionController: ifMergeIntoRemote, transiton 5024 is remote, do not merge into remote.
03-18 00:18:39.122  3840  5874 D QuickBackInputPolicy: setInterceptInputKeyStatus, enable=false, enableFlag=1, inputCallback=android.window.IRemoteTransitionInputCallback$Stub$Proxy@cb38e61
03-18 00:18:39.122 18336 18358 V WindowManagerShell: Transition animation finished (aborted=false), notifying core (#5023) android.os.BinderProxy@aa0b2bb@0
03-18 00:18:39.122 18336 18358 D SplitScreen-->AppLockManager: setStartFromSafeControl mStartFromSafeControl=false
03-18 00:18:39.125  3840  4066 D TaskSnapshotCache: putSnapshot mRunningCache top= ActivityRecord{204799630 u0 com.tfmonochrome.android/.ui.MainActivity t4754 f}}, mTaskId=4754, snapshot=TaskSnapshot{ mId=1773807519120 mCaptureTime=366259867592385 mTopActivityComponent=com.tfmonochrome.android/.ui.MainActivity mSnapshot=android.hardware.HardwareBuffer@ddb5d86 (1272x2772) mColorSpace=Display P3 (id=7, model=RGB) mOrientation=1 mRotation=0 mTaskSize=Point(1272, 2772) mOplusCompatMode=false mTopActivityBounds=[0,141][1272,2724] mHasDimLayer=false mContentInsets=[0,141][0,48] mLetterboxInsets=[0,0][0,0] mIsLowResolution=false mIsRealSnapshot=true mWindowingMode=1 mAppearance=0 mIsTranslucent=true mHasImeSurface=false mInternalReferences=2 mUiMode=21, mAppIdMap size= 2
03-18 00:18:39.125  3840  4066 I WindowManager: Queue is too deep! Purged item with index=4752
03-18 00:18:39.126  3840  4062 V WindowManager: Sent Transition (#5024) createdAt=03-18 00:18:39.113 via request=TransitionRequestInfo { type = CLOSE, triggerTask = TaskInfo{userId=0 taskId=4754 effectiveUid=10616 displayId=0 isRunning=true baseIntent=Intent { act=android.intent.action.MAIN cat=[android.intent.category.LAUNCHER] flg=0x10200000 cmp=com.tfmonochrome.android/.ui.MainActivity mCallingUid=10259 } baseActivity=ComponentInfo{com.tfmonochrome.android/com.tfmonochrome.android.ui.MainActivity} topActivity=ComponentInfo{com.tfmonochrome.android/com.tfmonochrome.android.ui.MainActivity} origActivity=null realActivity=ComponentInfo{com.tfmonochrome.android/com.tfmonochrome.android.ui.MainActivity}
03-18 00:18:39.126  3840  4062 V WindowManager:  numActivities=1 lastActiveTime=366259820 supportsSplitScreenMultiWindow=true supportsMultiWindow=true supportsPocketStudioMultiWindow=true isInFlexibleEmbedded = false uid = 10616 pid = 30647 resizeMode=1 isResizeable=true minWidth=-1 minHeight=-1 defaultMinSize=220 token=WCT{RemoteToken{47be016 Task{ec26a45 #4754 type=standard A=10616:com.tfmonochrome.android}}} topActivityType=1 pictureInPictureParams=null shouldDockBigOverlays=false launchIntoPipHostTaskId=-1 lastParentTaskIdBeforePip=-1 displayCutoutSafeInsets=Rect(0, 0 - 0, 0)
03-18 00:18:39.126  3840  4062 V WindowManager:  topActivityInfo=ActivityInfo{42ca87 com.tfmonochrome.android.ui.MainActivity} launchCookies=[android.os.BinderProxy@18f8db4] positionInParent=Point(0, 0) parentTaskId=-1 isFocused=true isVisible=true isVisibleRequested=true isTopActivityNoDisplay=false isSleeping=false locusId=null displayAreaFeatureId=1 isTopActivityTransparent=false isActivityStackTransparent=false lastNonFullscreenBounds=Rect(323, 796 - 949, 2068) capturedLink=null capturedLinkTimestamp=0 requestedVisibleTypes=-9 topActivityRequestOpenInBrowserEducationTimestamp=0
03-18 00:18:39.126  3840  4062 V WindowManager:  appCompatTaskInfo=AppCompatTaskInfo { topActivityInSizeCompat=false topActivityInOplusCompatMode=false eligibleForLetterboxEducation= false isLetterboxEducationEnabled= false isLetterboxDoubleTapEnabled= false eligibleForUserAspectRatioButton= false topActivityBoundsLetterboxed= false isFromLetterboxDoubleTap= false topActivityLetterboxVerticalPosition= -1 topActivityLetterboxHorizontalPosition= -1 topActivityLetterboxWidth=-1 topActivityLetterboxHeight=-1 topActivityAppBounds=Rect(0, 141 - 1272, 2724) isUserFullscreenOverrideEnabled=false isSystemFullscreenOverrideEnabled=false hasMinAspectRatioOverride=false topActivityLetterboxBounds=null cameraCompatTaskInfo=CameraCompatTaskInfo { freeformCameraCompatMode=inactive}} topActivityMainWindowFrame=null topActivityLetterboxInsets=Rect(0, 0 - 0, 0)
03-18 00:18:39.126  3840  4062 V WindowManager:  mOplusExtraBundle = Bundle[{androidx.flexible.taskFrame=Rect(0, 0 - 0, 0), androidx.flexible.Alpha=1.0, androidx.activity.task.attach.blur=0, androidx.activity.LaunchInsensible=0, androidx.activity.LaunchCornerRadius=0, key_flexible_task_state=0, topActivitySupportAppInnerSplit=false, key_flexible_task_animating_type=-1, key_flexible_task_root_activity_processname=com.tfmonochrome.android, androidx.activity.LaunchScenario=0, is_oplus_clone_task=false, flexible_super_mini_state=false, topRunningActivityHash=204799630, androidx.activity.LaunchScale=1.0, androidx.activity.LaunchShadowRadius=0, is_transient_hide_for_task_info=false, key_flexible_task_root_activity_pid=30647, key_flexible_task_root_activity_uid=10616}]}, pipChange = null, remoteTransition = null, displayChange = null, flags = 16, debugId = 5024 }
03-18 00:18:39.126  3840  4062 V WindowManager:     startWCT=WindowContainerTransaction { changes= {} hops= [] errorCallbackToken=null taskFragmentOrganizer=null }
03-18 00:18:39.126  3840  4062 V WindowManager:     info={id=5024 t=CLOSE f=0x10 trk=0 r=[0@Point(0, 0)] c=[
03-18 00:18:39.126  3840  4062 V WindowManager:         {WCT{RemoteToken{fe7353 Task{e154f06 #1 type=home}}} m=TO_FRONT f=SHOW_WALLPAPER|MOVE_TO_TOP leash=Surface(name=Task=1)/@0xfe2690e sb=Rect(0, 0 - 1272, 2772) eb=Rect(0, 0 - 1272, 2772) epz=Point(1272, 2772) d=0 taskParent=-1},
03-18 00:18:39.126  3840  4062 V WindowManager:         {WCT{RemoteToken{47be016 Task{ec26a45 #4754 type=standard A=10616:com.tfmonochrome.android}}} m=CLOSE f=NONE leash=Surface(name=Task=4754)/@0x34f6a8 sb=Rect(0, 0 - 1272, 2772) eb=Rect(0, 0 - 1272, 2772) epz=Point(1272, 2772) d=0 taskParent=-1}
03-18 00:18:39.126  3840  4062 V WindowManager:     ] 
03-18 00:18:39.126  3840  4062 V WindowManager: extendInfo=[
03-18 00:18:39.126  3840  4062 V WindowManager:  OplusTransitionExtendedInfo{mTmpFinishT=null, mInOplusCompatMode=false, mIsProcessRunning=false, mHasMismatchBoundsTarget=false, mRecentsController=null, mRemoteTransition=null, mIsTranslucentActivityToHome=false, mAvoidInterceptKeyEventToHome=false, mIsFromHome=false, mParentLeash=null, mBackAnimClosingLeash=null, mIsOplusAnimRes=false, mKeepBgForContinuous=false, mIsBalAllow=false, mTaskNotInRecent=false, mIsPredictiveBackAnim=false, mIsMergedWithPredictive=false, mIsLaunchFromSpruce=false, mIsLaunchFromDrive=false, mGlobalSearchPageSwitch=false, mNeedNoAlphaGlobalSearchScene=false, mAssistScreenShowing=false, mSwipeUpBrowserScreenShowing=false, mUserIdTransition=0
03-18 00:18:39.126  3840  4062 V WindowManager: , mInRemoteScene=false, mInPreReady=false, mPreStart=false, mToken=null, mAbortByRemoteFromHome=false, mShellApplyToken=null, mRequestTransitionTaskId=4754, mAbortTransitionOnShell=0, mStartFromShortcut=false, mRemovedTaskId=-1, mTransitionInterruptType=0, mMergeSecondTaskId=-1, mTaskIdStartFromRecents=0, mTransitionId=5024, mCanUseSpringSlideAnim=false, mTransitionLaunchFrom=0, mFoldChangeType=-1, mAnimStartingPosition=[0, 0, 0, 0], mIsOpeningStkDialogActivity=false, mSecondaryHomeToFrontWhenUnFolding=false, mIsNeedApplyStartTForEmbedded=false
03-18 00:18:39.126  3840  4062 V WindowManager: , mNeedCanvasExitAnim=false, mMergeSecondTaskAnimation=false, mIsLaunchUnityStart=false, mIsLaunchFromAssistantByDefault=false, mSkipRemoteTransitionfalse, mIsStartFromKeyguard=false flags=0x0, mWCT=null, mIsOpenMergeToInValidPredictive=false}]}
03-18 00:18:39.126  3840  4001 D Transition: finishTransition ar ActivityRecord{26699759 u0 com.android.launcher/.Launcher t4308}, isVisibleRequested=true, state=RESUMED, visibleAtTransitionEndTokens={ActivityRecord{204799630 u0 com.tfmonochrome.android/.ui.MainActivity t4754 f}}, WallpaperWindowToken{cad1aaf showWhenLocked=false}}, this=TransitionRecord{476ac43 id=5023 track=0 type=OPEN flags=0x0 state=2 c=[
03-18 00:18:39.126  3840  4001 D Transition:    ChangeInfo{dd5f2c0 container=ActivityRecord{26699759 u0 com.android.launcher/.Launcher t4308} flags=0x0}
03-18 00:18:39.126  3840  4001 D Transition:    ChangeInfo{48f0bf9 container=OneHanded:0:14@53193943 flags=0x0}
03-18 00:18:39.126  3840  4001 D Transition:    ChangeInfo{224273e container=WallpaperWindowToken{a0ad1ea showWhenLocked=true} flags=0x0}
03-18 00:18:39.126  3840  4001 D Transition:    ChangeInfo{54dc99f container=ActivityRecord{204799630 u0 com.tfmonochrome.android/.ui.MainActivity t4754 f}} flags=0x0}
03-18 00:18:39.126  3840  4001 D Transition:    ChangeInfo{5877aec container=Display{#0 state=ON size=1272x2772 ROTATION_0} flags=0x0}
03-18 00:18:39.126  3840  4001 D Transition:    ChangeInfo{ab6eb5 container=WallpaperWindowToken{cad1aaf showWhenLocked=false} flags=0x0}
03-18 00:18:39.126  3840  4001 D Transition:    ChangeInfo{9b7794a container=Task{e154f06 #1 type=home} flags=0x10}
03-18 00:18:39.126  3840  4001 D Transition:    ChangeInfo{34f60bb container=Task{ec26a45 #4754 type=standard A=10616:com.tfmonochrome.android} flags=0x10}
03-18 00:18:39.126  3840  4001 D Transition:    ChangeInfo{3e759d8 container=DefaultTaskDisplayArea@261315640 flags=0x0}
03-18 00:18:39.126  3840  4001 D Transition:    ChangeInfo{bf14131 container=Task{f9c940b #4308 type=home I=com.android.launcher/.Launcher} flags=0x10}
03-18 00:18:39.126  3840  4001 D Transition: ]
03-18 00:18:39.126  3840  4001 D Transition: }
03-18 00:18:39.126  3840  4001 D Transition: finishTransition ar ActivityRecord{204799630 u0 com.tfmonochrome.android/.ui.MainActivity t4754 f}}, isVisibleRequested=false, state=PAUSING, visibleAtTransitionEndTokens={ActivityRecord{204799630 u0 com.tfmonochrome.android/.ui.MainActivity t4754 f}}, WallpaperWindowToken{cad1aaf showWhenLocked=false}}, this=TransitionRecord{476ac43 id=5023 track=0 type=OPEN flags=0x0 state=2 c=[
03-18 00:18:39.126  3840  4001 D Transition:    ChangeInfo{dd5f2c0 container=ActivityRecord{26699759 u0 com.android.launcher/.Launcher t4308} flags=0x0}
03-18 00:18:39.126  3840  4001 D Transition:    ChangeInfo{48f0bf9 container=OneHanded:0:14@53193943 flags=0x0}
03-18 00:18:39.126  3840  4001 D Transition:    ChangeInfo{224273e container=WallpaperWindowToken{a0ad1ea showWhenLocked=true} flags=0x0}
03-18 00:18:39.126  3840  4001 D Transition:    ChangeInfo{54dc99f container=ActivityRecord{204799630 u0 com.tfmonochrome.android/.ui.MainActivity t4754 f}} flags=0x0}
03-18 00:18:39.126  3840  4001 D Transition:    ChangeInfo{5877aec container=Display{#0 state=ON size=1272x2772 ROTATION_0} flags=0x0}
03-18 00:18:39.126  3840  4001 D Transition:    ChangeInfo{ab6eb5 container=WallpaperWindowToken{cad1aaf showWhenLocked=false} flags=0x0}
03-18 00:18:39.126  3840  4001 D Transition:    ChangeInfo{9b7794a container=Task{e154f06 #1 type=home} flags=0x10}
03-18 00:18:39.126  3840  4001 D Transition:    ChangeInfo{34f60bb container=Task{ec26a45 #4754 type=standard A=10616:com.tfmonochrome.android} flags=0x10}
03-18 00:18:39.126  3840  4001 D Transition:    ChangeInfo{3e759d8 container=DefaultTaskDisplayArea@261315640 flags=0x0}
03-18 00:18:39.126  3840  4001 D Transition:    ChangeInfo{bf14131 container=Task{f9c940b #4308 type=home I=com.android.launcher/.Launcher} flags=0x10}
03-18 00:18:39.126  3840  4001 D Transition: ]
03-18 00:18:39.126  3840  4001 D Transition: }
03-18 00:18:39.126  3840  4001 D ContinuousTransitionController: is match the remote transition.
03-18 00:18:39.126  3840  4001 D ContinuousTransitionController:  ar=ActivityRecord{204799630 u0 com.tfmonochrome.android/.ui.MainActivity t4754 f}} isInLastPlaying remoteTransition: TransitionRecord{889d647 id=5024 track=0 type=CLOSE flags=0x10 state=2 c=[
03-18 00:18:39.126  3840  4001 D ContinuousTransitionController:    ChangeInfo{3e40e74 container=ActivityRecord{26699759 u0 com.android.launcher/.Launcher t4308} flags=0x0}
03-18 00:18:39.126  3840  4001 D ContinuousTransitionController:    ChangeInfo{639af9d container=OneHanded:0:14@53193943 flags=0x0}
03-18 00:18:39.126  3840  4001 D ContinuousTransitionController:    ChangeInfo{a7fcc12 container=ActivityRecord{204799630 u0 com.tfmonochrome.android/.ui.MainActivity t4754 f}} flags=0x0}
03-18 00:18:39.126  3840  4001 D ContinuousTransitionController:    ChangeInfo{838fe3 container=Display{#0 state=ON size=1272x2772 ROTATION_0} flags=0x0}
03-18 00:18:39.126  3840  4001 D ContinuousTransitionController:    ChangeInfo{4caac4f container=Task{e154f06 #1 type=home} flags=0x30}
03-18 00:18:39.126  3840  4001 D ContinuousTransitionController:    ChangeInfo{ee59fdc container=Task{ec26a45 #4754 type=standard A=10616:com.tfmonochrome.android} flags=0x10}
03-18 00:18:39.126  3840  4001 D ContinuousTransitionController:    ChangeInfo{a6d9de0 container=DefaultTaskDisplayArea@261315640 flags=0x0}
03-18 00:18:39.126  3840  4001 D ContinuousTransitionController:    ChangeInfo{206a899 container=Task{f9c940b #4308 type=home I=com.android.launcher/.Launcher} flags=0x30}
03-18 00:18:39.126  3840  4001 D ContinuousTransitionController: ]
03-18 00:18:39.126  3840  4001 D ContinuousTransitionController: } to home, so set visibleAtTransitionEnd true avoid commit visibility
03-18 00:18:39.126  3840  4001 I OplusAppSwitchManagerService:  handleAppVisible , r = ActivityRecord{204799630 u0 com.tfmonochrome.android/.ui.MainActivity t4754 f}}
03-18 00:18:39.126  3840  4001 D OplusTransitionController: finishTransition, transition: TransitionRecord{476ac43 id=5023 track=0 type=OPEN flags=0x0 state=4 c=[
03-18 00:18:39.126  3840  4001 D OplusTransitionController:    ChangeInfo{dd5f2c0 container=ActivityRecord{26699759 u0 com.android.launcher/.Launcher t4308} flags=0x0}
03-18 00:18:39.126  3840  4001 D OplusTransitionController:    ChangeInfo{48f0bf9 container=OneHanded:0:14@53193943 flags=0x0}
03-18 00:18:39.126  3840  4001 D OplusTransitionController:    ChangeInfo{224273e container=WallpaperWindowToken{a0ad1ea showWhenLocked=true} flags=0x0}
03-18 00:18:39.126  3840  4001 D OplusTransitionController:    ChangeInfo{54dc99f container=ActivityRecord{204799630 u0 com.tfmonochrome.android/.ui.MainActivity t4754 f}} flags=0x0}
03-18 00:18:39.126  3840  4001 D OplusTransitionController:    ChangeInfo{5877aec container=Display{#0 state=ON size=1272x2772 ROTATION_0} flags=0x0}
03-18 00:18:39.126  3840  4001 D OplusTransitionController:    ChangeInfo{ab6eb5 container=WallpaperWindowToken{cad1aaf showWhenLocked=false} flags=0x0}
03-18 00:18:39.126  3840  4001 D OplusTransitionController:    ChangeInfo{9b7794a container=Task{e154f06 #1 type=home} flags=0x10}
03-18 00:18:39.126  3840  4001 D OplusTransitionController:    ChangeInfo{34f60bb container=Task{ec26a45 #4754 type=standard A=10616:com.tfmonochrome.android} flags=0x10}
03-18 00:18:39.126  3840  4001 D OplusTransitionController:    ChangeInfo{3e759d8 container=DefaultTaskDisplayArea@261315640 flags=0x0}
03-18 00:18:39.126  3840  4001 D OplusTransitionController:    ChangeInfo{bf14131 container=Task{f9c940b #4308 type=home I=com.android.launcher/.Launcher} flags=0x10}
03-18 00:18:39.126  3840  4001 D OplusTransitionController: ]
03-18 00:18:39.126  3840  4001 D OplusTransitionController: }
03-18 00:18:39.126  3840  4001 D FlexibleTaskTransitionController:  finishTransition pendingRecentToFlexibleTask:null,isRotationTransition:false ,pendingRecentToFlexible:null ,transition:TransitionRecord{476ac43 id=5023 track=0 type=OPEN flags=0x0 state=4 c=[
03-18 00:18:39.126  3840  4001 D FlexibleTaskTransitionController:    ChangeInfo{dd5f2c0 container=ActivityRecord{26699759 u0 com.android.launcher/.Launcher t4308} flags=0x0}
03-18 00:18:39.126  3840  4001 D FlexibleTaskTransitionController:    ChangeInfo{48f0bf9 container=OneHanded:0:14@53193943 flags=0x0}
03-18 00:18:39.126  3840  4001 D FlexibleTaskTransitionController:    ChangeInfo{224273e container=WallpaperWindowToken{a0ad1ea showWhenLocked=true} flags=0x0}
03-18 00:18:39.126  3840  4001 D FlexibleTaskTransitionController:    ChangeInfo{54dc99f container=ActivityRecord{204799630 u0 com.tfmonochrome.android/.ui.MainActivity t4754 f}} flags=0x0}
03-18 00:18:39.126  3840  4001 D FlexibleTaskTransitionController:    ChangeInfo{5877aec container=Display{#0 state=ON size=1272x2772 ROTATION_0} flags=0x0}
03-18 00:18:39.126  3840  4001 D FlexibleTaskTransitionController:    ChangeInfo{ab6eb5 container=WallpaperWindowToken{cad1aaf showWhenLocked=false} flags=0x0}
03-18 00:18:39.126  3840  4001 D FlexibleTaskTransitionController:    ChangeInfo{9b7794a container=Task{e154f06 #1 type=home} flags=0x10}
03-18 00:18:39.126  3840  4001 D FlexibleTaskTransitionController:    ChangeInfo{34f60bb container=Task{ec26a45 #4754 type=standard A=10616:com.tfmonochrome.android} flags=0x10}
03-18 00:18:39.126  3840  4001 D FlexibleTaskTransitionController:    ChangeInfo{3e759d8 container=DefaultTaskDisplayArea@261315640 flags=0x0}
03-18 00:18:39.126  3840  4001 D FlexibleTaskTransitionController:    ChangeInfo{bf14131 container=Task{f9c940b #4308 type=home I=com.android.launcher/.Launcher} flags=0x10}
03-18 00:18:39.126  3840  4001 D FlexibleTaskTransitionController: ]
03-18 00:18:39.126  3840  4001 D FlexibleTaskTransitionController: }
03-18 00:18:39.127  3840  4075 W UserAwareMgr: event can not be released, id: 5005, count: 9, releasePid: 3840
03-18 00:18:39.127 18336 18358 D ShellTaskOrganizer: onTransitionFinish, isRecent:false
03-18 00:18:39.127 18336 18358 V WindowManagerShell: Playing animation for (#5024) android.os.BinderProxy@3b62a9b@0
03-18 00:18:39.127 18336 18358 V ShellRecents: RecentsTransitionHandler.startAnimation: no controller found
03-18 00:18:39.127 18336 18358 V WindowManagerShell: start OnePuttTransition animation, info = {id=5024 t=CLOSE f=0x10 trk=0 r=[0@Point(0, 0)] c=[{m=TO_FRONT f=SHOW_WALLPAPER|MOVE_TO_TOP leash=Surface(name=Task=1)/@0xbc91b76 sb=Rect(0, 0 - 1272, 2772) eb=Rect(0, 0 - 1272, 2772) epz=Point(1272, 2772) d=0 taskParent=-1},{m=CLOSE f=NONE leash=Surface(name=Task=4754)/@0xe42d577 sb=Rect(0, 0 - 1272, 2772) eb=Rect(0, 0 - 1272, 2772) epz=Point(1272, 2772) d=0 taskParent=-1}] 
03-18 00:18:39.127 18336 18358 V WindowManagerShell: extendInfo=[
03-18 00:18:39.127 18336 18358 V WindowManagerShell:  OplusTransitionExtendedInfo{mTmpFinishT=null, mInOplusCompatMode=false, mIsProcessRunning=false, mHasMismatchBoundsTarget=false, mRecentsController=null, mRemoteTransition=android.os.BinderProxy@ca6198d, mIsTranslucentActivityToHome=false, mAvoidInterceptKeyEventToHome=false, mIsFromHome=false, mParentLeash=null, mBackAnimClosingLeash=null, mIsOplusAnimRes=false, mKeepBgForContinuous=false, mIsBalAllow=false, mTaskNotInRecent=false, mIsPredictiveBackAnim=false, mIsMergedWithPredictive=false, mIsLaunchFromSpruce=false, mIsLaunchFromDrive=false, mGlobalSearchPageSwitch=false, mNeedNoAlphaGlobalSearchScene=false, mAssistScreenShowing=false, mSwipeUpBrowserScreenShowing=false, mUserIdTransition=0
03-18 00:18:39.127 18336 18358 V WindowManagerShell: , mInRemoteScene=false, mInPreReady=false, mPreStart=false, mToken=null, mAbortByRemoteFromHome=false, mShellApplyToken=null, mRequestTransitionTaskId=4754, mAbortTransitionOnShell=0, mStartFromShortcut=false, mRemovedTaskId=-1, mTransitionInterruptType=0, mMergeSecondTaskId=-1, mTaskIdStartFromRecents=0, mTransitionId=5024, mCanUseSpringSlideAnim=false, mTransitionLaunchFrom=0, mFoldChangeType=-1, mAnimStartingPosition=[0, 0, 0, 0], mIsOpeningStkDialogActivity=false, mSecondaryHomeToFrontWhenUnFolding=false, mIsNeedApplyStartTForEmbedded=false
03-18 00:18:39.127 18336 18358 V WindowManagerShell: , mNeedCanvasExitAnim=false, mMergeSecondTaskAnimation=false, mIsLaunchUnityStart=false, mIsLaunchFromAssistantByDefault=false, mSkipRemoteTransitionfalse, mIsStartFromKeyguard=false flags=0x0, mWCT=null, mIsOpenMergeToInValidPredictive=false}]}
03-18 00:18:39.127 18336 18358 V WindowManagerShell: Transition doesn't have explicit remote, search filters for match for {id=5024 t=CLOSE f=0x10 trk=0 r=[0@Point(0, 0)] c=[{m=TO_FRONT f=SHOW_WALLPAPER|MOVE_TO_TOP leash=Surface(name=Task=1)/@0xbc91b76 sb=Rect(0, 0 - 1272, 2772) eb=Rect(0, 0 - 1272, 2772) epz=Point(1272, 2772) d=0 taskParent=-1},{m=CLOSE f=NONE leash=Surface(name=Task=4754)/@0xe42d577 sb=Rect(0, 0 - 1272, 2772) eb=Rect(0, 0 - 1272, 2772) epz=Point(1272, 2772) d=0 taskParent=-1}] 
03-18 00:18:39.127 18336 18358 V WindowManagerShell: extendInfo=[
03-18 00:18:39.127 18336 18358 V WindowManagerShell:  OplusTransitionExtendedInfo{mTmpFinishT=null, mInOplusCompatMode=false, mIsProcessRunning=false, mHasMismatchBoundsTarget=false, mRecentsController=null, mRemoteTransition=android.os.BinderProxy@ca6198d, mIsTranslucentActivityToHome=false, mAvoidInterceptKeyEventToHome=false, mIsFromHome=false, mParentLeash=null, mBackAnimClosingLeash=null, mIsOplusAnimRes=false, mKeepBgForContinuous=false, mIsBalAllow=false, mTaskNotInRecent=false, mIsPredictiveBackAnim=false, mIsMergedWithPredictive=false, mIsLaunchFromSpruce=false, mIsLaunchFromDrive=false, mGlobalSearchPageSwitch=false, mNeedNoAlphaGlobalSearchScene=false, mAssistScreenShowing=false, mSwipeUpBrowserScreenShowing=false, mUserIdTransition=0
03-18 00:18:39.127 18336 18358 V WindowManagerShell: , mInRemoteScene=false, mInPreReady=false, mPreStart=false, mToken=null, mAbortByRemoteFromHome=false, mShellApplyToken=null, mRequestTransitionTaskId=4754, mAbortTransitionOnShell=0, mStartFromShortcut=false, mRemovedTaskId=-1, mTransitionInterruptType=0, mMergeSecondTaskId=-1, mTaskIdStartFromRecents=0, mTransitionId=5024, mCanUseSpringSlideAnim=false, mTransitionLaunchFrom=0, mFoldChangeType=-1, mAnimStartingPosition=[0, 0, 0, 0], mIsOpeningStkDialogActivity=false, mSecondaryHomeToFrontWhenUnFolding=false, mIsNeedApplyStartTForEmbedded=false
03-18 00:18:39.127 18336 18358 V WindowManagerShell: , mNeedCanvasExitAnim=false, mMergeSecondTaskAnimation=false, mIsLaunchUnityStart=false, mIsLaunchFromAssistantByDefault=false, mSkipRemoteTransitionfalse, mIsStartFromKeyguard=false flags=0x0, mWCT=null, mIsOpenMergeToInValidPredictive=false}]}
03-18 00:18:39.127 18336 18358 V WindowManagerShell:  Checking filter Pair{{types=[] flags=0x0] notFlags=0x100 checks=[{atype=home independent=true modes=[OPEN,TO_FRONT] flags=NONE mustBeTask=false order=TOP topActivity=ComponentInfo{com.android.launcher/com.android.launcher.Launcher} launchCookie=null windowingMode=undefined},{atype=standard independent=true modes=[CLOSE,TO_BACK] flags=NONE mustBeTask=false order=ANY topActivity=null launchCookie=null windowingMode=undefined}]} RemoteTransition { remoteTransition = android.window.IRemoteTransition$Stub$Proxy@55852b7, appThread = android.app.IApplicationThread$Stub$Proxy@592a24, debugName = QuickstepLaunchHome }}
03-18 00:18:39.127 18336 18358 D RemoteTransitionHandler: Found filterPair{{types=[] flags=0x0] notFlags=0x100 checks=[{atype=home independent=true modes=[OPEN,TO_FRONT] flags=NONE mustBeTask=false order=TOP topActivity=ComponentInfo{com.android.launcher/com.android.launcher.Launcher} launchCookie=null windowingMode=undefined},{atype=standard independent=true modes=[CLOSE,TO_BACK] flags=NONE mustBeTask=false order=ANY topActivity=null launchCookie=null windowingMode=undefined}]} RemoteTransition { remoteTransition = android.window.IRemoteTransition$Stub$Proxy@55852b7, appThread = android.app.IApplicationThread$Stub$Proxy@592a24, debugName = QuickstepLaunchHome }}
03-18 00:18:39.127 18336 18358 V WindowManagerShell:  Delegate animation for (#5024) to RemoteTransition { remoteTransition = android.window.IRemoteTransition$Stub$Proxy@55852b7, appThread = android.app.IApplicationThread$Stub$Proxy@592a24, debugName = QuickstepLaunchHome }
03-18 00:18:39.128  3840  5808 D OplusWallpaperAnimationManager: cancelSurfaceAnimation reason: play_animation, isAnimating: true, by window: Window{7277bfe u0 com.android.launcher/com.android.launcher.Launcher}
03-18 00:18:39.128  3840  5808 D OplusWallpaperAnimationManager: startScaleAnimation frame: Rect(0, 0 - 1272, 2772) parentFrame: Rect(0, 0 - 1272, 2772) from: 1.029513 to: 1.0 duration: 1000 mTargetZoom: -1.0 targetZoom: -1.0 by window: Window{7277bfe u0 com.android.launcher/com.android.launcher.Launcher}
03-18 00:18:39.128  3840  4067 D OplusWallpaperSurfaceAnimation: setAnimationState curState: INTERRUPT
03-18 00:18:39.128  3840  4067 D OplusWallpaperAnimationManager: onAnimationCancel
03-18 00:18:39.128  3840  4067 D OplusWallpaperSurfaceAnimation: resetEnable curState: INTERRUPT
03-18 00:18:39.128  3840  4067 D OplusWallpaperSurfaceAnimation: setAnimationState curState: INITIALIZED
03-18 00:18:39.128  3840  4067 D OplusWallpaperAnimationManager: onAnimationStart
03-18 00:18:39.128  3840  4067 D OplusWallpaperAnimationManager: setSkipUpdateWallpaperPosition skip: true, wallpaper: Window{d4d7aed u0 com.android.systemui.wallpapers.ImageWallpaper}
03-18 00:18:39.128  3840  4067 D OplusWallpaperSurfaceAnimation: setAnimationState curState: STARTED
03-18 00:18:39.128 18336 18358 V WindowManagerShell:  animated by com.android.wm.shell.transition.RemoteTransitionHandler@29a013f
03-18 00:18:39.129  3840  5808 D Transition: finishTransaction-onCommitted syncId=5023
03-18 00:18:39.130  3840  4065 D FlexibleTaskController: check task which not have enough child, isInSingleWhiteList:false isCloneTask:false
03-18 00:18:39.131  3840  4117 D PowerManagerService: userActivityNoUpdateLocked: groupId=0, eventTime=254058234, event=touch, flags=0x0, uid=1000
03-18 00:18:39.132  3840  4117 D PowerManagerService: userActivityNoUpdateLocked: groupId=0, eventTime=254058234, event=touch, flags=0x0, uid=1000
03-18 00:18:39.132  3840  5914 I ActivityManager: Death received, pid = 30647, processName = com.tfmonochrome.android for thread android.os.BinderProxy@712b37c
03-18 00:18:39.132  3840  5912 D OplusWallpaperAnimationManager: cancelSurfaceAnimation reason: play_animation, isAnimating: true, by window: Window{7277bfe u0 com.android.launcher/com.android.launcher.Launcher}
03-18 00:18:39.132  3840  5912 D OplusWallpaperAnimationManager: startScaleAnimation frame: Rect(0, 0 - 1272, 2772) parentFrame: Rect(0, 0 - 1272, 2772) from: 1.029513 to: 1.0 duration: 1000 mTargetZoom: -1.0 targetZoom: -1.0 by window: Window{7277bfe u0 com.android.launcher/com.android.launcher.Launcher}
03-18 00:18:39.132  3840  4067 D OplusWallpaperSurfaceAnimation: setAnimationState curState: INTERRUPT
03-18 00:18:39.132  3840  4067 D OplusWallpaperAnimationManager: onAnimationCancel
03-18 00:18:39.132  3840  4067 D OplusWallpaperSurfaceAnimation: resetEnable curState: INTERRUPT
03-18 00:18:39.132  3840  4067 D OplusWallpaperSurfaceAnimation: setAnimationState curState: INITIALIZED
03-18 00:18:39.132  3840  4067 D OplusWallpaperAnimationManager: onAnimationStart
03-18 00:18:39.133  3840  4067 D OplusWallpaperAnimationManager: setSkipUpdateWallpaperPosition skip: true, wallpaper: Window{d4d7aed u0 com.android.systemui.wallpapers.ImageWallpaper}
03-18 00:18:39.133  3840  4067 D OplusWallpaperSurfaceAnimation: setAnimationState curState: STARTED
03-18 00:18:39.133  5600  6901 I iopgp   : Iopgp: TRANSACTION_IOPGP_ON_ACTIVITY_LAUNCH_CANCELLED sequence_id = 127
03-18 00:18:39.133  3840  5355 I ActivityManager: Process com.tfmonochrome.android (pid 30647) has died: fg  TOP 
03-18 00:18:39.133  3840  4930 D BackgroundInstallControlService: Package event received: 0
03-18 00:18:39.134  3840  4075 I UserAwareMgr: process killed: {pkgName='com.tfmonochrome.android', serviceName='', procName=com.tfmonochrome.android, pid=30647, uid=10616, appId=0, owner='null', flags='fg1', renderTid=0, hwuiTids=null, glTids=null, threadInfos=null, mVideoActivityList=[], mStates=0}
03-18 00:18:39.134  3840  4075 I UserAwareMgr: handleProcessKilled, pkgName: com.tfmonochrome.android, pid: 30647
03-18 00:18:39.135  3840  5355 D SnapshotCache: removeRunningEntry id: 4754, callers=com.android.server.wm.SnapshotCache.onAppRemoved:91 com.android.server.wm.AbsAppSnapshotController.onAppRemoved:755 com.android.server.wm.SnapshotController.onAppRemoved:97 
03-18 00:18:39.135  3840  5355 D ActivityTaskManager: removeAppToken: ActivityRecord{204799630 u0 com.tfmonochrome.android/.ui.MainActivity t4754 f}} delayed=true parent=Task{ec26a45 #4754 type=standard A=10616:com.tfmonochrome.android} animating=true Callers=com.android.server.wm.DisplayContent.removeAppToken:1759 com.android.server.wm.ActivityRecord.removeFromHistory:4989 com.android.server.wm.ActivityRecord.handleAppDied:5348 com.android.server.wm.WindowProcessController.handleAppDied:1709 
03-18 00:18:39.135  3840  5355 D ActivityTaskManager: cannot removestartingWindow getSyncTransactionCommitCallbackDepth:1 ,mSyncState:0 ,isCollecting:false
03-18 00:18:39.135  3840  5355 D FlexibleWindowManagerService: [resetSiblingEmbeddedTasksToFullScreen] return as is home or recent
03-18 00:18:39.138  3840  5919 I BLASTSyncEngine: onCommitted syncId: 5024, timeout: false ran: false
03-18 00:18:39.138  5600  5600 I iopgp   : Iopgp::abort tracing.
03-18 00:18:39.138  3840  5919 D ActivityTaskManager: removeStartingWindowAnimation starting ActivityRecord{204799630 u0 com.tfmonochrome.android/.ui.MainActivity t4754 f} isExiting} startingWindow=null ,startingView=com.android.server.wm.StartingSurfaceController$StartingSurface@9fc3436,Callers=com.android.server.wm.ActivityRecord.onSyncTransactionCommitted:3431 com.android.server.wm.BLASTSyncEngine$SyncGroup$1CommitCallback.onCommitted:344 com.android.server.wm.BLASTSyncEngine$SyncGroup.lambda$finishNow$1:389 com.android.server.wm.BLASTSyncEngine$SyncGroup$$ExternalSyntheticLambda0.onTransactionCommitted:0 android.view.SurfaceControl$Transaction$$ExternalSyntheticLambda4.run:0 
03-18 00:18:39.138  3840  5919 D OplusStartingWindowManager: interceptRemoveStartingWindow: packageName=com.tfmonochrome.android,  componentName=com.tfmonochrome.android/.ui.MainActivity, isSnapshot=false, startingSurfaceRunnable=null, isDrawCompleted=false, hasSurfaceView=false, inTransition=true
03-18 00:18:39.138  3840  5919 D OplusSplitScreenManagerService: notifyRemoveStartingWindow mOplusSpiltScreenDnDUI is null, just return!
03-18 00:18:39.138  3840  5919 D OplusStartingWindowManager: interceptRemoveStartingWindow: hasSplashWindowFlag() return false for activity=ActivityRecord{204799630 u0 com.tfmonochrome.android/.ui.MainActivity t4754 f} isExiting}
03-18 00:18:39.138  3840  4930 D BackgroundInstallControlService: Package event received: 0
03-18 00:18:39.140  3840  5919 V WindowManager: Relayout Window{fd5771c u0 Splash Screen com.tfmonochrome.android}: viewVisibility=8, oldvis=0, req=1272x2772 , apr = 0, vsysui=
03-18 00:18:39.141  3840  4001 D VRR [OPlusRefreshRateService]:  HandleSetAppFrameRate [ 20 , com.tfmonochrome.android , false , version-1 ]
03-18 00:18:39.142  3840  5919 D QuickBackInputPolicy: hasMultiChildrenInTask: false
03-18 00:18:39.142  3840  5919 D WindowManager: NFW_findFocusedWindowIfNeeded:Window{7277bfe u0 com.android.launcher/com.android.launcher.Launcher} mCurrentFocus:Window{7277bfe u0 com.android.launcher/com.android.launcher.Launcher}
03-18 00:18:39.143  3840  4001 I WindowStateExtImpl: onSurfaceShowChange show = false mPackageName = com.tfmonochrome.android parentPkgName = com.tfmonochrome.android
03-18 00:18:39.143  3840  4001 I WindowManager: Window{fd5771c u0 Splash Screen com.tfmonochrome.android EXITING} state from HAS_DRAWN to NO_SURFACE; reason: destroySurface
03-18 00:18:39.144  3840  4001 D QuickBackInputPolicy: hasMultiChildrenInTask: false
