03-17 23:33:43.293 10670 10670 E AndroidRuntime: Process: tf.monochrome.android, PID: 10670
03-17 23:33:43.293 10670 10670 E AndroidRuntime: java.lang.RuntimeException: Unable to start activity ComponentInfo{tf.monochrome.android/io.appwrite.views.CallbackActivity}: io.appwrite.exceptions.AppwriteException: Authentication cookie missing!
03-18 00:00:04.823  8948  8948 E AndroidRuntime: Process: tf.monochrome.android, PID: 8948
03-18 00:00:04.823  8948  8948 E AndroidRuntime: java.lang.RuntimeException: Unable to start activity ComponentInfo{tf.monochrome.android/io.appwrite.views.CallbackActivity}: io.appwrite.exceptions.AppwriteException: Authentication cookie missing!
03-18 00:16:14.613 25718 25718 E AndroidRuntime: Process: com.tfmonochrome.android, PID: 25718
03-18 00:16:14.613 25718 25718 E AndroidRuntime: java.lang.RuntimeException: Unable to start activity ComponentInfo{com.tfmonochrome.android/com.tfmonochrome.android.ui.MainActivity}: java.lang.SecurityException: com.tfmonochrome.android: One of RECEIVER_EXPORTED or RECEIVER_NOT_EXPORTED should be specified when a receiver isn't being registered exclusively for system broadcasts
03-18 00:16:14.613 25718 25718 E AndroidRuntime: Caused by: java.lang.SecurityException: com.tfmonochrome.android: One of RECEIVER_EXPORTED or RECEIVER_NOT_EXPORTED should be specified when a receiver isn't being registered exclusively for system broadcasts
03-18 00:16:14.613 25718 25718 E AndroidRuntime: 	at com.tfmonochrome.android.ui.MainActivity.onCreate(MainActivity.kt:96)
03-18 00:16:18.635 25995 25995 E AndroidRuntime: Process: com.tfmonochrome.android, PID: 25995
03-18 00:16:18.635 25995 25995 E AndroidRuntime: java.lang.RuntimeException: Unable to start activity ComponentInfo{com.tfmonochrome.android/com.tfmonochrome.android.ui.MainActivity}: java.lang.SecurityException: com.tfmonochrome.android: One of RECEIVER_EXPORTED or RECEIVER_NOT_EXPORTED should be specified when a receiver isn't being registered exclusively for system broadcasts
03-18 00:16:18.635 25995 25995 E AndroidRuntime: Caused by: java.lang.SecurityException: com.tfmonochrome.android: One of RECEIVER_EXPORTED or RECEIVER_NOT_EXPORTED should be specified when a receiver isn't being registered exclusively for system broadcasts
03-18 00:16:18.635 25995 25995 E AndroidRuntime: 	at com.tfmonochrome.android.ui.MainActivity.onCreate(MainActivity.kt:96)
03-18 00:16:20.858 26080 26080 E AndroidRuntime: Process: com.tfmonochrome.android, PID: 26080
03-18 00:16:20.858 26080 26080 E AndroidRuntime: java.lang.RuntimeException: Unable to start activity ComponentInfo{com.tfmonochrome.android/com.tfmonochrome.android.ui.MainActivity}: java.lang.SecurityException: com.tfmonochrome.android: One of RECEIVER_EXPORTED or RECEIVER_NOT_EXPORTED should be specified when a receiver isn't being registered exclusively for system broadcasts
03-18 00:16:20.858 26080 26080 E AndroidRuntime: Caused by: java.lang.SecurityException: com.tfmonochrome.android: One of RECEIVER_EXPORTED or RECEIVER_NOT_EXPORTED should be specified when a receiver isn't being registered exclusively for system broadcasts
03-18 00:16:20.858 26080 26080 E AndroidRuntime: 	at com.tfmonochrome.android.ui.MainActivity.onCreate(MainActivity.kt:96)
03-18 00:16:21.705 26117 26117 E AndroidRuntime: Process: com.tfmonochrome.android, PID: 26117
03-18 00:16:21.705 26117 26117 E AndroidRuntime: java.lang.RuntimeException: Unable to start activity ComponentInfo{com.tfmonochrome.android/com.tfmonochrome.android.ui.MainActivity}: java.lang.SecurityException: com.tfmonochrome.android: One of RECEIVER_EXPORTED or RECEIVER_NOT_EXPORTED should be specified when a receiver isn't being registered exclusively for system broadcasts
03-18 00:16:21.705 26117 26117 E AndroidRuntime: Caused by: java.lang.SecurityException: com.tfmonochrome.android: One of RECEIVER_EXPORTED or RECEIVER_NOT_EXPORTED should be specified when a receiver isn't being registered exclusively for system broadcasts
03-18 00:16:21.705 26117 26117 E AndroidRuntime: 	at com.tfmonochrome.android.ui.MainActivity.onCreate(MainActivity.kt:96)
03-18 00:16:22.218 26229 26229 E AndroidRuntime: Process: com.tfmonochrome.android, PID: 26229
03-18 00:16:22.218 26229 26229 E AndroidRuntime: java.lang.RuntimeException: Unable to start activity ComponentInfo{com.tfmonochrome.android/com.tfmonochrome.android.ui.MainActivity}: java.lang.SecurityException: com.tfmonochrome.android: One of RECEIVER_EXPORTED or RECEIVER_NOT_EXPORTED should be specified when a receiver isn't being registered exclusively for system broadcasts
03-18 00:16:22.218 26229 26229 E AndroidRuntime: Caused by: java.lang.SecurityException: com.tfmonochrome.android: One of RECEIVER_EXPORTED or RECEIVER_NOT_EXPORTED should be specified when a receiver isn't being registered exclusively for system broadcasts
03-18 00:16:22.218 26229 26229 E AndroidRuntime: 	at com.tfmonochrome.android.ui.MainActivity.onCreate(MainActivity.kt:96)
03-18 00:16:45.483 27154 27154 E AndroidRuntime: Process: com.tfmonochrome.android, PID: 27154
03-18 00:16:45.483 27154 27154 E AndroidRuntime: java.lang.RuntimeException: Unable to start activity ComponentInfo{com.tfmonochrome.android/com.tfmonochrome.android.ui.MainActivity}: java.lang.SecurityException: com.tfmonochrome.android: One of RECEIVER_EXPORTED or RECEIVER_NOT_EXPORTED should be specified when a receiver isn't being registered exclusively for system broadcasts
03-18 00:16:45.483 27154 27154 E AndroidRuntime: Caused by: java.lang.SecurityException: com.tfmonochrome.android: One of RECEIVER_EXPORTED or RECEIVER_NOT_EXPORTED should be specified when a receiver isn't being registered exclusively for system broadcasts
03-18 00:16:45.483 27154 27154 E AndroidRuntime: 	at com.tfmonochrome.android.ui.MainActivity.onCreate(MainActivity.kt:96)
03-18 00:16:46.184 27211 27211 E AndroidRuntime: Process: com.tfmonochrome.android, PID: 27211
03-18 00:16:46.184 27211 27211 E AndroidRuntime: java.lang.RuntimeException: Unable to start activity ComponentInfo{com.tfmonochrome.android/com.tfmonochrome.android.ui.MainActivity}: java.lang.SecurityException: com.tfmonochrome.android: One of RECEIVER_EXPORTED or RECEIVER_NOT_EXPORTED should be specified when a receiver isn't being registered exclusively for system broadcasts
03-18 00:16:46.184 27211 27211 E AndroidRuntime: Caused by: java.lang.SecurityException: com.tfmonochrome.android: One of RECEIVER_EXPORTED or RECEIVER_NOT_EXPORTED should be specified when a receiver isn't being registered exclusively for system broadcasts
03-18 00:16:46.184 27211 27211 E AndroidRuntime: 	at com.tfmonochrome.android.ui.MainActivity.onCreate(MainActivity.kt:96)
03-18 00:18:32.510 30401 30401 E AndroidRuntime: Process: com.tfmonochrome.android, PID: 30401
03-18 00:18:32.510 30401 30401 E AndroidRuntime: java.lang.RuntimeException: Unable to start activity ComponentInfo{com.tfmonochrome.android/com.tfmonochrome.android.ui.MainActivity}: java.lang.SecurityException: com.tfmonochrome.android: One of RECEIVER_EXPORTED or RECEIVER_NOT_EXPORTED should be specified when a receiver isn't being registered exclusively for system broadcasts
03-18 00:18:32.510 30401 30401 E AndroidRuntime: Caused by: java.lang.SecurityException: com.tfmonochrome.android: One of RECEIVER_EXPORTED or RECEIVER_NOT_EXPORTED should be specified when a receiver isn't being registered exclusively for system broadcasts
03-18 00:18:32.510 30401 30401 E AndroidRuntime: 	at com.tfmonochrome.android.ui.MainActivity.onCreate(MainActivity.kt:96)
03-18 00:18:37.132 30512 30512 E AndroidRuntime: Process: com.tfmonochrome.android, PID: 30512
03-18 00:18:37.132 30512 30512 E AndroidRuntime: java.lang.RuntimeException: Unable to start activity ComponentInfo{com.tfmonochrome.android/com.tfmonochrome.android.ui.MainActivity}: java.lang.SecurityException: com.tfmonochrome.android: One of RECEIVER_EXPORTED or RECEIVER_NOT_EXPORTED should be specified when a receiver isn't being registered exclusively for system broadcasts
03-18 00:18:37.132 30512 30512 E AndroidRuntime: Caused by: java.lang.SecurityException: com.tfmonochrome.android: One of RECEIVER_EXPORTED or RECEIVER_NOT_EXPORTED should be specified when a receiver isn't being registered exclusively for system broadcasts
03-18 00:18:37.132 30512 30512 E AndroidRuntime: 	at com.tfmonochrome.android.ui.MainActivity.onCreate(MainActivity.kt:96)
03-18 00:18:38.163 30560 30560 E AndroidRuntime: Process: com.tfmonochrome.android, PID: 30560
03-18 00:18:38.163 30560 30560 E AndroidRuntime: java.lang.RuntimeException: Unable to start activity ComponentInfo{com.tfmonochrome.android/com.tfmonochrome.android.ui.MainActivity}: java.lang.SecurityException: com.tfmonochrome.android: One of RECEIVER_EXPORTED or RECEIVER_NOT_EXPORTED should be specified when a receiver isn't being registered exclusively for system broadcasts
03-18 00:18:38.163 30560 30560 E AndroidRuntime: Caused by: java.lang.SecurityException: com.tfmonochrome.android: One of RECEIVER_EXPORTED or RECEIVER_NOT_EXPORTED should be specified when a receiver isn't being registered exclusively for system broadcasts
03-18 00:18:38.163 30560 30560 E AndroidRuntime: 	at com.tfmonochrome.android.ui.MainActivity.onCreate(MainActivity.kt:96)
03-18 00:18:38.706 30610 30610 E AndroidRuntime: Process: com.tfmonochrome.android, PID: 30610
03-18 00:18:38.706 30610 30610 E AndroidRuntime: java.lang.RuntimeException: Unable to start activity ComponentInfo{com.tfmonochrome.android/com.tfmonochrome.android.ui.MainActivity}: java.lang.SecurityException: com.tfmonochrome.android: One of RECEIVER_EXPORTED or RECEIVER_NOT_EXPORTED should be specified when a receiver isn't being registered exclusively for system broadcasts
03-18 00:18:38.706 30610 30610 E AndroidRuntime: Caused by: java.lang.SecurityException: com.tfmonochrome.android: One of RECEIVER_EXPORTED or RECEIVER_NOT_EXPORTED should be specified when a receiver isn't being registered exclusively for system broadcasts
03-18 00:18:38.706 30610 30610 E AndroidRuntime: 	at com.tfmonochrome.android.ui.MainActivity.onCreate(MainActivity.kt:96)
03-18 00:18:39.111 30647 30647 E AndroidRuntime: Process: com.tfmonochrome.android, PID: 30647
03-18 00:18:39.111 30647 30647 E AndroidRuntime: java.lang.RuntimeException: Unable to start activity ComponentInfo{com.tfmonochrome.android/com.tfmonochrome.android.ui.MainActivity}: java.lang.SecurityException: com.tfmonochrome.android: One of RECEIVER_EXPORTED or RECEIVER_NOT_EXPORTED should be specified when a receiver isn't being registered exclusively for system broadcasts
03-18 00:18:39.111 30647 30647 E AndroidRuntime: Caused by: java.lang.SecurityException: com.tfmonochrome.android: One of RECEIVER_EXPORTED or RECEIVER_NOT_EXPORTED should be specified when a receiver isn't being registered exclusively for system broadcasts
03-18 00:18:39.111 30647 30647 E AndroidRuntime: 	at com.tfmonochrome.android.ui.MainActivity.onCreate(MainActivity.kt:96)
03-18 00:18:39.504 30684 30684 E AndroidRuntime: Process: com.tfmonochrome.android, PID: 30684
03-18 00:18:39.504 30684 30684 E AndroidRuntime: java.lang.RuntimeException: Unable to start activity ComponentInfo{com.tfmonochrome.android/com.tfmonochrome.android.ui.MainActivity}: java.lang.SecurityException: com.tfmonochrome.android: One of RECEIVER_EXPORTED or RECEIVER_NOT_EXPORTED should be specified when a receiver isn't being registered exclusively for system broadcasts
03-18 00:18:39.504 30684 30684 E AndroidRuntime: Caused by: java.lang.SecurityException: com.tfmonochrome.android: One of RECEIVER_EXPORTED or RECEIVER_NOT_EXPORTED should be specified when a receiver isn't being registered exclusively for system broadcasts
03-18 00:18:39.504 30684 30684 E AndroidRuntime: 	at com.tfmonochrome.android.ui.MainActivity.onCreate(MainActivity.kt:96)
03-18 00:18:39.920 30731 30731 E AndroidRuntime: Process: com.tfmonochrome.android, PID: 30731
03-18 00:18:39.920 30731 30731 E AndroidRuntime: java.lang.RuntimeException: Unable to start activity ComponentInfo{com.tfmonochrome.android/com.tfmonochrome.android.ui.MainActivity}: java.lang.SecurityException: com.tfmonochrome.android: One of RECEIVER_EXPORTED or RECEIVER_NOT_EXPORTED should be specified when a receiver isn't being registered exclusively for system broadcasts
03-18 00:18:39.920 30731 30731 E AndroidRuntime: Caused by: java.lang.SecurityException: com.tfmonochrome.android: One of RECEIVER_EXPORTED or RECEIVER_NOT_EXPORTED should be specified when a receiver isn't being registered exclusively for system broadcasts
03-18 00:18:39.920 30731 30731 E AndroidRuntime: 	at com.tfmonochrome.android.ui.MainActivity.onCreate(MainActivity.kt:96)
03-18 00:18:40.125 30770 30770 E AndroidRuntime: Process: com.tfmonochrome.android, PID: 30770
03-18 00:18:40.125 30770 30770 E AndroidRuntime: java.lang.RuntimeException: Unable to start activity ComponentInfo{com.tfmonochrome.android/com.tfmonochrome.android.ui.MainActivity}: java.lang.SecurityException: com.tfmonochrome.android: One of RECEIVER_EXPORTED or RECEIVER_NOT_EXPORTED should be specified when a receiver isn't being registered exclusively for system broadcasts
03-18 00:18:40.125 30770 30770 E AndroidRuntime: Caused by: java.lang.SecurityException: com.tfmonochrome.android: One of RECEIVER_EXPORTED or RECEIVER_NOT_EXPORTED should be specified when a receiver isn't being registered exclusively for system broadcasts
03-18 00:18:40.125 30770 30770 E AndroidRuntime: 	at com.tfmonochrome.android.ui.MainActivity.onCreate(MainActivity.kt:96)
03-18 00:18:40.378 30803 30803 E AndroidRuntime: Process: com.tfmonochrome.android, PID: 30803
03-18 00:18:40.378 30803 30803 E AndroidRuntime: java.lang.RuntimeException: Unable to start activity ComponentInfo{com.tfmonochrome.android/com.tfmonochrome.android.ui.MainActivity}: java.lang.SecurityException: com.tfmonochrome.android: One of RECEIVER_EXPORTED or RECEIVER_NOT_EXPORTED should be specified when a receiver isn't being registered exclusively for system broadcasts
03-18 00:18:40.378 30803 30803 E AndroidRuntime: Caused by: java.lang.SecurityException: com.tfmonochrome.android: One of RECEIVER_EXPORTED or RECEIVER_NOT_EXPORTED should be specified when a receiver isn't being registered exclusively for system broadcasts
03-18 00:18:40.378 30803 30803 E AndroidRuntime: 	at com.tfmonochrome.android.ui.MainActivity.onCreate(MainActivity.kt:96)
03-18 00:18:40.603 30838 30838 E AndroidRuntime: Process: com.tfmonochrome.android, PID: 30838
03-18 00:18:40.603 30838 30838 E AndroidRuntime: java.lang.RuntimeException: Unable to start activity ComponentInfo{com.tfmonochrome.android/com.tfmonochrome.android.ui.MainActivity}: java.lang.SecurityException: com.tfmonochrome.android: One of RECEIVER_EXPORTED or RECEIVER_NOT_EXPORTED should be specified when a receiver isn't being registered exclusively for system broadcasts
03-18 00:18:40.603 30838 30838 E AndroidRuntime: Caused by: java.lang.SecurityException: com.tfmonochrome.android: One of RECEIVER_EXPORTED or RECEIVER_NOT_EXPORTED should be specified when a receiver isn't being registered exclusively for system broadcasts
03-18 00:18:40.603 30838 30838 E AndroidRuntime: 	at com.tfmonochrome.android.ui.MainActivity.onCreate(MainActivity.kt:96)
03-18 00:18:40.824 30874 30874 E AndroidRuntime: Process: com.tfmonochrome.android, PID: 30874
03-18 00:18:40.824 30874 30874 E AndroidRuntime: java.lang.RuntimeException: Unable to start activity ComponentInfo{com.tfmonochrome.android/com.tfmonochrome.android.ui.MainActivity}: java.lang.SecurityException: com.tfmonochrome.android: One of RECEIVER_EXPORTED or RECEIVER_NOT_EXPORTED should be specified when a receiver isn't being registered exclusively for system broadcasts
03-18 00:18:40.824 30874 30874 E AndroidRuntime: Caused by: java.lang.SecurityException: com.tfmonochrome.android: One of RECEIVER_EXPORTED or RECEIVER_NOT_EXPORTED should be specified when a receiver isn't being registered exclusively for system broadcasts
03-18 00:18:40.824 30874 30874 E AndroidRuntime: 	at com.tfmonochrome.android.ui.MainActivity.onCreate(MainActivity.kt:96)
03-18 00:18:40.830  3840  4066 D Transition: collectOrderChanges onTopTasksEnd: [Task{e154f06 #1 type=home}, Task{f9c940b #4308 type=home I=com.android.launcher/.Launcher}], reportedOnTop:null, mOnTopTasksStart: [Task{c66a833 #4760 type=standard A=10616:com.tfmonochrome.android}], TDA child: [Task{59608d5 #4419 type=undefined}, Task{632d96f #4748 type=standard A=1000:.applications.InstalledAppDetailsTop}, Task{c66a833 #4760 type=standard A=10616:com.tfmonochrome.android}, Task{e154f06 #1 type=home}]
03-18 00:18:40.830  3840  4066 D OplusFlexibleActivityTransitionManager: fixTransitType type result:2, targets: [ChangeInfo{f75ba2f container=Task{e154f06 #1 type=home} flags=0x30}, ChangeInfo{334c83c container=Task{c66a833 #4760 type=standard A=10616:com.tfmonochrome.android} flags=0x10}]
03-18 00:18:40.831  3840  4066 D OplusTransitionController: onTransactionReady, transition: 5036, info: {id=5036 t=CLOSE f=0x10 trk=0 r=[0@Point(0, 0)] c=[{WCT{RemoteToken{fe7353 Task{e154f06 #1 type=home}}} m=TO_FRONT f=SHOW_WALLPAPER|MOVE_TO_TOP leash=Surface(name=Task=1)/@0xfe2690e sb=Rect(0, 0 - 1272, 2772) eb=Rect(0, 0 - 1272, 2772) epz=Point(1272, 2772) d=0 taskParent=-1},{WCT{RemoteToken{d95d0aa Task{c66a833 #4760 type=standard A=10616:com.tfmonochrome.android}}} m=CLOSE f=NONE leash=Surface(name=Task=4760)/@0xa82031c sb=Rect(0, 0 - 1272, 2772) eb=Rect(0, 0 - 1272, 2772) epz=Point(1272, 2772) d=0 taskParent=-1}] 
03-18 00:18:40.831  3840  4066 D OplusTransitionController: , mNeedCanvasExitAnim=false, mMergeSecondTaskAnimation=false, mIsLaunchUnityStart=false, mIsLaunchFromAssistantByDefault=false, mSkipRemoteTransitionfalse, mIsStartFromKeyguard=false flags=0x0, mWCT=null, mIsOpenMergeToInValidPredictive=false}]}, targets : [ChangeInfo{f75ba2f container=Task{e154f06 #1 type=home} flags=0x30}, ChangeInfo{334c83c container=Task{c66a833 #4760 type=standard A=10616:com.tfmonochrome.android} flags=0x10}], participants: {ActivityRecord{26699759 u0 com.android.launcher/.Launcher t4308}, ActivityRecord{163268484 u0 com.tfmonochrome.android/.ui.MainActivity t4760 f}}, Task{c66a833 #4760 type=standard A=10616:com.tfmonochrome.android}, Task{e154f06 #1 type=home}, Task{f9c940b #4308 type=home I=com.android.launcher/.Launcher}}
03-18 00:18:40.831  3840  4066 W WindowManager: captureTaskSnapshot mSnapshotMode= 0 source=Task{c66a833 #4760 type=standard A=10616:com.tfmonochrome.android}
03-18 00:18:40.837  3840  4066 D TaskSnapshotCache: putSnapshot mRunningCache top= ActivityRecord{163268484 u0 com.tfmonochrome.android/.ui.MainActivity t4760 f}}, mTaskId=4760, snapshot=TaskSnapshot{ mId=1773807520831 mCaptureTime=366261579040770 mTopActivityComponent=com.tfmonochrome.android/.ui.MainActivity mSnapshot=android.hardware.HardwareBuffer@81242e6 (1272x2772) mColorSpace=Display P3 (id=7, model=RGB) mOrientation=1 mRotation=0 mTaskSize=Point(1272, 2772) mOplusCompatMode=false mTopActivityBounds=[0,141][1272,2724] mHasDimLayer=false mContentInsets=[0,141][0,48] mLetterboxInsets=[0,0][0,0] mIsLowResolution=false mIsRealSnapshot=true mWindowingMode=1 mAppearance=0 mIsTranslucent=true mHasImeSurface=false mInternalReferences=2 mUiMode=21, mAppIdMap size= 2
03-18 00:18:40.837  3840  4062 V WindowManager: Sent Transition (#5036) createdAt=03-18 00:18:40.825 via request=TransitionRequestInfo { type = CLOSE, triggerTask = TaskInfo{userId=0 taskId=4760 effectiveUid=10616 displayId=0 isRunning=true baseIntent=Intent { act=android.intent.action.MAIN cat=[android.intent.category.LAUNCHER] flg=0x10200000 cmp=com.tfmonochrome.android/.ui.MainActivity mCallingUid=10259 } baseActivity=ComponentInfo{com.tfmonochrome.android/com.tfmonochrome.android.ui.MainActivity} topActivity=ComponentInfo{com.tfmonochrome.android/com.tfmonochrome.android.ui.MainActivity} origActivity=null realActivity=ComponentInfo{com.tfmonochrome.android/com.tfmonochrome.android.ui.MainActivity}
03-18 00:18:40.837  3840  4062 V WindowManager:  numActivities=1 lastActiveTime=366261535 supportsSplitScreenMultiWindow=true supportsMultiWindow=true supportsPocketStudioMultiWindow=true isInFlexibleEmbedded = false uid = 10616 pid = 30874 resizeMode=1 isResizeable=true minWidth=-1 minHeight=-1 defaultMinSize=220 token=WCT{RemoteToken{d95d0aa Task{c66a833 #4760 type=standard A=10616:com.tfmonochrome.android}}} topActivityType=1 pictureInPictureParams=null shouldDockBigOverlays=false launchIntoPipHostTaskId=-1 lastParentTaskIdBeforePip=-1 displayCutoutSafeInsets=Rect(0, 0 - 0, 0)
03-18 00:18:40.837  3840  4062 V WindowManager:  topActivityInfo=ActivityInfo{4f19781 com.tfmonochrome.android.ui.MainActivity} launchCookies=[android.os.BinderProxy@5cd0026] positionInParent=Point(0, 0) parentTaskId=-1 isFocused=true isVisible=true isVisibleRequested=true isTopActivityNoDisplay=false isSleeping=false locusId=null displayAreaFeatureId=1 isTopActivityTransparent=false isActivityStackTransparent=false lastNonFullscreenBounds=Rect(323, 796 - 949, 2068) capturedLink=null capturedLinkTimestamp=0 requestedVisibleTypes=-9 topActivityRequestOpenInBrowserEducationTimestamp=0
03-18 00:18:40.837  3840  4062 V WindowManager:  mOplusExtraBundle = Bundle[{androidx.flexible.taskFrame=Rect(0, 0 - 0, 0), androidx.flexible.Alpha=1.0, androidx.activity.task.attach.blur=0, androidx.activity.LaunchInsensible=0, androidx.activity.LaunchCornerRadius=0, key_flexible_task_state=0, topActivitySupportAppInnerSplit=false, key_flexible_task_animating_type=-1, key_flexible_task_root_activity_processname=com.tfmonochrome.android, androidx.activity.LaunchScenario=0, is_oplus_clone_task=false, flexible_super_mini_state=false, topRunningActivityHash=163268484, androidx.activity.LaunchScale=1.0, androidx.activity.LaunchShadowRadius=0, is_transient_hide_for_task_info=false, key_flexible_task_root_activity_pid=30874, key_flexible_task_root_activity_uid=10616}]}, pipChange = null, remoteTransition = null, displayChange = null, flags = 16, debugId = 5036 }
03-18 00:18:40.837  3840  4062 V WindowManager:         {WCT{RemoteToken{d95d0aa Task{c66a833 #4760 type=standard A=10616:com.tfmonochrome.android}}} m=CLOSE f=NONE leash=Surface(name=Task=4760)/@0xa82031c sb=Rect(0, 0 - 1272, 2772) eb=Rect(0, 0 - 1272, 2772) epz=Point(1272, 2772) d=0 taskParent=-1}
03-18 00:18:40.837  3840  5874 D Transition: finishTransition ar ActivityRecord{26699759 u0 com.android.launcher/.Launcher t4308}, isVisibleRequested=true, state=RESUMED, visibleAtTransitionEndTokens={ActivityRecord{163268484 u0 com.tfmonochrome.android/.ui.MainActivity t4760 f}}, WallpaperWindowToken{cad1aaf showWhenLocked=false}}, this=TransitionRecord{3058687 id=5035 track=0 type=OPEN flags=0x0 state=2 c=[
03-18 00:18:40.837  3840  5874 D Transition:    ChangeInfo{8a26952 container=ActivityRecord{163268484 u0 com.tfmonochrome.android/.ui.MainActivity t4760 f}} flags=0x0}
03-18 00:18:40.837  3840  5874 D Transition:    ChangeInfo{43ad6d9 container=Task{c66a833 #4760 type=standard A=10616:com.tfmonochrome.android} flags=0x10}
03-18 00:18:40.837  3840  5874 D Transition: finishTransition ar ActivityRecord{163268484 u0 com.tfmonochrome.android/.ui.MainActivity t4760 f}}, isVisibleRequested=false, state=PAUSING, visibleAtTransitionEndTokens={ActivityRecord{163268484 u0 com.tfmonochrome.android/.ui.MainActivity t4760 f}}, WallpaperWindowToken{cad1aaf showWhenLocked=false}}, this=TransitionRecord{3058687 id=5035 track=0 type=OPEN flags=0x0 state=2 c=[
03-18 00:18:40.837  3840  5874 D Transition:    ChangeInfo{8a26952 container=ActivityRecord{163268484 u0 com.tfmonochrome.android/.ui.MainActivity t4760 f}} flags=0x0}
03-18 00:18:40.837  3840  5874 D Transition:    ChangeInfo{43ad6d9 container=Task{c66a833 #4760 type=standard A=10616:com.tfmonochrome.android} flags=0x10}
03-18 00:18:40.837  3840  5874 D ContinuousTransitionController:  ar=ActivityRecord{163268484 u0 com.tfmonochrome.android/.ui.MainActivity t4760 f}} isInLastPlaying remoteTransition: TransitionRecord{40cc027 id=5036 track=0 type=CLOSE flags=0x10 state=2 c=[
03-18 00:18:40.837  3840  5874 D ContinuousTransitionController:    ChangeInfo{42fa772 container=ActivityRecord{163268484 u0 com.tfmonochrome.android/.ui.MainActivity t4760 f}} flags=0x0}
03-18 00:18:40.837  3840  5874 D ContinuousTransitionController:    ChangeInfo{334c83c container=Task{c66a833 #4760 type=standard A=10616:com.tfmonochrome.android} flags=0x10}
03-18 00:18:40.837  3840  5874 I OplusAppSwitchManagerService:  handleAppVisible , r = ActivityRecord{163268484 u0 com.tfmonochrome.android/.ui.MainActivity t4760 f}}
03-18 00:18:40.837  3840  5874 D OplusTransitionController:    ChangeInfo{8a26952 container=ActivityRecord{163268484 u0 com.tfmonochrome.android/.ui.MainActivity t4760 f}} flags=0x0}
03-18 00:18:40.837  3840  5874 D OplusTransitionController:    ChangeInfo{43ad6d9 container=Task{c66a833 #4760 type=standard A=10616:com.tfmonochrome.android} flags=0x10}
03-18 00:18:40.837  3840  5874 D FlexibleTaskTransitionController:    ChangeInfo{8a26952 container=ActivityRecord{163268484 u0 com.tfmonochrome.android/.ui.MainActivity t4760 f}} flags=0x0}
03-18 00:18:40.837  3840  5874 D FlexibleTaskTransitionController:    ChangeInfo{43ad6d9 container=Task{c66a833 #4760 type=standard A=10616:com.tfmonochrome.android} flags=0x10}
03-18 00:18:40.848  3840  5808 D VRR [OPlusRefreshRateService]:  HandleSetAppFrameRate [ 20 , com.tfmonochrome.android , false , version-1 ]
03-18 00:18:40.852  3840  4570 I ActivityManager: Death received, pid = 30874, processName = com.tfmonochrome.android for thread android.os.BinderProxy@1fbd2ae
03-18 00:18:40.852  3840  5355 I ActivityManager: Process com.tfmonochrome.android (pid 30874) has died: fg  TOP 
03-18 00:18:40.852  3840  4075 I UserAwareMgr: process killed: {pkgName='com.tfmonochrome.android', serviceName='', procName=com.tfmonochrome.android, pid=30874, uid=10616, appId=0, owner='null', flags='fg1', renderTid=0, hwuiTids=null, glTids=null, threadInfos=null, mVideoActivityList=[], mStates=0}
03-18 00:18:40.852  3840  4075 I UserAwareMgr: handleProcessKilled, pkgName: com.tfmonochrome.android, pid: 30874
03-18 00:18:40.853  3840  5355 D ActivityTaskManager: removeAppToken: ActivityRecord{163268484 u0 com.tfmonochrome.android/.ui.MainActivity t4760 f}} delayed=true parent=Task{c66a833 #4760 type=standard A=10616:com.tfmonochrome.android} animating=true Callers=com.android.server.wm.DisplayContent.removeAppToken:1759 com.android.server.wm.ActivityRecord.removeFromHistory:4989 com.android.server.wm.ActivityRecord.handleAppDied:5348 com.android.server.wm.WindowProcessController.handleAppDied:1709 
03-18 00:18:40.853  3840  5355 D ActivityTaskManager: removeStartingWindowAnimation starting ActivityRecord{163268484 u0 com.tfmonochrome.android/.ui.MainActivity t4760 f}} startingWindow=null ,startingView=com.android.server.wm.StartingSurfaceController$StartingSurface@e225eed,Callers=com.android.server.wm.ActivityRecord.removeStartingWindow:3409 com.android.server.wm.ActivityRecord.onRemovedFromDisplay:5422 com.android.server.wm.DisplayContent.removeAppToken:1759 com.android.server.wm.ActivityRecord.removeFromHistory:4989 com.android.server.wm.ActivityRecord.handleAppDied:5348 
03-18 00:18:40.853  3840  5355 D OplusStartingWindowManager: interceptRemoveStartingWindow: packageName=com.tfmonochrome.android,  componentName=com.tfmonochrome.android/.ui.MainActivity, isSnapshot=false, startingSurfaceRunnable=null, isDrawCompleted=false, hasSurfaceView=false, inTransition=true
03-18 00:18:40.854  3840  5355 D OplusStartingWindowManager: interceptRemoveStartingWindow: hasSplashWindowFlag() return false for activity=ActivityRecord{163268484 u0 com.tfmonochrome.android/.ui.MainActivity t4760 f}}
03-18 00:18:40.858  3840  5874 V WindowManager: Relayout Window{13d8e50 u0 Splash Screen com.tfmonochrome.android}: viewVisibility=8, oldvis=0, req=1272x2772 , apr = 0, vsysui=
03-18 00:18:40.860  3840  4570 I WindowStateExtImpl: onSurfaceShowChange show = false mPackageName = com.tfmonochrome.android parentPkgName = com.tfmonochrome.android
03-18 00:18:40.860  3840  4570 I WindowManager: Window{13d8e50 u0 Splash Screen com.tfmonochrome.android EXITING} state from HAS_DRAWN to NO_SURFACE; reason: destroySurface
03-18 00:18:40.863  3840  5874 D ActivityTaskManager: after skip size:2,pre-Filtered:com.tfmonochrome.android # com.android.settings # 
03-18 00:18:40.864  3840  5874 W WindowManager: captureTaskSnapshot mSnapshotMode= 0 source=Task{c66a833 #4760 type=standard A=10616:com.tfmonochrome.android}
03-18 00:18:40.864  3840  5874 W WindowManager: Failed to take screenshot. No visible windows for Task{c66a833 #4760 type=standard A=10616:com.tfmonochrome.android}
03-18 00:18:41.243  5600  6901 I iopgp   : Iopgp: TRANSACTION_IOPGP_PRELOAD Sequence_id = 135 pkg_name = com.tfmonochrome.android uid = 10616 size = 1 isProfile = 1
03-18 00:18:41.326  3840  4065 W ActivityTaskManager: Activity top resumed state loss timeout for ActivityRecord{163268484 u0 com.tfmonochrome.android/.ui.MainActivity t4760 f} isExiting}
03-18 00:18:41.326  3840  4065 I GameManagerServiceExt-GameManagerServiceExt: on FG change: com.tfmonochrome.android|com.android.launcher
03-18 00:18:41.326  3840  4120 D OplusAppSwitchListener: Detect com.tfmonochrome.android switch to background
03-18 00:18:41.326  3840  4120 D OplusFeatureReduceBrightness: onAppExit , info = com.tfmonochrome.android
03-18 00:18:41.327  3840  5624 D OplusEapManager: mTargetExitName :com.tfmonochrome.android
03-18 00:18:41.348  3840  5319 E OplusAppQuickStart_AppQuickStartController: notifyStartActivity intent:Intent { act=android.intent.action.MAIN cat=[android.intent.category.LAUNCHER] flg=0x10200000 xflg=0x4 cmp=com.tfmonochrome.android/.ui.MainActivity bnds=[289,1622][529,1892] (has extras) }
03-18 00:18:41.348  5600  6901 I iopgp   : Iopgp: TRANSACTION_IOPGP_ON_INTENT_STARTED sequence_id = 135 pkg_name = com.tfmonochrome.android class_name = com.tfmonochrome.android.ui.MainActivity isCanTrace = 1
03-18 00:18:41.349  3840  5319 D WindowManager: NFW_setClientVisible:ActivityRecord{96454354 u0 com.tfmonochrome.android/.ui.MainActivity clientVisible:true
03-18 00:18:41.349  3840  5319 D FlexibleTaskController: isSupportFlexibleWindow target = com.tfmonochrome.android/.ui.MainActivity callPkg = FlexibleTaskController support = true ,caller = 3840
03-18 00:18:41.350  3840  5319 D FlexibleTaskController: isSupportFlexibleWindow target = com.tfmonochrome.android/.ui.MainActivity callPkg = FlexibleTaskController support = true ,caller = 3840
03-18 00:18:41.350  3840  5319 D FlexibleWindowManagerService: no reused task found for ActivityRecord{96454354 u0 com.tfmonochrome.android/.ui.MainActivity t-1}
03-18 00:18:41.352  3840  5319 D ActivityTaskManager: validateStartingWindowTheme:  Pkg=com.tfmonochrome.android, Translucent=false, Floating=false, ShowWallpaper=false, Disable=false, LaunchSource=2, Prev=null, LaunchedFromPackage=com.android.launcher
03-18 00:18:41.352  3840  5319 D ActivityTaskManager: addStartingWindow for ActivityRecord{96454354 u0 com.tfmonochrome.android/.ui.MainActivity t4761}, mainWin=null, state=INITIALIZING, isKeyguardLocked=false, isKeyguardGoingAway=false
03-18 00:18:41.354  3840  5319 D ActivityTaskManager: setAppVisibility(Token{af7e1e ActivityRecord{96454354 u0 com.tfmonochrome.android/.ui.MainActivity t4761}}, visible=true):  visible=false mVisibleRequested=false
03-18 00:18:41.355  3840  5319 D ActivityTaskManager: setVisibility(Token{af7e1e ActivityRecord{96454354 u0 com.tfmonochrome.android/.ui.MainActivity t4761}}, visible=true) defer commitVisibility for transition collecting
03-18 00:18:41.357  3840  5319 I ActivityTaskManager: Add Task{c66a833 #4760 type=standard A=10616:com.tfmonochrome.android} to hidden list because adding Task{227f259 #4761 type=standard A=10616:com.tfmonochrome.android}
03-18 00:18:41.357  3840  5319 D ActivityTaskManager: notifyTaskRemoved, task: Task{c66a833 #4760 type=standard A=10616:com.tfmonochrome.android} trace:com.android.server.wm.RecentTasks.removeForAddTask:1888 com.android.server.wm.RecentTasks.add:1377 com.android.server.wm.ActivityStarter.startActivityInner:3011 com.android.server.wm.ActivityStarter.startActivityUnchecked:2156 com.android.server.wm.ActivityStarter.executeRequest:1906 
03-18 00:18:41.357  3840  5319 D ActivityTaskManager: notifyTaskAdded, task: Task{227f259 #4761 type=standard A=10616:com.tfmonochrome.android} trace:com.android.server.wm.RecentTasks.add:1392 com.android.server.wm.ActivityStarter.startActivityInner:3011 com.android.server.wm.ActivityStarter.startActivityUnchecked:2156 com.android.server.wm.ActivityStarter.executeRequest:1906 com.android.server.wm.ActivityStarter.execute:1004 
03-18 00:18:41.358 18336 18358 V WindowManagerShell: Transition requested (#5037): android.os.BinderProxy@80dcfbf TransitionRequestInfo { type = OPEN, triggerTask = TaskInfo{userId=0 taskId=4761 effectiveUid=10616 displayId=0 isRunning=true baseIntent=Intent { act=android.intent.action.MAIN cat=[android.intent.category.LAUNCHER] flg=0x10200000 cmp=com.tfmonochrome.android/.ui.MainActivity mCallingUid=10259 } baseActivity=ComponentInfo{com.tfmonochrome.android/com.tfmonochrome.android.ui.MainActivity} topActivity=ComponentInfo{com.tfmonochrome.android/com.tfmonochrome.android.ui.MainActivity} origActivity=null realActivity=ComponentInfo{com.tfmonochrome.android/com.tfmonochrome.android.ui.MainActivity}
03-18 00:18:41.358 18336 18358 V WindowManagerShell:  topActivityInfo=ActivityInfo{55d31d5 com.tfmonochrome.android.ui.MainActivity} launchCookies=[android.os.BinderProxy@d9b4dea] positionInParent=Point(0, 0) parentTaskId=-1 isFocused=false isVisible=false isVisibleRequested=true isTopActivityNoDisplay=false isSleeping=false locusId=null displayAreaFeatureId=1 isTopActivityTransparent=false isActivityStackTransparent=false lastNonFullscreenBounds=Rect(323, 796 - 949, 2068) capturedLink=null capturedLinkTimestamp=0 requestedVisibleTypes=-9 topActivityRequestOpenInBrowserEducationTimestamp=0
03-18 00:18:41.358  3840  5319 D FlexibleWindowManagerService: should not dispatch appeared task Task{227f259 #4761 type=standard A=10616:com.tfmonochrome.android}
03-18 00:18:41.358  3840  5319 D osense.compress: notifyActivityLaunched pkgName = com.tfmonochrome.android, userId = 0
03-18 00:18:41.359  3840  5319 I ActivityTaskManager: START u0 {act=android.intent.action.MAIN cat=[android.intent.category.LAUNCHER] flg=0x10200000 xflg=0x4 cmp=com.tfmonochrome.android/.ui.MainActivity bnds=[289,1622][529,1892] (has extras) mCallingUid=10259} with LAUNCH_MULTIPLE from uid 10259 (sr=26699759) (BAL_ALLOW_VISIBLE_WINDOW (callingUid has visible window)) result code=0
03-18 00:18:41.359  3840  4001 I AppSnapshotController: attachStartingWindow, win = Window{5d8637e u0 Splash Screen com.tfmonochrome.android}, shouldAppSnapshot = false
03-18 00:18:41.359  3840  4001 D ActivityTaskManager: attachStartingWindow: mStartingData=SplashScreenStartingData{732b12c removeAfterTransaction= 0}, mAssociatedTask=null, mStartingWindow=Window{5d8637e u0 Splash Screen com.tfmonochrome.android}
03-18 00:18:41.360  3840  4001 I WindowManager: addWindow: New client android.os.BinderProxy@8399139 : window=Window{5d8637e u0 Splash Screen com.tfmonochrome.android}
03-18 00:18:41.360  3840  5319 D VRR [OPlusRefreshRateService]:  HandleSetAppFrameRate [ 0 , com.tfmonochrome.android , false , version-1 ]
03-18 00:18:41.361  3840  4066 D ActivityTaskManager: commitVisibility: ActivityRecord{96454354 u0 com.tfmonochrome.android/.ui.MainActivity t4761}: visible=true visibleRequested=true, isInTransition=true 
03-18 00:18:41.361  3840  4066 D Transition: collectOrderChanges onTopTasksEnd: [Task{227f259 #4761 type=standard A=10616:com.tfmonochrome.android}], reportedOnTop:null, mOnTopTasksStart: [Task{227f259 #4761 type=standard A=10616:com.tfmonochrome.android}], TDA child: [Task{59608d5 #4419 type=undefined}, Task{632d96f #4748 type=standard A=1000:.applications.InstalledAppDetailsTop}, Task{c66a833 #4760 type=standard A=10616:com.tfmonochrome.android}, Task{e154f06 #1 type=home}, Task{227f259 #4761 type=standard A=10616:com.tfmonochrome.android}]
03-18 00:18:41.361  3840  4066 D OplusFlexibleActivityTransitionManager: fixTransitType type result:1, targets: [ChangeInfo{504eb93 container=Task{227f259 #4761 type=standard A=10616:com.tfmonochrome.android} flags=0x10}, ChangeInfo{b4b3385 container=Task{e154f06 #1 type=home} flags=0x10}]
03-18 00:18:41.361  3840  4066 D OplusTransitionController: onTransactionReady, transition: 5037, info: {id=5037 t=OPEN f=0x0 trk=0 r=[0@Point(0, 0)] c=[{WCT{RemoteToken{4f640e8 Task{227f259 #4761 type=standard A=10616:com.tfmonochrome.android}}} m=OPEN f=NONE leash=Surface(name=Task=4761)/@0xa515e2a sb=Rect(0, 0 - 1272, 2772) eb=Rect(0, 0 - 1272, 2772) epz=Point(1272, 2772) d=0 taskParent=-1},{WCT{RemoteToken{fe7353 Task{e154f06 #1 type=home}}} m=TO_BACK f=SHOW_WALLPAPER leash=Surface(name=Task=1)/@0xfe2690e sb=Rect(0, 0 - 1272, 2772) eb=Rect(0, 0 - 1272, 2772) epz=Point(1272, 2772) d=0 taskParent=-1}] 
03-18 00:18:41.361  3840  4066 D OplusTransitionController:    ChangeInfo{504eb93 container=Task{227f259 #4761 type=standard A=10616:com.tfmonochrome.android} flags=0x10}
03-18 00:18:41.361  3840  4066 D OplusTransitionController:    ChangeInfo{19d23c9 container=ActivityRecord{96454354 u0 com.tfmonochrome.android/.ui.MainActivity t4761} flags=0x0}
03-18 00:18:41.361  3840  4066 D OplusTransitionController: , mNeedCanvasExitAnim=false, mMergeSecondTaskAnimation=false, mIsLaunchUnityStart=false, mIsLaunchFromAssistantByDefault=false, mSkipRemoteTransitionfalse, mIsStartFromKeyguard=false flags=0x0, mWCT=null, mIsOpenMergeToInValidPredictive=false}]}, targets : [ChangeInfo{504eb93 container=Task{227f259 #4761 type=standard A=10616:com.tfmonochrome.android} flags=0x10}, ChangeInfo{b4b3385 container=Task{e154f06 #1 type=home} flags=0x10}], participants: {ActivityRecord{26699759 u0 com.android.launcher/.Launcher t4308}, Task{227f259 #4761 type=standard A=10616:com.tfmonochrome.android}, ActivityRecord{96454354 u0 com.tfmonochrome.android/.ui.MainActivity t4761}, WallpaperWindowToken{a0ad1ea showWhenLocked=true}, WallpaperWindowToken{cad1aaf showWhenLocked=false}}
03-18 00:18:41.363  3840  4062 V WindowManager: Sent Transition (#5037) createdAt=03-18 00:18:41.350 via request=TransitionRequestInfo { type = OPEN, triggerTask = TaskInfo{userId=0 taskId=4761 effectiveUid=10616 displayId=0 isRunning=true baseIntent=Intent { act=android.intent.action.MAIN cat=[android.intent.category.LAUNCHER] flg=0x10200000 cmp=com.tfmonochrome.android/.ui.MainActivity mCallingUid=10259 } baseActivity=ComponentInfo{com.tfmonochrome.android/com.tfmonochrome.android.ui.MainActivity} topActivity=ComponentInfo{com.tfmonochrome.android/com.tfmonochrome.android.ui.MainActivity} origActivity=null realActivity=ComponentInfo{com.tfmonochrome.android/com.tfmonochrome.android.ui.MainActivity}
03-18 00:18:41.363  3840  4062 V WindowManager:  numActivities=1 lastActiveTime=366262099 supportsSplitScreenMultiWindow=true supportsMultiWindow=true supportsPocketStudioMultiWindow=true isInFlexibleEmbedded = false uid = 10616 pid = 0 resizeMode=1 isResizeable=true minWidth=-1 minHeight=-1 defaultMinSize=220 token=WCT{RemoteToken{4f640e8 Task{227f259 #4761 type=standard A=10616:com.tfmonochrome.android}}} topActivityType=1 pictureInPictureParams=null shouldDockBigOverlays=false launchIntoPipHostTaskId=-1 lastParentTaskIdBeforePip=-1 displayCutoutSafeInsets=Rect(0, 141 - 0, 0)
03-18 00:18:41.363  3840  4062 V WindowManager:  topActivityInfo=ActivityInfo{9f7f9c4 com.tfmonochrome.android.ui.MainActivity} launchCookies=[android.os.BinderProxy@e4740ad] positionInParent=Point(0, 0) parentTaskId=-1 isFocused=false isVisible=false isVisibleRequested=true isTopActivityNoDisplay=false isSleeping=false locusId=null displayAreaFeatureId=1 isTopActivityTransparent=false isActivityStackTransparent=false lastNonFullscreenBounds=Rect(323, 796 - 949, 2068) capturedLink=null capturedLinkTimestamp=0 requestedVisibleTypes=-9 topActivityRequestOpenInBrowserEducationTimestamp=0
03-18 00:18:41.363  3840  4062 V WindowManager:  mOplusExtraBundle = Bundle[{androidx.flexible.taskFrame=Rect(0, 0 - 0, 0), androidx.flexible.Alpha=1.0, androidx.activity.task.attach.blur=0, androidx.activity.LaunchInsensible=0, androidx.activity.LaunchCornerRadius=0, key_flexible_task_state=0, topActivitySupportAppInnerSplit=false, key_flexible_task_animating_type=-1, key_flexible_task_root_activity_processname=com.tfmonochrome.android, androidx.activity.LaunchScenario=0, is_oplus_clone_task=false, flexible_super_mini_state=false, topRunningActivityHash=96454354, androidx.activity.LaunchScale=1.0, androidx.activity.LaunchShadowRadius=0, is_transient_hide_for_task_info=false, key_flexible_task_root_activity_pid=0, key_flexible_task_root_activity_uid=10616}]}, pipChange = null, remoteTransition = RemoteTransition { remoteTransition = android.window.IRemoteTransition$Stub$Proxy@cd96fe2, appThread = android.app.IApplicationThread$Stub$Proxy@377af73, debugName = QuickstepLaunch }, displayChange = null, flags = 0, debugId = 5037 }
03-18 00:18:41.363  3840  4062 V WindowManager:         {WCT{RemoteToken{4f640e8 Task{227f259 #4761 type=standard A=10616:com.tfmonochrome.android}}} m=OPEN f=NONE leash=Surface(name=Task=4761)/@0xa515e2a sb=Rect(0, 0 - 1272, 2772) eb=Rect(0, 0 - 1272, 2772) epz=Point(1272, 2772) d=0 taskParent=-1},
03-18 00:18:41.363  3840  4062 V WindowManager:    ChangeInfo{504eb93 container=Task{227f259 #4761 type=standard A=10616:com.tfmonochrome.android} flags=0x10}
03-18 00:18:41.363  3840  4062 V WindowManager:    ChangeInfo{19d23c9 container=ActivityRecord{96454354 u0 com.tfmonochrome.android/.ui.MainActivity t4761} flags=0x0}
03-18 00:18:41.364  3840  5808 D VRR [OPlusRefreshRateService]:  HandleSetAppFrameRate [ 0 , com.tfmonochrome.android , false , version-1 ]
03-18 00:18:41.365  3840  5808 D VRR [OPlusRefreshRateService]:  HandleSetAppFrameRate [ 0 , com.tfmonochrome.android , false , version-1 ]
03-18 00:18:41.365  3840  4001 V WindowManager: Relayout Window{5d8637e u0 Splash Screen com.tfmonochrome.android}: viewVisibility=0, oldvis=0, req=1272x2772 , apr = 0, vsysui=, x=0, y=0
03-18 00:18:41.365  3840  4001 I WindowManager: Window{5d8637e u0 Splash Screen com.tfmonochrome.android} state from NO_SURFACE to DRAW_PENDING; reason: resetDrawState
03-18 00:18:41.367  3840  4570 D CoreBackPreview: Window{5d8637e u0 Splash Screen com.tfmonochrome.android}: Setting back callback OnBackInvokedCallbackInfo{mCallback=android.window.IOnBackInvokedCallback$Stub$Proxy@be795e1, mPriority=0, mIsAnimationCallback=false, mOverrideBehavior=0}
03-18 00:18:41.368  3840  4087 I ActivityManager: Start proc 30917:com.tfmonochrome.android/u0a616 for top-activity {com.tfmonochrome.android/com.tfmonochrome.android.ui.MainActivity}
03-18 00:18:41.370  3840  4575 I MemoryOperationUtils: add 30917 to com.tfmonochrome.android
03-18 00:18:41.371  3840  5874 D Transition:    ChangeInfo{42fa772 container=ActivityRecord{163268484 u0 com.tfmonochrome.android/.ui.MainActivity t4760 f} isExiting} flags=0x0}
03-18 00:18:41.371  3840  5874 D Transition:    ChangeInfo{334c83c container=Task{c66a833 #4760 type=standard A=10616:com.tfmonochrome.android} flags=0x10}
03-18 00:18:41.371  3840  5874 D ContinuousTransitionController:    ChangeInfo{42fa772 container=ActivityRecord{163268484 u0 com.tfmonochrome.android/.ui.MainActivity t4760 f} isExiting} flags=0x0}
03-18 00:18:41.371  3840  5874 D ContinuousTransitionController:    ChangeInfo{334c83c container=Task{c66a833 #4760 type=standard A=10616:com.tfmonochrome.android} flags=0x10}
03-18 00:18:41.371  3840  5874 D ContinuousTransitionController:    ChangeInfo{504eb93 container=Task{227f259 #4761 type=standard A=10616:com.tfmonochrome.android} flags=0x10}
03-18 00:18:41.371  3840  5874 D ContinuousTransitionController:    ChangeInfo{19d23c9 container=ActivityRecord{96454354 u0 com.tfmonochrome.android/.ui.MainActivity t4761} flags=0x0}
03-18 00:18:41.371  3840  5874 D Transition: finishTransition ar ActivityRecord{163268484 u0 com.tfmonochrome.android/.ui.MainActivity t4760 f} isExiting}, isVisibleRequested=false, state=DESTROYED, visibleAtTransitionEndTokens={ActivityRecord{26699759 u0 com.android.launcher/.Launcher t4308}}, this=TransitionRecord{40cc027 id=5036 track=0 type=CLOSE flags=0x10 state=2 c=[
03-18 00:18:41.371  3840  5874 D Transition:    ChangeInfo{42fa772 container=ActivityRecord{163268484 u0 com.tfmonochrome.android/.ui.MainActivity t4760 f} isExiting} flags=0x0}
03-18 00:18:41.371  3840  5874 D Transition:    ChangeInfo{334c83c container=Task{c66a833 #4760 type=standard A=10616:com.tfmonochrome.android} flags=0x10}
03-18 00:18:41.371  3840  5874 D ActivityTaskManager: commitVisibility: ActivityRecord{163268484 u0 com.tfmonochrome.android/.ui.MainActivity t4760 f} isExiting}: visible=false visibleRequested=false, isInTransition=false 
03-18 00:18:41.371  3840  5874 D WindowManager: NFW_setClientVisible:ActivityRecord{163268484 u0 com.tfmonochrome.android/.ui.MainActivity t4760 f} isExiting} clientVisible:false
03-18 00:18:41.372  3840  5874 D ActivityTaskManager: removeAppToken: ActivityRecord{163268484 u0 com.tfmonochrome.android/.ui.MainActivity t4760 f}} delayed=true parent=Task{c66a833 #4760 type=standard A=10616:com.tfmonochrome.android} animating=true Callers=com.android.server.wm.ActivityRecord.removeImmediately:5363 com.android.server.wm.WindowToken.removeIfPossible:267 com.android.server.wm.WindowToken.handleCompleteDeferredRemoval:273 com.android.server.wm.WindowContainer.handleCompleteDeferredRemoval:1646 
03-18 00:18:41.372  3840  5874 I OplusScreenSecurityMask: onStackRemoved task = Task{c66a833 #4760 type=standard A=10616:com.tfmonochrome.android} record = null displayId = 0
03-18 00:18:41.372  3840  5874 D OplusTransitionController:    ChangeInfo{42fa772 container=ActivityRecord{163268484 u0 com.tfmonochrome.android/.ui.MainActivity t-1 f}} flags=0x0}
03-18 00:18:41.372  3840  5874 D OplusTransitionController:    ChangeInfo{334c83c container=Task{c66a833 #4760 type=standard A=10616:com.tfmonochrome.android} flags=0x10}
03-18 00:18:41.372  3840  5874 D FlexibleTaskTransitionController:    ChangeInfo{42fa772 container=ActivityRecord{163268484 u0 com.tfmonochrome.android/.ui.MainActivity t-1 f}} flags=0x0}
03-18 00:18:41.372  3840  5874 D FlexibleTaskTransitionController:    ChangeInfo{334c83c container=Task{c66a833 #4760 type=standard A=10616:com.tfmonochrome.android} flags=0x10}
03-18 00:18:41.375  3840  5874 I WindowManager: Window{5d8637e u0 Splash Screen com.tfmonochrome.android} state from DRAW_PENDING to COMMIT_DRAW_PENDING; reason: finishDrawingLocked
03-18 00:18:41.376  3840  4066 I WindowManager: Window{5d8637e u0 Splash Screen com.tfmonochrome.android} state from COMMIT_DRAW_PENDING to READY_TO_SHOW; reason: commitFinishDrawingLocked
03-18 00:18:41.376  3840  4066 I WindowManager: Window{5d8637e u0 Splash Screen com.tfmonochrome.android} state from READY_TO_SHOW to HAS_DRAWN; reason: performShowLocked
03-18 00:18:41.376  3840  4066 D OplusFlexibleWindowMinimizedManagerHelper: onTaskVanished taskInfo:4760 task:Task{c66a833 #4760 type=standard A=10616:com.tfmonochrome.android}
03-18 00:18:41.376  3840  4066 D FlexibleTaskController: no need releaseFlexibleCaptionView or destroyFlexibleDragLeash when non-caption-view-task vanished, task=Task{c66a833 #4760 type=standard A=10616:com.tfmonochrome.android}
03-18 00:18:41.376  3840  5078 D FlexibleTaskPerformanceManager: onTaskVanished:Task{c66a833 #4760 type=standard A=10616:com.tfmonochrome.android}
03-18 00:18:41.376  3840  4066 D OplusFlexibleWindowMinimizedManagerHelper: onTaskVanished taskInfo:4760 task:Task{c66a833 #4760 type=standard A=10616:com.tfmonochrome.android}
03-18 00:18:41.376  3840  4066 D FlexibleTaskController: no need releaseFlexibleCaptionView or destroyFlexibleDragLeash when non-caption-view-task vanished, task=Task{c66a833 #4760 type=standard A=10616:com.tfmonochrome.android}
03-18 00:18:41.376  3840  5078 D FlexibleTaskPerformanceManager: onTaskVanished:Task{c66a833 #4760 type=standard A=10616:com.tfmonochrome.android}
03-18 00:18:41.377  3840  5874 D ActivityTaskManager: after skip size:2,pre-Filtered:com.tfmonochrome.android # com.android.settings # 
03-18 00:18:41.378  3840  4066 I WindowStateExtImpl: onSurfaceShowChange show = true mPackageName = com.tfmonochrome.android parentPkgName = com.tfmonochrome.android
03-18 00:18:41.383  3840  5874 E OplusDexOptimizeManager: pkgSetting or primaryCpuAbi is null for package: com.tfmonochrome.android
03-18 00:18:41.384  3840  4075 I UserAwareMgr: handleTopAppChanged: com.tfmonochrome.android, pid: 30917, uid: 10616
03-18 00:18:41.384  3840  5874 D ActivityTaskManager: onWindowFocusChanged Task{227f259 #4761 type=standard A=10616:com.tfmonochrome.android} would transfer to compact
03-18 00:18:41.384  3840  5874 D ActivityTaskManager: NFW_setLastResumedActivityUncheckLocked:true r:ActivityRecord{96454354 u0 com.tfmonochrome.android/.ui.MainActivity t4761} currentFocus:null
03-18 00:18:41.384  3840  5874 D FlexibleTaskController: onTaskFocusChanged prevTask:Task{f9c940b #4308 type=home I=com.android.launcher/.Launcher} ,currentTask:Task{227f259 #4761 type=standard A=10616:com.tfmonochrome.android}, reason: realStartActivityLocked - onActivityStateChanged
03-18 00:18:41.384  3840  5874 D OplusFlexibleDCSManager: onNextPkgChanged pkg = com.tfmonochrome.android
03-18 00:18:41.384  3840  5874 I OplusAppSwitchManagerService: appswitch hasProcess ActivityRecord{96454354 u0 com.tfmonochrome.android/.ui.MainActivity t4761}
03-18 00:18:41.384  3840  5874 I GameManagerServiceExt-GameManagerServiceExt: on FG change: com.android.launcher|com.tfmonochrome.android
