03-18 00:19:17.249  3840  4062 V WindowManager:  numActivities=1 lastActiveTime=366297944 supportsSplitScreenMultiWindow=true supportsMultiWindow=true supportsPocketStudioMultiWindow=true isInFlexibleEmbedded = false uid = 10616 pid = 31402 resizeMode=1 isResizeable=true minWidth=-1 minHeight=-1 defaultMinSize=220 token=WCT{RemoteToken{e41cc04 Task{58acb3c #4765 type=standard A=10616:com.tfmonochrome.android}}} topActivityType=1 pictureInPictureParams=null shouldDockBigOverlays=false launchIntoPipHostTaskId=-1 lastParentTaskIdBeforePip=-1 displayCutoutSafeInsets=Rect(0, 0 - 0, 0)
03-18 00:19:17.249  3840  4062 V WindowManager:  topActivityInfo=ActivityInfo{69c52a3 com.tfmonochrome.android.ui.MainActivity} launchCookies=[android.os.BinderProxy@ecf09a0] positionInParent=Point(0, 0) parentTaskId=-1 isFocused=true isVisible=true isVisibleRequested=true isTopActivityNoDisplay=false isSleeping=false locusId=null displayAreaFeatureId=1 isTopActivityTransparent=false isActivityStackTransparent=false lastNonFullscreenBounds=Rect(323, 796 - 949, 2068) capturedLink=null capturedLinkTimestamp=0 requestedVisibleTypes=-9 topActivityRequestOpenInBrowserEducationTimestamp=0
03-18 00:19:17.249  3840  4062 V WindowManager:  mOplusExtraBundle = Bundle[{androidx.flexible.taskFrame=Rect(0, 0 - 0, 0), androidx.flexible.Alpha=1.0, androidx.activity.task.attach.blur=0, androidx.activity.LaunchInsensible=0, androidx.activity.LaunchCornerRadius=0, key_flexible_task_state=0, topActivitySupportAppInnerSplit=false, key_flexible_task_animating_type=-1, key_flexible_task_root_activity_processname=com.tfmonochrome.android, androidx.activity.LaunchScenario=0, is_oplus_clone_task=false, flexible_super_mini_state=false, topRunningActivityHash=65051913, androidx.activity.LaunchScale=1.0, androidx.activity.LaunchShadowRadius=0, is_transient_hide_for_task_info=false, key_flexible_task_root_activity_pid=31402, key_flexible_task_root_activity_uid=10616}]}, pipChange = null, remoteTransition = null, displayChange = null, flags = 16, debugId = 5048 }
03-18 00:19:17.249  3840  4062 V WindowManager:         {WCT{RemoteToken{e41cc04 Task{58acb3c #4765 type=standard A=10616:com.tfmonochrome.android}}} m=CLOSE f=NONE leash=Surface(name=Task=4765)/@0xcc02de6 sb=Rect(0, 0 - 1272, 2772) eb=Rect(0, 0 - 1272, 2772) epz=Point(1272, 2772) d=0 taskParent=-1}
03-18 00:19:17.249  3840  5796 D Transition: finishTransition ar ActivityRecord{26699759 u0 com.android.launcher/.Launcher t4308}, isVisibleRequested=true, state=RESUMED, visibleAtTransitionEndTokens={ActivityRecord{65051913 u0 com.tfmonochrome.android/.ui.MainActivity t4765 f}}, WallpaperWindowToken{cad1aaf showWhenLocked=false}}, this=TransitionRecord{fedda79 id=5047 track=0 type=OPEN flags=0x0 state=2 c=[
03-18 00:19:17.249  3840  5796 D Transition:    ChangeInfo{3b57b6c container=ActivityRecord{65051913 u0 com.tfmonochrome.android/.ui.MainActivity t4765 f}} flags=0x0}
03-18 00:19:17.249  3840  5796 D Transition:    ChangeInfo{168a535 container=Task{58acb3c #4765 type=standard A=10616:com.tfmonochrome.android} flags=0x10}
03-18 00:19:17.249  3840  5796 D Transition: finishTransition ar ActivityRecord{65051913 u0 com.tfmonochrome.android/.ui.MainActivity t4765 f}}, isVisibleRequested=false, state=PAUSING, visibleAtTransitionEndTokens={ActivityRecord{65051913 u0 com.tfmonochrome.android/.ui.MainActivity t4765 f}}, WallpaperWindowToken{cad1aaf showWhenLocked=false}}, this=TransitionRecord{fedda79 id=5047 track=0 type=OPEN flags=0x0 state=2 c=[
03-18 00:19:17.249  3840  5796 D Transition:    ChangeInfo{3b57b6c container=ActivityRecord{65051913 u0 com.tfmonochrome.android/.ui.MainActivity t4765 f}} flags=0x0}
03-18 00:19:17.249  3840  5796 D Transition:    ChangeInfo{168a535 container=Task{58acb3c #4765 type=standard A=10616:com.tfmonochrome.android} flags=0x10}
03-18 00:19:17.249  3840  5796 D ContinuousTransitionController:  ar=ActivityRecord{65051913 u0 com.tfmonochrome.android/.ui.MainActivity t4765 f}} isInLastPlaying remoteTransition: TransitionRecord{56578c7 id=5048 track=0 type=CLOSE flags=0x10 state=2 c=[
03-18 00:19:17.249  3840  5796 D ContinuousTransitionController:    ChangeInfo{59fb092 container=ActivityRecord{65051913 u0 com.tfmonochrome.android/.ui.MainActivity t4765 f}} flags=0x0}
03-18 00:19:17.249  3840  5796 D ContinuousTransitionController:    ChangeInfo{329405c container=Task{58acb3c #4765 type=standard A=10616:com.tfmonochrome.android} flags=0x10}
03-18 00:19:17.249  3840  5796 I OplusAppSwitchManagerService:  handleAppVisible , r = ActivityRecord{65051913 u0 com.tfmonochrome.android/.ui.MainActivity t4765 f}}
03-18 00:19:17.249  3840  5796 D OplusTransitionController:    ChangeInfo{3b57b6c container=ActivityRecord{65051913 u0 com.tfmonochrome.android/.ui.MainActivity t4765 f}} flags=0x0}
03-18 00:19:17.249  3840  5796 D OplusTransitionController:    ChangeInfo{168a535 container=Task{58acb3c #4765 type=standard A=10616:com.tfmonochrome.android} flags=0x10}
03-18 00:19:17.249  3840  5796 D FlexibleTaskTransitionController:    ChangeInfo{3b57b6c container=ActivityRecord{65051913 u0 com.tfmonochrome.android/.ui.MainActivity t4765 f}} flags=0x0}
03-18 00:19:17.249  3840  5796 D FlexibleTaskTransitionController:    ChangeInfo{168a535 container=Task{58acb3c #4765 type=standard A=10616:com.tfmonochrome.android} flags=0x10}
03-18 00:19:17.256  3840  5796 D VRR [OPlusRefreshRateService]:  HandleSetAppFrameRate [ 20 , com.tfmonochrome.android , false , version-1 ]
03-18 00:19:17.265  3840  5912 I ActivityManager: Death received, pid = 31402, processName = com.tfmonochrome.android for thread android.os.BinderProxy@df035ce
03-18 00:19:17.265  3840  5355 I ActivityManager: Process com.tfmonochrome.android (pid 31402) has died: fg  TOP 
03-18 00:19:17.266  3840  4075 I UserAwareMgr: process killed: {pkgName='com.tfmonochrome.android', serviceName='', procName=com.tfmonochrome.android, pid=31402, uid=10616, appId=0, owner='null', flags='fg1', renderTid=0, hwuiTids=null, glTids=null, threadInfos=null, mVideoActivityList=[], mStates=0}
03-18 00:19:17.266  3840  4075 I UserAwareMgr: handleProcessKilled, pkgName: com.tfmonochrome.android, pid: 31402
03-18 00:19:17.267  3840  6861 I OStatsManager_Calc: add screen power pkgName = com.tfmonochrome.android, uid = 10616, power = 7.136999994516373, is Fg = true, fore size = 2, mScale = 1.0
03-18 00:19:17.267  3840  6861 I OStatsManager_Calc: noteBeforePkgSwitch change = false, curTime = 366298009, com.tfmonochrome.android, fg = true
03-18 00:19:17.267  3840  6861 I OStatsManager_OplusBatteryStatsManager: updateStateTime: PkgName = com.tfmonochrome.android, uid = 10616, state to em, mForegroundCnt = 0, isFg = false
03-18 00:19:17.267  3840  5355 D ActivityTaskManager: removeAppToken: ActivityRecord{65051913 u0 com.tfmonochrome.android/.ui.MainActivity t4765 f}} delayed=true parent=Task{58acb3c #4765 type=standard A=10616:com.tfmonochrome.android} animating=true Callers=com.android.server.wm.DisplayContent.removeAppToken:1759 com.android.server.wm.ActivityRecord.removeFromHistory:4989 com.android.server.wm.ActivityRecord.handleAppDied:5348 com.android.server.wm.WindowProcessController.handleAppDied:1709 
03-18 00:19:17.267  3840  5355 D ActivityTaskManager: removeStartingWindowAnimation starting ActivityRecord{65051913 u0 com.tfmonochrome.android/.ui.MainActivity t4765 f}} startingWindow=null ,startingView=com.android.server.wm.StartingSurfaceController$StartingSurface@e18008d,Callers=com.android.server.wm.ActivityRecord.removeStartingWindow:3409 com.android.server.wm.ActivityRecord.onRemovedFromDisplay:5422 com.android.server.wm.DisplayContent.removeAppToken:1759 com.android.server.wm.ActivityRecord.removeFromHistory:4989 com.android.server.wm.ActivityRecord.handleAppDied:5348 
03-18 00:19:17.267  3840  5355 D OplusStartingWindowManager: interceptRemoveStartingWindow: packageName=com.tfmonochrome.android,  componentName=com.tfmonochrome.android/.ui.MainActivity, isSnapshot=false, startingSurfaceRunnable=null, isDrawCompleted=false, hasSurfaceView=false, inTransition=true
03-18 00:19:17.267  2282  2532 D AudioFlingerExtImpl: AudioFlingerExtImpl oplusSetParameters: keyvalue onForegroundActivitiesChanged=com.tfmonochrome.android:foreground:0|10616:31402
03-18 00:19:17.267  3840  5355 D OplusStartingWindowManager: interceptRemoveStartingWindow: hasSplashWindowFlag() return false for activity=ActivityRecord{65051913 u0 com.tfmonochrome.android/.ui.MainActivity t4765 f}}
03-18 00:19:17.267  3840  5355 D TaskOrganizerController: TaskOrganizerController.removeStartingWindow: call wmshell to removeStartingWindow Task{58acb3c #4765 type=standard A=10616:com.tfmonochrome.android}
03-18 00:19:17.271  5583  6078 D OplusLinkBoostSceneManager: sceneStateUpdate: 5023,com.tfmonochrome.android,switch:[false, true, true, true]
03-18 00:19:17.271  5583  6078 D OplusLinkBoostCommon: onSceneUpdated: 5023,com.tfmonochrome.android
03-18 00:19:17.271 18336 18391 D ViewRootImplExtImpl: wrapConfigInfoIntoFlags rotation=0, smallestScreenWidthDp=428, residentWS=false, scenario=0, bounds=Rect(0, 0 - 1272, 2772), relayoutAsync=false, flags=0, newFlags=1453340032, title=Splash Screen com.tfmonochrome.android
03-18 00:19:17.272  3840  5319 V WindowManager: Relayout Window{76a1d7a u0 Splash Screen com.tfmonochrome.android}: viewVisibility=8, oldvis=0, req=1272x2772 , apr = 0, vsysui=
03-18 00:19:17.274  3840  5319 D CoreBackPreview: Window{76a1d7a u0 Splash Screen com.tfmonochrome.android EXITING}: Setting back callback null
03-18 00:19:17.274  3840  5319 I WindowStateExtImpl: onSurfaceShowChange show = false mPackageName = com.tfmonochrome.android parentPkgName = com.tfmonochrome.android
03-18 00:19:17.274  3840  5319 I WindowManager: Window{76a1d7a u0 Splash Screen com.tfmonochrome.android EXITING} state from HAS_DRAWN to NO_SURFACE; reason: destroySurface
03-18 00:19:17.276  3840  5813 D ActivityTaskManager: after skip size:2,pre-Filtered:com.tfmonochrome.android # com.android.settings # 
03-18 00:19:17.277  3840  5813 W WindowManager: captureTaskSnapshot mSnapshotMode= 0 source=Task{58acb3c #4765 type=standard A=10616:com.tfmonochrome.android}
03-18 00:19:17.277  3840  5813 W WindowManager: Failed to take screenshot. No visible windows for Task{58acb3c #4765 type=standard A=10616:com.tfmonochrome.android}
03-18 00:19:17.285  2293  2293 D SurfaceFlinger: latchBuffer notifyFrameDrawState... sequence=68939 ownerApp=com.android.systemui name=Splash Screen com.tfmonochrome.android#68939
03-18 00:19:17.285  3840  5813 D OplusStartingWindowManager: isLayerMatchToStartingWindow error, mStartingRecords empty or inValid layerName:Splash Screen com.tfmonochrome.android#68939
03-18 00:19:17.738  3840  4065 W ActivityTaskManager: Activity top resumed state loss timeout for ActivityRecord{65051913 u0 com.tfmonochrome.android/.ui.MainActivity t4765 f} isExiting}
03-18 00:19:17.738  3840  4065 I GameManagerServiceExt-GameManagerServiceExt: on FG change: com.tfmonochrome.android|com.android.launcher
03-18 00:19:17.738  3840  4120 D OplusAppSwitchListener: Detect com.tfmonochrome.android switch to background
03-18 00:19:17.738  3840  4120 D OplusFeatureReduceBrightness: onAppExit , info = com.tfmonochrome.android
03-18 00:19:17.738  3840  5624 D OplusEapManager: mTargetExitName :com.tfmonochrome.android
03-18 00:19:17.738  5043  8494 V DCSEX-AppSwitchManager: OnAppSwitchObserver: onAppExit, resuming = com.android.launcher, target = com.tfmonochrome.android, is ResumingFirstStart =  false, is ResumingMultiApp =  false, extensionInfo =  Bundle[mParcelledData.dataSize=620]
03-18 00:19:17.738 16849 16917 W Battery : AppSwitchDetectorV2: OnAppSwitchObserver: onAppExit , info = OplusAppExitInfo = {  targetName = com.tfmonochrome.android hasResumingActivity = true resumingPackageName = com.android.launcher resumingActivityName = com.android.launcher.Launcher resumingWindowMode = 1 isResumingMultiApp = false isResumingFirstStart = false extension = Bundle[mParcelledData.dataSize=620]} lastReg=1773799375050
03-18 00:19:17.739  5043  8214 D DCSEX-AppLaunchEventRecorder: onAppSwitch from = com.tfmonochrome.android to = com.android.launcher
03-18 00:19:17.739  3840  5624 I OplusHansManager : appSwitch from com.tfmonochrome.android to com.android.launcher, pre resume pkg:null
03-18 00:19:17.739  5220 16654 I Athena  : AthenaDynamicReceiver: pre_app:com.tfmonochrome.android, next_app:com.android.launcher(10259|5763)
03-18 00:19:17.739 10679 10703 D SceneSDK.1.0.4-SNAPSHOT.10679.DeepThinkerAppSwitchAbility: onAppSwitchEvent: AppSwitchEvent(timeStamp=1773807557739, eventType=2, targetName=com.tfmonochrome.android, firstStart=false, multiApp=false, windowMode=0, resumingPackageName=com.android.launcher, resumingActivityName=com.android.launcher.Launcher, isResumingMultiApp=false, isResumingFirstStart=false)
03-18 00:19:17.739 10679 10703 I metis_v2_AppSwitchDataCollector: AppExitEvent =  com.tfmonochrome.android, NextAppName = com.android.launcher [Metis|com.oplus.metis|2.0.20-aa39d14]
03-18 00:19:17.952  3840  5813 D VRR [OPlusRefreshRateService]:  HandleSetAppFrameRate [ 0 , com.tfmonochrome.android , false , version-1 ]
03-18 00:19:17.954  3840  5813 D Transition:    ChangeInfo{59fb092 container=ActivityRecord{65051913 u0 com.tfmonochrome.android/.ui.MainActivity t4765 f} isExiting} flags=0x0}
03-18 00:19:17.954  3840  5813 D Transition:    ChangeInfo{329405c container=Task{58acb3c #4765 type=standard A=10616:com.tfmonochrome.android} flags=0x10}
03-18 00:19:17.954  3840  5813 D Transition: finishTransition ar ActivityRecord{65051913 u0 com.tfmonochrome.android/.ui.MainActivity t4765 f} isExiting}, isVisibleRequested=false, state=DESTROYED, visibleAtTransitionEndTokens={ActivityRecord{26699759 u0 com.android.launcher/.Launcher t4308}}, this=TransitionRecord{56578c7 id=5048 track=0 type=CLOSE flags=0x10 state=2 c=[
03-18 00:19:17.954  3840  5813 D Transition:    ChangeInfo{59fb092 container=ActivityRecord{65051913 u0 com.tfmonochrome.android/.ui.MainActivity t4765 f} isExiting} flags=0x0}
03-18 00:19:17.954  3840  5813 D Transition:    ChangeInfo{329405c container=Task{58acb3c #4765 type=standard A=10616:com.tfmonochrome.android} flags=0x10}
03-18 00:19:17.954  3840  5813 D ActivityTaskManager: commitVisibility: ActivityRecord{65051913 u0 com.tfmonochrome.android/.ui.MainActivity t4765 f} isExiting}: visible=false visibleRequested=false, isInTransition=false 
03-18 00:19:17.954  3840  5813 D WindowManager: NFW_setClientVisible:ActivityRecord{65051913 u0 com.tfmonochrome.android/.ui.MainActivity t4765 f} isExiting} clientVisible:false
03-18 00:19:17.954  3840  5813 D ActivityTaskManager: removeAppToken: ActivityRecord{65051913 u0 com.tfmonochrome.android/.ui.MainActivity t4765 f}} delayed=false parent=Task{58acb3c #4765 type=standard A=10616:com.tfmonochrome.android} animating=false Callers=com.android.server.wm.ActivityRecord.removeImmediately:5363 com.android.server.wm.WindowToken.removeIfPossible:267 com.android.server.wm.WindowToken.handleCompleteDeferredRemoval:273 com.android.server.wm.WindowContainer.handleCompleteDeferredRemoval:1646 
03-18 00:19:17.955  3840  5813 I OplusScreenSecurityMask: onStackRemoved task = Task{58acb3c #4765 type=standard A=10616:com.tfmonochrome.android} record = null displayId = 0
03-18 00:19:17.955  3840  5813 D OplusAlwaysAliveManager: removing: 4765, ComponentInfo{com.tfmonochrome.android/com.tfmonochrome.android.ui.MainActivity}
03-18 00:19:17.955  3840  5813 D OplusTransitionController:    ChangeInfo{59fb092 container=ActivityRecord{65051913 u0 com.tfmonochrome.android/.ui.MainActivity t-1 f}} flags=0x0}
03-18 00:19:17.955  3840  5813 D OplusTransitionController:    ChangeInfo{329405c container=Task{58acb3c #4765 type=standard A=10616:com.tfmonochrome.android} flags=0x10}
03-18 00:19:17.955  3840  5813 D FlexibleTaskTransitionController:    ChangeInfo{59fb092 container=ActivityRecord{65051913 u0 com.tfmonochrome.android/.ui.MainActivity t-1 f}} flags=0x0}
03-18 00:19:17.955  3840  5813 D FlexibleTaskTransitionController:    ChangeInfo{329405c container=Task{58acb3c #4765 type=standard A=10616:com.tfmonochrome.android} flags=0x10}
03-18 00:19:17.957  3840  4066 D OplusFlexibleWindowMinimizedManagerHelper: onTaskVanished taskInfo:4765 task:Task{58acb3c #4765 type=standard A=10616:com.tfmonochrome.android}
03-18 00:19:17.957  3840  4066 D FlexibleTaskController: no need releaseFlexibleCaptionView or destroyFlexibleDragLeash when non-caption-view-task vanished, task=Task{58acb3c #4765 type=standard A=10616:com.tfmonochrome.android}
03-18 00:19:17.957  3840  5078 D FlexibleTaskPerformanceManager: onTaskVanished:Task{58acb3c #4765 type=standard A=10616:com.tfmonochrome.android}
03-18 00:19:17.957  3840  4066 D OplusFlexibleWindowMinimizedManagerHelper: onTaskVanished taskInfo:4765 task:Task{58acb3c #4765 type=standard A=10616:com.tfmonochrome.android}
03-18 00:19:17.957  3840  4066 D FlexibleTaskController: no need releaseFlexibleCaptionView or destroyFlexibleDragLeash when non-caption-view-task vanished, task=Task{58acb3c #4765 type=standard A=10616:com.tfmonochrome.android}
03-18 00:19:17.957  3840  5078 D FlexibleTaskPerformanceManager: onTaskVanished:Task{58acb3c #4765 type=standard A=10616:com.tfmonochrome.android}
03-18 00:19:17.958  3840  5724 D ActivityTaskManager: after skip size:2,pre-Filtered:com.tfmonochrome.android # com.android.settings # 
03-18 00:19:20.591  3840  5724 I OplusPreStartController: preStartActivity Intent { act=android.intent.action.MAIN cat=[android.intent.category.LAUNCHER] flg=0x10200000 cmp=com.tfmonochrome.android/.ui.MainActivity bnds=[294,1628][534,1898] (has extras) }
03-18 00:19:20.592  3840  5724 I OplusPreStartController: isCapBitmapExists intent: Intent { act=android.intent.action.MAIN cat=[android.intent.category.LAUNCHER] flg=0x10200000 cmp=com.tfmonochrome.android/.ui.MainActivity bnds=[294,1628][534,1898] (has extras) }, requestRotation: SCREEN_ORIENTATION_UNSPECIFIED, surfaceRotation: ROTATION_0, targetRotation: ROTATION_0, uiMode: 33, found captures: true
03-18 00:19:20.592  5600  6901 I iopgp   : Iopgp: TRANSACTION_IOPGP_PRELOAD Sequence_id = 141 pkg_name = com.tfmonochrome.android uid = 10616 size = 1 isProfile = 1
03-18 00:19:20.708  3840  5813 E OplusAppQuickStart_AppQuickStartController: notifyStartActivity intent:Intent { act=android.intent.action.MAIN cat=[android.intent.category.LAUNCHER] flg=0x10200000 xflg=0x4 cmp=com.tfmonochrome.android/.ui.MainActivity bnds=[290,1624][530,1894] (has extras) }
03-18 00:19:20.708  5600  6901 I iopgp   : Iopgp: TRANSACTION_IOPGP_ON_INTENT_STARTED sequence_id = 141 pkg_name = com.tfmonochrome.android class_name = com.tfmonochrome.android.ui.MainActivity isCanTrace = 1
03-18 00:19:20.708  3840  5813 D WindowManager: NFW_setClientVisible:ActivityRecord{257875812 u0 com.tfmonochrome.android/.ui.MainActivity clientVisible:true
03-18 00:19:20.709  3840  5813 D FlexibleTaskController: isSupportFlexibleWindow target = com.tfmonochrome.android/.ui.MainActivity callPkg = FlexibleTaskController support = true ,caller = 3840
03-18 00:19:20.710  3840  5813 D FlexibleTaskController: isSupportFlexibleWindow target = com.tfmonochrome.android/.ui.MainActivity callPkg = FlexibleTaskController support = true ,caller = 3840
03-18 00:19:20.710  3840  5813 D FlexibleWindowManagerService: no reused task found for ActivityRecord{257875812 u0 com.tfmonochrome.android/.ui.MainActivity t-1}
03-18 00:19:20.712  3840  5813 D ActivityTaskManager: validateStartingWindowTheme:  Pkg=com.tfmonochrome.android, Translucent=false, Floating=false, ShowWallpaper=false, Disable=false, LaunchSource=2, Prev=null, LaunchedFromPackage=com.android.launcher
03-18 00:19:20.712  3840  5813 D ActivityTaskManager: addStartingWindow for ActivityRecord{257875812 u0 com.tfmonochrome.android/.ui.MainActivity t4766}, mainWin=null, state=INITIALIZING, isKeyguardLocked=false, isKeyguardGoingAway=false
03-18 00:19:20.713  3840  5813 D TaskOrganizerController: TaskOrganizerController.addStartingWindow: call wmshell to addStartingWindow:ActivityRecord{257875812 u0 com.tfmonochrome.android/.ui.MainActivity t4766}
03-18 00:19:20.714  3840  5813 D ActivityTaskManager: setAppVisibility(Token{dc8dd0 ActivityRecord{257875812 u0 com.tfmonochrome.android/.ui.MainActivity t4766}}, visible=true):  visible=false mVisibleRequested=false
03-18 00:19:20.714  3840  5813 D ActivityTaskManager: setVisibility(Token{dc8dd0 ActivityRecord{257875812 u0 com.tfmonochrome.android/.ui.MainActivity t4766}}, visible=true) defer commitVisibility for transition collecting
03-18 00:19:20.715 18336 18391 D WindowManager: Add to mViews: android.widget.FrameLayout{646fbad V.E...... ......I. 0,0-0,0 alpha=1.0 viewInfo = },pkg= com.tfmonochrome.android
03-18 00:19:20.715  3840  5813 D RefreshRate: Trigger app switch boost, ar=ActivityRecord{257875812 u0 com.tfmonochrome.android/.ui.MainActivity t4766},currDisplayRate=120.00001,boostId=3
03-18 00:19:20.715  3840  5813 D RefreshRate: startAppSwitchBoost targetMode={id=1, width=1272, height=2772, fps=120.00001, vsync=120.00001, synthetic=false, alternativeRefreshRates=[60.000004, 90.0, 144.00002, 165.0], supportedHdrTypes=[1, 2, 3, 4]} record=ActivityRecord{257875812 u0 com.tfmonochrome.android/.ui.MainActivity t4766}: votes=PRIORITY_START_ANIMATION_BOOST -> Vote{mRefreshRate=120.0, mMinRefreshRate=120.0, mRequestSource=null};PRIORITY_LAUNCHER_REQUEST -> Vote{mRefreshRate=120.0, mMinRefreshRate=120.0, mRequestSource=com.android.launcher10259};PRIORITY_WINDOW_REQUEST -> Vote{mRefreshRate=120.0, mMinRefreshRate=120.0, mRequestSource=null};
03-18 00:19:20.715  3840  4961 I [UAH_CLIENT]: UahEventAcquire, cmdid:1, pkg:com.tfmonochrome.android, identity:com.android.server.wm
03-18 00:19:20.716 18336 18392 V OplusUXIconLoader: loadUxIcon drawable null, packageName = com.tfmonochrome.android,activityName =:com.tfmonochrome.android.ui.MainActivity
03-18 00:19:20.717  3840  5378 I Osense-BaseDecisionMaker: notifySceneToAthenaPolicy: SCENE_APP_SWITCH, bundle: Bundle[{prevPkgName=com.android.launcher, curUid=10616, isGame=false, curPkgName=com.tfmonochrome.android, prevUid=10259}]
03-18 00:19:20.718  3840  5566 I OPM-Process: resume pkg: com.tfmonochrome.android, uid:10616, prev pkg: com.android.launcher, prev uid: 10259
03-18 00:19:20.718  3840  5813 D ActivityTaskManager: notifyTaskRemoved, task: Task{58acb3c #4765 type=standard A=10616:com.tfmonochrome.android} trace:com.android.server.wm.RecentTasks.removeForAddTask:1888 com.android.server.wm.RecentTasks.add:1377 com.android.server.wm.ActivityStarter.startActivityInner:3011 com.android.server.wm.ActivityStarter.startActivityUnchecked:2156 com.android.server.wm.ActivityStarter.executeRequest:1906 
03-18 00:19:20.719  3840  5813 D ActivityTaskManager: notifyTaskAdded, task: Task{4f98993 #4766 type=standard A=10616:com.tfmonochrome.android} trace:com.android.server.wm.RecentTasks.add:1392 com.android.server.wm.ActivityStarter.startActivityInner:3011 com.android.server.wm.ActivityStarter.startActivityUnchecked:2156 com.android.server.wm.ActivityStarter.executeRequest:1906 com.android.server.wm.ActivityStarter.execute:1004 
03-18 00:19:20.719 18336 18392 V OplusUXIconLoader: loadUxIcon drawable null, packageName = com.tfmonochrome.android,activityName =:null
03-18 00:19:20.719 18336 18358 V WindowManagerShell: Transition requested (#5049): android.os.BinderProxy@b7a645c TransitionRequestInfo { type = OPEN, triggerTask = TaskInfo{userId=0 taskId=4766 effectiveUid=10616 displayId=0 isRunning=true baseIntent=Intent { act=android.intent.action.MAIN cat=[android.intent.category.LAUNCHER] flg=0x10200000 cmp=com.tfmonochrome.android/.ui.MainActivity mCallingUid=10259 } baseActivity=ComponentInfo{com.tfmonochrome.android/com.tfmonochrome.android.ui.MainActivity} topActivity=ComponentInfo{com.tfmonochrome.android/com.tfmonochrome.android.ui.MainActivity} origActivity=null realActivity=ComponentInfo{com.tfmonochrome.android/com.tfmonochrome.android.ui.MainActivity}
03-18 00:19:20.719 18336 18358 V WindowManagerShell:  topActivityInfo=ActivityInfo{3a6983a com.tfmonochrome.android.ui.MainActivity} launchCookies=[android.os.BinderProxy@72caceb] positionInParent=Point(0, 0) parentTaskId=-1 isFocused=false isVisible=false isVisibleRequested=true isTopActivityNoDisplay=false isSleeping=false locusId=null displayAreaFeatureId=1 isTopActivityTransparent=false isActivityStackTransparent=false lastNonFullscreenBounds=Rect(323, 796 - 949, 2068) capturedLink=null capturedLinkTimestamp=0 requestedVisibleTypes=-9 topActivityRequestOpenInBrowserEducationTimestamp=0
03-18 00:19:20.720  5763  5763 I [UAH_CLIENT]: UahEventAcquire, cmdid:85, pkg:com.tfmonochrome.android, identity:GpuBoost
03-18 00:19:20.720  3840  5813 D FlexibleWindowManagerService: should not dispatch appeared task Task{4f98993 #4766 type=standard A=10616:com.tfmonochrome.android}
03-18 00:19:20.720  3840  5813 D osense.compress: notifyActivityLaunched pkgName = com.tfmonochrome.android, userId = 0
03-18 00:19:20.720  3840  5813 I ActivityTaskManager: START u0 {act=android.intent.action.MAIN cat=[android.intent.category.LAUNCHER] flg=0x10200000 xflg=0x4 cmp=com.tfmonochrome.android/.ui.MainActivity bnds=[290,1624][530,1894] (has extras) mCallingUid=10259} with LAUNCH_MULTIPLE from uid 10259 (sr=26699759) (BAL_ALLOW_VISIBLE_WINDOW (callingUid has visible window)) result code=0
03-18 00:19:20.721  3840  5724 I AppSnapshotController: attachStartingWindow, win = Window{f2408a9 u0 Splash Screen com.tfmonochrome.android}, shouldAppSnapshot = false
03-18 00:19:20.721  3840  5724 D ActivityTaskManager: attachStartingWindow: mStartingData=SplashScreenStartingData{f92f3a removeAfterTransaction= 0}, mAssociatedTask=null, mStartingWindow=Window{f2408a9 u0 Splash Screen com.tfmonochrome.android}
03-18 00:19:20.722  3840  5724 I WindowManager: addWindow: New client android.os.BinderProxy@9c33430 : window=Window{f2408a9 u0 Splash Screen com.tfmonochrome.android}
03-18 00:19:20.723  3840  5724 D VRR [OPlusRefreshRateService]:  HandleSetAppFrameRate [ 0 , com.tfmonochrome.android , false , version-1 ]
03-18 00:19:20.723 18336 18391 D ViewRootImplExtImpl: wrapConfigInfoIntoFlags rotation=0, smallestScreenWidthDp=0, residentWS=false, scenario=0, bounds=Rect(0, 0 - 1272, 2772), relayoutAsync=false, flags=0, newFlags=1453326336, title=Splash Screen com.tfmonochrome.android
03-18 00:19:20.723  3840  4066 D ActivityTaskManager: commitVisibility: ActivityRecord{257875812 u0 com.tfmonochrome.android/.ui.MainActivity t4766}: visible=true visibleRequested=true, isInTransition=true 
03-18 00:19:20.723  3840  4066 D Transition: collectOrderChanges onTopTasksEnd: [Task{4f98993 #4766 type=standard A=10616:com.tfmonochrome.android}], reportedOnTop:null, mOnTopTasksStart: [Task{4f98993 #4766 type=standard A=10616:com.tfmonochrome.android}], TDA child: [Task{632d96f #4748 type=standard A=1000:.applications.InstalledAppDetailsTop}, Task{59608d5 #4419 type=undefined}, Task{e154f06 #1 type=home}, Task{4f98993 #4766 type=standard A=10616:com.tfmonochrome.android}]
03-18 00:19:20.723  3840  4066 D OplusFlexibleActivityTransitionManager: fixTransitType type result:1, targets: [ChangeInfo{3e7fd83 container=Task{4f98993 #4766 type=standard A=10616:com.tfmonochrome.android} flags=0x10}, ChangeInfo{aa2eedf container=Task{e154f06 #1 type=home} flags=0x10}]
03-18 00:19:20.724  3840  4066 D OplusTransitionController: onTransactionReady, transition: 5049, info: {id=5049 t=OPEN f=0x0 trk=0 r=[0@Point(0, 0)] c=[{WCT{RemoteToken{af199fb Task{4f98993 #4766 type=standard A=10616:com.tfmonochrome.android}}} m=OPEN f=NONE leash=Surface(name=Task=4766)/@0x244b6fc sb=Rect(0, 0 - 1272, 2772) eb=Rect(0, 0 - 1272, 2772) epz=Point(1272, 2772) d=0 taskParent=-1},{WCT{RemoteToken{fe7353 Task{e154f06 #1 type=home}}} m=TO_BACK f=SHOW_WALLPAPER leash=Surface(name=Task=1)/@0xfe2690e sb=Rect(0, 0 - 1272, 2772) eb=Rect(0, 0 - 1272, 2772) epz=Point(1272, 2772) d=0 taskParent=-1}] 
03-18 00:19:20.724  3840  4066 D OplusTransitionController:    ChangeInfo{3e7fd83 container=Task{4f98993 #4766 type=standard A=10616:com.tfmonochrome.android} flags=0x10}
03-18 00:19:20.724  3840  4066 D OplusTransitionController:    ChangeInfo{ba1d72c container=ActivityRecord{257875812 u0 com.tfmonochrome.android/.ui.MainActivity t4766} flags=0x0}
03-18 00:19:20.724  3840  4066 D OplusTransitionController: , mNeedCanvasExitAnim=false, mMergeSecondTaskAnimation=false, mIsLaunchUnityStart=false, mIsLaunchFromAssistantByDefault=false, mSkipRemoteTransitionfalse, mIsStartFromKeyguard=false flags=0x0, mWCT=null, mIsOpenMergeToInValidPredictive=false}]}, targets : [ChangeInfo{3e7fd83 container=Task{4f98993 #4766 type=standard A=10616:com.tfmonochrome.android} flags=0x10}, ChangeInfo{aa2eedf container=Task{e154f06 #1 type=home} flags=0x10}], participants: {ActivityRecord{26699759 u0 com.android.launcher/.Launcher t4308}, Task{4f98993 #4766 type=standard A=10616:com.tfmonochrome.android}, WallpaperWindowToken{a0ad1ea showWhenLocked=true}, WallpaperWindowToken{cad1aaf showWhenLocked=false}, ActivityRecord{257875812 u0 com.tfmonochrome.android/.ui.MainActivity t4766}}
03-18 00:19:20.725  3840  5319 V WindowManager: Relayout Window{f2408a9 u0 Splash Screen com.tfmonochrome.android}: viewVisibility=0, oldvis=0, req=1272x2772 , apr = 0, vsysui=, x=0, y=0
03-18 00:19:20.725  3840  5319 I WindowManager: Window{f2408a9 u0 Splash Screen com.tfmonochrome.android} state from NO_SURFACE to DRAW_PENDING; reason: resetDrawState
03-18 00:19:20.727  3840  4087 I ActivityManager: Start proc 31459:com.tfmonochrome.android/u0a616 for top-activity {com.tfmonochrome.android/com.tfmonochrome.android.ui.MainActivity}
03-18 00:19:20.727  3840  4062 V WindowManager: Sent Transition (#5049) createdAt=03-18 00:19:20.709 via request=TransitionRequestInfo { type = OPEN, triggerTask = TaskInfo{userId=0 taskId=4766 effectiveUid=10616 displayId=0 isRunning=true baseIntent=Intent { act=android.intent.action.MAIN cat=[android.intent.category.LAUNCHER] flg=0x10200000 cmp=com.tfmonochrome.android/.ui.MainActivity mCallingUid=10259 } baseActivity=ComponentInfo{com.tfmonochrome.android/com.tfmonochrome.android.ui.MainActivity} topActivity=ComponentInfo{com.tfmonochrome.android/com.tfmonochrome.android.ui.MainActivity} origActivity=null realActivity=ComponentInfo{com.tfmonochrome.android/com.tfmonochrome.android.ui.MainActivity}
03-18 00:19:20.727  3840  4062 V WindowManager:  numActivities=1 lastActiveTime=366301461 supportsSplitScreenMultiWindow=true supportsMultiWindow=true supportsPocketStudioMultiWindow=true isInFlexibleEmbedded = false uid = 10616 pid = 0 resizeMode=1 isResizeable=true minWidth=-1 minHeight=-1 defaultMinSize=220 token=WCT{RemoteToken{af199fb Task{4f98993 #4766 type=standard A=10616:com.tfmonochrome.android}}} topActivityType=1 pictureInPictureParams=null shouldDockBigOverlays=false launchIntoPipHostTaskId=-1 lastParentTaskIdBeforePip=-1 displayCutoutSafeInsets=Rect(0, 141 - 0, 0)
03-18 00:19:20.727  3840  4062 V WindowManager:  topActivityInfo=ActivityInfo{5e40960 com.tfmonochrome.android.ui.MainActivity} launchCookies=[android.os.BinderProxy@d336e19] positionInParent=Point(0, 0) parentTaskId=-1 isFocused=false isVisible=false isVisibleRequested=true isTopActivityNoDisplay=false isSleeping=false locusId=null displayAreaFeatureId=1 isTopActivityTransparent=false isActivityStackTransparent=false lastNonFullscreenBounds=Rect(323, 796 - 949, 2068) capturedLink=null capturedLinkTimestamp=0 requestedVisibleTypes=-9 topActivityRequestOpenInBrowserEducationTimestamp=0
03-18 00:19:20.727  3840  4062 V WindowManager:  mOplusExtraBundle = Bundle[{androidx.flexible.taskFrame=Rect(0, 0 - 0, 0), androidx.flexible.Alpha=1.0, androidx.activity.task.attach.blur=0, androidx.activity.LaunchInsensible=0, androidx.activity.LaunchCornerRadius=0, key_flexible_task_state=0, topActivitySupportAppInnerSplit=false, key_flexible_task_animating_type=-1, key_flexible_task_root_activity_processname=com.tfmonochrome.android, androidx.activity.LaunchScenario=0, is_oplus_clone_task=false, flexible_super_mini_state=false, topRunningActivityHash=257875812, androidx.activity.LaunchScale=1.0, androidx.activity.LaunchShadowRadius=0, is_transient_hide_for_task_info=false, key_flexible_task_root_activity_pid=0, key_flexible_task_root_activity_uid=10616}]}, pipChange = null, remoteTransition = RemoteTransition { remoteTransition = android.window.IRemoteTransition$Stub$Proxy@ac7aede, appThread = android.app.IApplicationThread$Stub$Proxy@c0148bf, debugName = QuickstepLaunch }, displayChange = null, flags = 0, debugId = 5049 }
03-18 00:19:20.727  3840  4062 V WindowManager:         {WCT{RemoteToken{af199fb Task{4f98993 #4766 type=standard A=10616:com.tfmonochrome.android}}} m=OPEN f=NONE leash=Surface(name=Task=4766)/@0x244b6fc sb=Rect(0, 0 - 1272, 2772) eb=Rect(0, 0 - 1272, 2772) epz=Point(1272, 2772) d=0 taskParent=-1},
03-18 00:19:20.727  3840  4062 V WindowManager:    ChangeInfo{3e7fd83 container=Task{4f98993 #4766 type=standard A=10616:com.tfmonochrome.android} flags=0x10}
03-18 00:19:20.727  3840  4062 V WindowManager:    ChangeInfo{ba1d72c container=ActivityRecord{257875812 u0 com.tfmonochrome.android/.ui.MainActivity t4766} flags=0x0}
03-18 00:19:20.727  3840  6861 I OStatsManager_OplusBatteryStatsManager: updateStateTime: PkgName = com.tfmonochrome.android, uid = 10616, state to bg, mForegroundCnt = 0, isFg = false
03-18 00:19:20.727  3840  5724 D CoreBackPreview: Window{f2408a9 u0 Splash Screen com.tfmonochrome.android}: Setting back callback OnBackInvokedCallbackInfo{mCallback=android.window.IOnBackInvokedCallback$Stub$Proxy@c0bb1db, mPriority=0, mIsAnimationCallback=false, mOverrideBehavior=0}
03-18 00:19:20.727  3840  4575 I MemoryOperationUtils: add 31459 to com.tfmonochrome.android
03-18 00:19:20.728 18336 18391 I SurfaceControl:  setExtendedRangeBrightness sc=Surface(name=Splash Screen com.tfmonochrome.android)/@0x86ed5b7,currentBufferRatio=1.0,desiredRatio=1.0
03-18 00:19:20.732  3840  5893 I WindowManager: Window{f2408a9 u0 Splash Screen com.tfmonochrome.android} state from DRAW_PENDING to COMMIT_DRAW_PENDING; reason: finishDrawingLocked
03-18 00:19:20.733  3840  4066 I WindowManager: Window{f2408a9 u0 Splash Screen com.tfmonochrome.android} state from COMMIT_DRAW_PENDING to READY_TO_SHOW; reason: commitFinishDrawingLocked
03-18 00:19:20.733  3840  4066 I WindowManager: Window{f2408a9 u0 Splash Screen com.tfmonochrome.android} state from READY_TO_SHOW to HAS_DRAWN; reason: performShowLocked
03-18 00:19:20.738  3840  4066 I WindowStateExtImpl: onSurfaceShowChange show = true mPackageName = com.tfmonochrome.android parentPkgName = com.tfmonochrome.android
03-18 00:19:20.741  3840  5893 D SplitScreenAppReader: SPLIT_TOUCH support check:com.tfmonochrome.android = false
03-18 00:19:20.741  3840  5893 D ResourcesManagerCache: For package com.tfmonochrome.android we got cacheList [null] appInfoExt is null ? false hasFeature ? false
03-18 00:19:20.743  3840  5893 E OplusDexOptimizeManager: pkgSetting or primaryCpuAbi is null for package: com.tfmonochrome.android
03-18 00:19:20.744  3840  4075 I UserAwareMgr: handleTopAppChanged: com.tfmonochrome.android, pid: 31459, uid: 10616
03-18 00:19:20.744  3840  5893 D ActivityTaskManager: onWindowFocusChanged Task{4f98993 #4766 type=standard A=10616:com.tfmonochrome.android} would transfer to compact
03-18 00:19:20.744  3840  5893 D ActivityTaskManager: NFW_setLastResumedActivityUncheckLocked:true r:ActivityRecord{257875812 u0 com.tfmonochrome.android/.ui.MainActivity t4766} currentFocus:null
03-18 00:19:20.744  3840  5893 D FlexibleTaskController: onTaskFocusChanged prevTask:Task{f9c940b #4308 type=home I=com.android.launcher/.Launcher} ,currentTask:Task{4f98993 #4766 type=standard A=10616:com.tfmonochrome.android}, reason: realStartActivityLocked - onActivityStateChanged
03-18 00:19:20.744  3840  5893 D OplusFlexibleDCSManager: onNextPkgChanged pkg = com.tfmonochrome.android
03-18 00:19:20.744  3840  5893 I OplusAppSwitchManagerService: appswitch hasProcess ActivityRecord{257875812 u0 com.tfmonochrome.android/.ui.MainActivity t4766}
03-18 00:19:20.744  3840  4961 I [UAH_CLIENT]: UahEventAcquire, cmdid:0, pkg:com.tfmonochrome.android, identity:com.android.server.wm
03-18 00:19:20.744  3840  5893 I GameManagerServiceExt-GameManagerServiceExt: on FG change: com.android.launcher|com.tfmonochrome.android
03-18 00:19:20.744  3840  5893 I OplusAppSwitchManagerService: appswitch hasProcess ActivityRecord{257875812 u0 com.tfmonochrome.android/.ui.MainActivity t4766}
03-18 00:19:20.745  5043  8494 V DCSEX-AppSwitchManager: OnAppSwitchObserver: onAppExit, resuming = com.tfmonochrome.android, target = com.android.launcher, is ResumingFirstStart =  true, is ResumingMultiApp =  false, extensionInfo =  Bundle[mParcelledData.dataSize=596]
03-18 00:19:20.745  3840  5624 D OplusLatencyOptimizerManager: enter pkg: com.tfmonochrome.android isPrevBlackAppTop: false mIsBlackAppTop: false
03-18 00:19:20.745  3840  4122 D VRR [OPlusRefreshRateService]: handleFrontAppChange pkgName: com.tfmonochrome.android
03-18 00:19:20.745  3840  5624 D OplusEapManager: mTargetEnterName :com.tfmonochrome.android
03-18 00:19:20.745  3840  5624 I OplusHansManager : appSwitch from com.android.launcher to com.tfmonochrome.android, pre resume pkg:null
03-18 00:19:20.745  5220 16654 I Athena  : AthenaDynamicReceiver: pre_app:com.android.launcher, next_app:com.tfmonochrome.android(10616|31459)
03-18 00:19:20.745  5043 25956 D DCSEX-AppLaunchEventRecorder: onAppSwitch from = com.android.launcher to = com.tfmonochrome.android
03-18 00:19:20.746  3840  4099 E OplusThermalStats: Error getting package info: com.tfmonochrome.android
03-18 00:19:20.746  5043  8494 V DCSEX-AppSwitchManager: OnAppSwitchObserver: onAppEnter, launchedFrom =  com.android.launcher, target =  com.tfmonochrome.android, is firstStart =  true, is multiApp =  false, extensionInfo =  Bundle[mParcelledData.dataSize=1020], launch_source_type =  launcherWorkspace, launch_source_traceid =  
03-18 00:19:20.746 16849 16859 W Battery : AppSwitchDetectorV2: OnAppSwitchObserver: onAppExit , info = OplusAppExitInfo = {  targetName = com.android.launcher hasResumingActivity = true resumingPackageName = com.tfmonochrome.android resumingActivityName = com.tfmonochrome.android.ui.MainActivity resumingWindowMode = 1 isResumingMultiApp = false isResumingFirstStart = true extension = Bundle[mParcelledData.dataSize=596]} lastReg=1773799375050
03-18 00:19:20.747  3840  4120 D OplusAppSwitchListener: Detect com.tfmonochrome.android switch to foreground
03-18 00:19:20.747  2282  2529 D AudioFlingerExtImpl: AudioFlingerExtImpl oplusSetParameters: keyvalue onForegroundActivitiesChanged=com.tfmonochrome.android:foreground:1|10616:31459
03-18 00:19:20.747  2282  2529 D AudioFlingerExtImpl: updateForegroundInfo, mapInf mForegroundMap(1)|[com.tfmonochrome.android]=1, uidPidMapInf mForegroundUidPidMap(1)|[10616]=31459
03-18 00:19:20.749 16849 16859 W Battery : ThermalControlUtils: mForegroundPkg=com.tfmonochrome.android mLastWindowMode=1
03-18 00:19:20.749 16849 16859 W Battery : StateManager: getAppType com.tfmonochrome.android, last=1773807374595
03-18 00:19:20.749 16849 16859 W Battery : ThermalControllHandler: tempLevel=[2],userMode=2,gameUserMode=7,appType=-1,envTempType=0,appStates=[],appSwitchSafetyMode=true,split=[],float=[],full=[com.tfmonochrome.android], tempGear=[2],configItemName=common_config
03-18 00:19:20.750  1893  1926 I statsd  : An anomaly (104240000001) (42)0x10000->10616[I] (42)0x20000->com.tfmonochrome.android[S] (42)0x30000->.ui.MainActivity[S]  has occurred! Informing subscribers.
03-18 00:19:20.750 10679 10703 D SceneSDK.1.0.4-SNAPSHOT.10679.DeepThinkerAppSwitchAbility: onAppSwitchEvent: AppSwitchEvent(timeStamp=1773807560746, eventType=2, targetName=com.android.launcher, firstStart=false, multiApp=false, windowMode=0, resumingPackageName=com.tfmonochrome.android, resumingActivityName=com.tfmonochrome.android.ui.MainActivity, isResumingMultiApp=false, isResumingFirstStart=true)
03-18 00:19:20.751 10679 10703 I metis_v2_AppSwitchDataCollector: AppExitEvent =  com.android.launcher, NextAppName = com.tfmonochrome.android [Metis|com.oplus.metis|2.0.20-aa39d14]
03-18 00:19:20.751  3840  6861 I OStatsManager_Calc: noteBeforePkgSwitch change = true, curTime = 366301485, com.tfmonochrome.android, fg = false
03-18 00:19:20.751  3840  6861 I OStatsManager_OplusBatteryStatsManager: updateStateTime: PkgName = com.tfmonochrome.android, uid = 10616, state to fg, mForegroundCnt = 1, isFg = true
03-18 00:19:20.751  3840  6861 I OStatsManager_OplusBatteryStatsManager: notePkgForeground [com.tfmonochrome.android10616, com.android.launcher10259], uid = 10616, pid = 31459, pkgName = com.tfmonochrome.android
03-18 00:19:20.751  6967 17373 I midasd  : app forground called:com.tfmonochrome.android
03-18 00:19:20.752  1893  1926 I statsd  : An anomaly (119840000001) (100198)0x10000->com.tfmonochrome.android[S] (100198)0x20000->10616[I]  has occurred! Informing subscribers.
03-18 00:19:20.752 10679 10703 D SceneSDK.1.0.4-SNAPSHOT.10679.DeepThinkerAppSwitchAbility: onAppSwitchEvent: AppSwitchEvent(timeStamp=1773807560749, eventType=1, targetName=com.tfmonochrome.android, firstStart=true, multiApp=false, windowMode=1, resumingPackageName=, resumingActivityName=, isResumingMultiApp=false, isResumingFirstStart=false)
03-18 00:19:20.752 10679 10703 I metis_v2_AppSwitchDataCollector: AppEnterEvent =  com.tfmonochrome.android, windowMode = 1,firstStart = true
03-18 00:19:20.752 10679 10703 W metis_v2_AppSwitchDataCollector: fenceKey = com.oplus.metis:TOP_APPLICATION, getExits = [], getEnters = [] packageName = com.tfmonochrome.android
03-18 00:19:20.764 31459 31459 D nativeloader: Configuring clns-9 for other apk /data/app/~~IZ2OjxT6Nd9rHUuu2CnimA==/com.tfmonochrome.android-wstvNtMQM0hczT0rTyNy-w==/base.apk. target_sdk_version=34, uses_libraries=, library_path=/data/app/~~IZ2OjxT6Nd9rHUuu2CnimA==/com.tfmonochrome.android-wstvNtMQM0hczT0rTyNy-w==/lib/arm64, permitted_path=/data:/mnt/expand:/data/user/0/com.tfmonochrome.android
03-18 00:19:20.766 31459 31459 V GraphicsEnvironment: com.tfmonochrome.android is not listed in per-application setting
03-18 00:19:20.766 31459 31459 V GraphicsEnvironment: com.tfmonochrome.android is not listed in ANGLE allowlist or settings, returning default
03-18 00:19:20.772 31459 31459 D OplusPredictiveBackController: initPredictiveBackConfig for com.tfmonochrome.android.ui.MainActivity@e48de3f initPredictiveBackConfig mShouldInterceptKeyEvent false
03-18 00:19:20.775  2091  2091 I qspmHal : gpuProfName:com.tfmonochrome.android-gpu - gpu prof_info.path:/data/vendor/gaming/com.tfmonochrome.android-gpu
03-18 00:19:20.776  2091  2091 I qspmHal : gpuProfName:com.tfmonochrome.android-gpu - gpu prof_info.path:/data/vendor/gaming/com.tfmonochrome.android-gpu
03-18 00:19:20.777  3840  5724 W System.err: java.lang.SecurityException: com.tfmonochrome.android: One of RECEIVER_EXPORTED or RECEIVER_NOT_EXPORTED should be specified when a receiver isn't being registered exclusively for system broadcasts
03-18 00:19:20.778 31459 31459 E TransactionExecutor:     LaunchActivityItem{activityToken=android.os.BinderProxy@1d8d47,intent=Intent { act=android.intent.action.MAIN cat=[android.intent.category.LAUNCHER] flg=0x10200000 xflg=0x4 cmp=com.tfmonochrome.android/.ui.MainActivity bnds=[290,1624][530,1894] (has extras) mCallingUid=10259 },ident=257875812,info=ActivityInfo{1d391ed com.tfmonochrome.android.ui.MainActivity},curConfig={1.0 ??mcc??mnc [en_CA] ldltr sw428dp w428dp h868dp 476dpi nrml long hdr widecg port night finger -keyb/v/h -nav/h winConfig={ mBounds=Rect(0, 0 - 1272, 2772) mAppBounds=Rect(0, 141 - 1272, 2724) mMaxBounds=Rect(0, 0 - 1272, 2772) mDisplayRotation=ROTATION_0 mWindowingMode=fullscreen mActivityType=undefined mAlwaysOnTop=undefined mRotation=ROTATION_0} s.100343 fontWeightAdjustment=300mThemeChanged= 0, mThemeChangedFlags= 0, mFlipFont= 0, mScenario= 0, mAccessibleChanged= -1, mUxIconConfig= 124178114ac0121, mMaterialColor= 40000, mUserId= 0, mFontUserId= 0, mFontVariationSettings= 1222, mFoldingAngle = -1.0, mIconPackName= , mDarkModeBackgroundMaxL= 0.0, mDarkModeDialogBgMaxL= 27.0, mDarkModeForegroundMinL= 100.0, mOplusConfigType= 1, mOplusChangedConfigs= 0, OpSans= -1, mBurmeseFontFlag= 2, mFlag= 0, mExtraFlag= 0, mFlexibleActivitySuitable= -1, mPuttDisplayFlag= -1},overrideConfig={1.0 ??mcc??mnc [en_CA] ldltr sw428dp w428dp h868dp 476dpi nrml long hdr widecg port night finger -keyb/v/h -nav/h winConfig={ mBounds=Rect(0, 0 - 1272, 2772) mAppBounds=Rect(0, 141 - 1272, 2724) mMaxBounds=Rect(0, 0 - 1272, 2772) mDisplayRotation=ROTATION_0 mWindowingMode=fullscreen mActivityType=standard mAlwaysOnTop=undefined mRotation=ROTATION_0} s.2 fontWeightAdjustment=300mThemeChanged= 0, mThemeChangedFlags= 0, mFlipFont= 0, mScenario= 0, mAccessibleChanged= -1, mUxIconConfig= 124178114ac0121, mMaterialColor= 40000, mUserId= 0, mFontUserId= 0, mFontVariationSettings= 1222, mFoldingAngle = -1.0, mIconPackName= , mDarkModeBackgroundMaxL= 0.0, mDarkModeDialogBgMaxL= 27.0, mDarkModeForegroundMinL= 100.0, mOplusConfigType= 1, mOplusChangedConfigs= 0, OpSans= -1, mBurmeseFontFlag= 2, mFlag= 0, mExtraFlag= 0, mFlexibleActivitySuitable= -1, mPuttDisplayFlag= -1},deviceId=0,referrer=com.android.launcher,procState=2,state=null,persistentState=null,pendingResults=null,pendingNewIntents=null,sceneTransitionInfo=null,profilerInfo=null,assistToken=android.os.BinderProxy@7d98822,shareableActivityToken=android.os.BinderProxy@b6582b3,activityWindowInfo=ActivityWindowInfo{isEmbedded=false, taskBounds=Rect(0, 0 - 1272, 2772), taskFragmentBounds=Rect(0, 0 - 1272, 2772)}}
03-18 00:19:20.778 31459 31459 E TransactionExecutor:     LaunchActivityItem{activityToken=android.os.BinderProxy@1d8d47,intent=Intent { act=android.intent.action.MAIN cat=[android.intent.category.LAUNCHER] flg=0x10200000 xflg=0x4 cmp=com.tfmonochrome.android/.ui.MainActivity bnds=[290,1624][530,1894] (has extras) mCallingUid=10259 },ident=257875812,info=ActivityInfo{1d391ed com.tfmonochrome.android.ui.MainActivity},curConfig={1.0 ??mcc??mnc [en_CA] ldltr sw428dp w428dp h868dp 476dpi nrml long hdr widecg port night finger -keyb/v/h -nav/h winConfig={ mBounds=Rect(0, 0 - 1272, 2772) mAppBounds=Rect(0, 141 - 1272, 2724) mMaxBounds=Rect(0, 0 - 1272, 2772) mDisplayRotation=ROTATION_0 mWindowingMode=fullscreen mActivityType=undefined mAlwaysOnTop=undefined mRotation=ROTATION_0} s.100343 fontWeightAdjustment=300mThemeChanged= 0, mThemeChangedFlags= 0, mFlipFont= 0, mScenario= 0, mAccessibleChanged= -1, mUxIconConfig= 124178114ac0121, mMaterialColor= 40000, mUserId= 0, mFontUserId= 0, mFontVariationSettings= 1222, mFoldingAngle = -1.0, mIconPackName= , mDarkModeBackgroundMaxL= 0.0, mDarkModeDialogBgMaxL= 27.0, mDarkModeForegroundMinL= 100.0, mOplusConfigType= 1, mOplusChangedConfigs= 0, OpSans= -1, mBurmeseFontFlag= 2, mFlag= 0, mExtraFlag= 0, mFlexibleActivitySuitable= -1, mPuttDisplayFlag= -1},overrideConfig={1.0 ??mcc??mnc [en_CA] ldltr sw428dp w428dp h868dp 476dpi nrml long hdr widecg port night finger -keyb/v/h -nav/h winConfig={ mBounds=Rect(0, 0 - 1272, 2772) mAppBounds=Rect(0, 141 - 1272, 2724) mMaxBounds=Rect(0, 0 - 1272, 2772) mDisplayRotation=ROTATION_0 mWindowingMode=fullscreen mActivityType=standard mAlwaysOnTop=undefined mRotation=ROTATION_0} s.2 fontWeightAdjustment=300mThemeChanged= 0, mThemeChangedFlags= 0, mFlipFont= 0, mScenario= 0, mAccessibleChanged= -1, mUxIconConfig= 124178114ac0121, mMaterialColor= 40000, mUserId= 0, mFontUserId= 0, mFontVariationSettings= 1222, mFoldingAngle = -1.0, mIconPackName= , mDarkModeBackgroundMaxL= 0.0, mDarkModeDialogBgMaxL= 27.0, mDarkModeForegroundMinL= 100.0, mOplusConfigType= 1, mOplusChangedConfigs= 0, OpSans= -1, mBurmeseFontFlag= 2, mFlag= 0, mExtraFlag= 0, mFlexibleActivitySuitable= -1, mPuttDisplayFlag= -1},deviceId=0,referrer=com.android.launcher,procState=2,state=null,persistentState=null,pendingResults=null,pendingNewIntents=null,sceneTransitionInfo=null,profilerInfo=null,assistToken=android.os.BinderProxy@7d98822,shareableActivityToken=android.os.BinderProxy@b6582b3,activityWindowInfo=ActivityWindowInfo{isEmbedded=false, taskBounds=Rect(0, 0 - 1272, 2772), taskFragmentBounds=Rect(0, 0 - 1272, 2772)}}
