03-18 00:19:07.033  3840  5893 D Transition: finishTransition ar ActivityRecord{26699759 u0 com.android.launcher/.Launcher t4308}, isVisibleRequested=true, state=RESUMED, visibleAtTransitionEndTokens={ActivityRecord{46091247 u0 com.tfmonochrome.android/.ui.MainActivity t4763 f}}, WallpaperWindowToken{cad1aaf showWhenLocked=false}}, this=TransitionRecord{9f5772c id=5041 track=0 type=OPEN flags=0x0 state=2 c=[
03-18 00:19:07.033  3840  5893 D Transition:    ChangeInfo{5126f8a container=ActivityRecord{46091247 u0 com.tfmonochrome.android/.ui.MainActivity t4763 f}} flags=0x0}
03-18 00:19:07.033  3840  5893 D Transition:    ChangeInfo{8d8da18 container=Task{55eb80b #4763 type=standard A=10616:com.tfmonochrome.android} flags=0x10}
03-18 00:19:07.033  3840  5893 D Transition: finishTransition ar ActivityRecord{46091247 u0 com.tfmonochrome.android/.ui.MainActivity t4763 f}}, isVisibleRequested=false, state=PAUSING, visibleAtTransitionEndTokens={ActivityRecord{46091247 u0 com.tfmonochrome.android/.ui.MainActivity t4763 f}}, WallpaperWindowToken{cad1aaf showWhenLocked=false}}, this=TransitionRecord{9f5772c id=5041 track=0 type=OPEN flags=0x0 state=2 c=[
03-18 00:19:07.033  3840  5893 D Transition:    ChangeInfo{5126f8a container=ActivityRecord{46091247 u0 com.tfmonochrome.android/.ui.MainActivity t4763 f}} flags=0x0}
03-18 00:19:07.033  3840  5893 D Transition:    ChangeInfo{8d8da18 container=Task{55eb80b #4763 type=standard A=10616:com.tfmonochrome.android} flags=0x10}
03-18 00:19:07.033  3840  5893 D ContinuousTransitionController:  ar=ActivityRecord{46091247 u0 com.tfmonochrome.android/.ui.MainActivity t4763 f}} isInLastPlaying remoteTransition: TransitionRecord{44c6c77 id=5042 track=0 type=CLOSE flags=0x10 state=2 c=[
03-18 00:19:07.033  3840  5893 D ContinuousTransitionController:    ChangeInfo{1c2294d container=ActivityRecord{46091247 u0 com.tfmonochrome.android/.ui.MainActivity t4763 f}} flags=0x0}
03-18 00:19:07.033  3840  5893 D ContinuousTransitionController:    ChangeInfo{776144c container=Task{55eb80b #4763 type=standard A=10616:com.tfmonochrome.android} flags=0x10}
03-18 00:19:07.033  3840  5893 I OplusAppSwitchManagerService:  handleAppVisible , r = ActivityRecord{46091247 u0 com.tfmonochrome.android/.ui.MainActivity t4763 f}}
03-18 00:19:07.033  3840  5893 D OplusTransitionController:    ChangeInfo{5126f8a container=ActivityRecord{46091247 u0 com.tfmonochrome.android/.ui.MainActivity t4763 f}} flags=0x0}
03-18 00:19:07.033  3840  5893 D OplusTransitionController:    ChangeInfo{8d8da18 container=Task{55eb80b #4763 type=standard A=10616:com.tfmonochrome.android} flags=0x10}
03-18 00:19:07.033  3840  5893 D FlexibleTaskTransitionController:    ChangeInfo{5126f8a container=ActivityRecord{46091247 u0 com.tfmonochrome.android/.ui.MainActivity t4763 f}} flags=0x0}
03-18 00:19:07.033  3840  5893 D FlexibleTaskTransitionController:    ChangeInfo{8d8da18 container=Task{55eb80b #4763 type=standard A=10616:com.tfmonochrome.android} flags=0x10}
03-18 00:19:07.045  3840  5319 D VRR [OPlusRefreshRateService]:  HandleSetAppFrameRate [ 20 , com.tfmonochrome.android , false , version-1 ]
03-18 00:19:07.048  3840  5893 I ActivityManager: Death received, pid = 31170, processName = com.tfmonochrome.android for thread android.os.BinderProxy@9133b45
03-18 00:19:07.048  3840  5355 I ActivityManager: Process com.tfmonochrome.android (pid 31170) has died: fg  TOP 
03-18 00:19:07.048  3840  4075 I UserAwareMgr: process killed: {pkgName='com.tfmonochrome.android', serviceName='', procName=com.tfmonochrome.android, pid=31170, uid=10616, appId=0, owner='null', flags='fg1', renderTid=0, hwuiTids=null, glTids=null, threadInfos=null, mVideoActivityList=[], mStates=0}
03-18 00:19:07.048  3840  4075 I UserAwareMgr: handleProcessKilled, pkgName: com.tfmonochrome.android, pid: 31170
03-18 00:19:07.050  3840  5355 D ActivityTaskManager: removeAppToken: ActivityRecord{46091247 u0 com.tfmonochrome.android/.ui.MainActivity t4763 f}} delayed=true parent=Task{55eb80b #4763 type=standard A=10616:com.tfmonochrome.android} animating=true Callers=com.android.server.wm.DisplayContent.removeAppToken:1759 com.android.server.wm.ActivityRecord.removeFromHistory:4989 com.android.server.wm.ActivityRecord.handleAppDied:5348 com.android.server.wm.WindowProcessController.handleAppDied:1709 
03-18 00:19:07.050  3840  5355 D ActivityTaskManager: removeStartingWindowAnimation starting ActivityRecord{46091247 u0 com.tfmonochrome.android/.ui.MainActivity t4763 f}} startingWindow=null ,startingView=com.android.server.wm.StartingSurfaceController$StartingSurface@a3cffbd,Callers=com.android.server.wm.ActivityRecord.removeStartingWindow:3409 com.android.server.wm.ActivityRecord.onRemovedFromDisplay:5422 com.android.server.wm.DisplayContent.removeAppToken:1759 com.android.server.wm.ActivityRecord.removeFromHistory:4989 com.android.server.wm.ActivityRecord.handleAppDied:5348 
03-18 00:19:07.050  3840  5355 D OplusStartingWindowManager: interceptRemoveStartingWindow: packageName=com.tfmonochrome.android,  componentName=com.tfmonochrome.android/.ui.MainActivity, isSnapshot=false, startingSurfaceRunnable=null, isDrawCompleted=false, hasSurfaceView=false, inTransition=true
03-18 00:19:07.050  3840  5355 D OplusStartingWindowManager: interceptRemoveStartingWindow: hasSplashWindowFlag() return false for activity=ActivityRecord{46091247 u0 com.tfmonochrome.android/.ui.MainActivity t4763 f}}
03-18 00:19:07.054  3840  5808 V WindowManager: Relayout Window{9a843e1 u0 Splash Screen com.tfmonochrome.android}: viewVisibility=8, oldvis=0, req=1272x2772 , apr = 0, vsysui=
03-18 00:19:07.056  3840  4570 I WindowStateExtImpl: onSurfaceShowChange show = false mPackageName = com.tfmonochrome.android parentPkgName = com.tfmonochrome.android
03-18 00:19:07.056  3840  4570 I WindowManager: Window{9a843e1 u0 Splash Screen com.tfmonochrome.android EXITING} state from HAS_DRAWN to NO_SURFACE; reason: destroySurface
03-18 00:19:07.057  3840  5319 D ActivityTaskManager: after skip size:2,pre-Filtered:com.tfmonochrome.android # com.android.settings # 
03-18 00:19:07.058  3840  5874 W WindowManager: captureTaskSnapshot mSnapshotMode= 0 source=Task{55eb80b #4763 type=standard A=10616:com.tfmonochrome.android}
03-18 00:19:07.058  3840  5874 W WindowManager: Failed to take screenshot. No visible windows for Task{55eb80b #4763 type=standard A=10616:com.tfmonochrome.android}
03-18 00:19:07.067  3840  5874 D OplusStartingWindowManager: isLayerMatchToStartingWindow error, mStartingRecords empty or inValid layerName:Splash Screen com.tfmonochrome.android#68870
03-18 00:19:07.523  3840  4065 W ActivityTaskManager: Activity top resumed state loss timeout for ActivityRecord{46091247 u0 com.tfmonochrome.android/.ui.MainActivity t4763 f} isExiting}
03-18 00:19:07.523  3840  4065 I GameManagerServiceExt-GameManagerServiceExt: on FG change: com.tfmonochrome.android|com.android.launcher
03-18 00:19:07.523  3840  4120 D OplusAppSwitchListener: Detect com.tfmonochrome.android switch to background
03-18 00:19:07.523  3840  4120 D OplusFeatureReduceBrightness: onAppExit , info = com.tfmonochrome.android
03-18 00:19:07.523  3840  5624 D OplusEapManager: mTargetExitName :com.tfmonochrome.android
03-18 00:19:07.732  3840  5893 D VRR [OPlusRefreshRateService]:  HandleSetAppFrameRate [ 0 , com.tfmonochrome.android , false , version-1 ]
03-18 00:19:07.734  3840  5893 D Transition:    ChangeInfo{1c2294d container=ActivityRecord{46091247 u0 com.tfmonochrome.android/.ui.MainActivity t4763 f} isExiting} flags=0x0}
03-18 00:19:07.734  3840  5893 D Transition:    ChangeInfo{776144c container=Task{55eb80b #4763 type=standard A=10616:com.tfmonochrome.android} flags=0x10}
03-18 00:19:07.734  3840  5893 D Transition: finishTransition ar ActivityRecord{46091247 u0 com.tfmonochrome.android/.ui.MainActivity t4763 f} isExiting}, isVisibleRequested=false, state=DESTROYED, visibleAtTransitionEndTokens={ActivityRecord{26699759 u0 com.android.launcher/.Launcher t4308}}, this=TransitionRecord{44c6c77 id=5042 track=0 type=CLOSE flags=0x10 state=2 c=[
03-18 00:19:07.734  3840  5893 D Transition:    ChangeInfo{1c2294d container=ActivityRecord{46091247 u0 com.tfmonochrome.android/.ui.MainActivity t4763 f} isExiting} flags=0x0}
03-18 00:19:07.734  3840  5893 D Transition:    ChangeInfo{776144c container=Task{55eb80b #4763 type=standard A=10616:com.tfmonochrome.android} flags=0x10}
03-18 00:19:07.734  3840  5893 D ActivityTaskManager: commitVisibility: ActivityRecord{46091247 u0 com.tfmonochrome.android/.ui.MainActivity t4763 f} isExiting}: visible=false visibleRequested=false, isInTransition=false 
03-18 00:19:07.734  3840  5893 D WindowManager: NFW_setClientVisible:ActivityRecord{46091247 u0 com.tfmonochrome.android/.ui.MainActivity t4763 f} isExiting} clientVisible:false
03-18 00:19:07.735  3840  5893 D ActivityTaskManager: removeAppToken: ActivityRecord{46091247 u0 com.tfmonochrome.android/.ui.MainActivity t4763 f}} delayed=false parent=Task{55eb80b #4763 type=standard A=10616:com.tfmonochrome.android} animating=false Callers=com.android.server.wm.ActivityRecord.removeImmediately:5363 com.android.server.wm.WindowToken.removeIfPossible:267 com.android.server.wm.WindowToken.handleCompleteDeferredRemoval:273 com.android.server.wm.WindowContainer.handleCompleteDeferredRemoval:1646 
03-18 00:19:07.735  3840  5893 I OplusScreenSecurityMask: onStackRemoved task = Task{55eb80b #4763 type=standard A=10616:com.tfmonochrome.android} record = null displayId = 0
03-18 00:19:07.735  3840  5893 D OplusAlwaysAliveManager: removing: 4763, ComponentInfo{com.tfmonochrome.android/com.tfmonochrome.android.ui.MainActivity}
03-18 00:19:07.735  3840  5893 D OplusTransitionController:    ChangeInfo{1c2294d container=ActivityRecord{46091247 u0 com.tfmonochrome.android/.ui.MainActivity t-1 f}} flags=0x0}
03-18 00:19:07.735  3840  5893 D OplusTransitionController:    ChangeInfo{776144c container=Task{55eb80b #4763 type=standard A=10616:com.tfmonochrome.android} flags=0x10}
03-18 00:19:07.736  3840  5893 D FlexibleTaskTransitionController:    ChangeInfo{1c2294d container=ActivityRecord{46091247 u0 com.tfmonochrome.android/.ui.MainActivity t-1 f}} flags=0x0}
03-18 00:19:07.736  3840  5893 D FlexibleTaskTransitionController:    ChangeInfo{776144c container=Task{55eb80b #4763 type=standard A=10616:com.tfmonochrome.android} flags=0x10}
03-18 00:19:07.737  3840  4066 D OplusFlexibleWindowMinimizedManagerHelper: onTaskVanished taskInfo:4763 task:Task{55eb80b #4763 type=standard A=10616:com.tfmonochrome.android}
03-18 00:19:07.737  3840  4066 D FlexibleTaskController: no need releaseFlexibleCaptionView or destroyFlexibleDragLeash when non-caption-view-task vanished, task=Task{55eb80b #4763 type=standard A=10616:com.tfmonochrome.android}
03-18 00:19:07.737  3840  5078 D FlexibleTaskPerformanceManager: onTaskVanished:Task{55eb80b #4763 type=standard A=10616:com.tfmonochrome.android}
03-18 00:19:07.737  3840  4066 D OplusFlexibleWindowMinimizedManagerHelper: onTaskVanished taskInfo:4763 task:Task{55eb80b #4763 type=standard A=10616:com.tfmonochrome.android}
03-18 00:19:07.737  3840  4066 D FlexibleTaskController: no need releaseFlexibleCaptionView or destroyFlexibleDragLeash when non-caption-view-task vanished, task=Task{55eb80b #4763 type=standard A=10616:com.tfmonochrome.android}
03-18 00:19:07.737  3840  5078 D FlexibleTaskPerformanceManager: onTaskVanished:Task{55eb80b #4763 type=standard A=10616:com.tfmonochrome.android}
03-18 00:19:07.737  3840  5319 D ActivityTaskManager: after skip size:2,pre-Filtered:com.tfmonochrome.android # com.android.settings # 
03-18 00:19:08.478  3840  5893 I OplusPreStartController: preStartActivity Intent { act=android.intent.action.MAIN cat=[android.intent.category.LAUNCHER] flg=0x10200000 cmp=com.tfmonochrome.android/.ui.MainActivity bnds=[291,1625][531,1895] (has extras) }
03-18 00:19:08.478  3840  5893 I OplusPreStartController: isCapBitmapExists intent: Intent { act=android.intent.action.MAIN cat=[android.intent.category.LAUNCHER] flg=0x10200000 cmp=com.tfmonochrome.android/.ui.MainActivity bnds=[291,1625][531,1895] (has extras) }, requestRotation: SCREEN_ORIENTATION_UNSPECIFIED, surfaceRotation: ROTATION_0, targetRotation: ROTATION_0, uiMode: 33, found captures: true
03-18 00:19:08.479  5600  6901 I iopgp   : Iopgp: TRANSACTION_IOPGP_PRELOAD Sequence_id = 138 pkg_name = com.tfmonochrome.android uid = 10616 size = 1 isProfile = 1
03-18 00:19:12.802 27289 27289 I AppLocaleUtil: Can display preference - [com.tfmonochrome.android] : isDisallowedPackage : false / isSignedWithPlatformKey : false / hasLauncherEntry : true / canDisplay : false / 1.1
03-18 00:19:12.802 27289 27289 I AppLocaleUtil: Can display preference - [com.tfmonochrome.android] : isDisallowedPackage : false / isSignedWithPlatformKey : false / hasLauncherEntry : true / canDisplay : false / 1.1
03-18 00:19:12.807  3840  5319 W PackageConfigPersister: App-specific configuration not found for packageName: com.tfmonochrome.android and userId: 0
03-18 00:19:12.815 27289 27289 I AppLocaleUtil: Can display preference - [com.tfmonochrome.android] : isDisallowedPackage : false / isSignedWithPlatformKey : false / hasLauncherEntry : true / canDisplay : false / 1.1
03-18 00:19:12.817  3840  5319 W PackageConfigPersister: App-specific configuration not found for packageName: com.tfmonochrome.android and userId: 0
03-18 00:19:12.858  3840  5918 D ActivityTaskManager: after skip size:2,pre-Filtered:com.android.settings # com.tfmonochrome.android # 
03-18 00:19:14.355 27289 27289 D AppButtonsPrefCtl: Stopping package com.tfmonochrome.android
03-18 00:19:14.358  3840  5912 I ActivityManager: Force stopping com.tfmonochrome.android appid=10616 user=0: from pid 27289 (com.android.settings)
03-18 00:19:14.367  3840  5912 I AppsFilter: interaction: PackageSetting{4a101ed com.android.microdroid.empty_payload/10331} -> PackageSetting{2eb99f5 com.tfmonochrome.android/10616} BLOCKED
03-18 00:19:14.367  3840  5912 I AppsFilter: interaction: PackageSetting{70872b3 com.oplus.dm/10120} -> PackageSetting{2eb99f5 com.tfmonochrome.android/10616} BLOCKED
03-18 00:19:14.367  3840  5912 I AppsFilter: interaction: PackageSetting{698cfe9 com.oplus.locationproxy/10227} -> PackageSetting{2eb99f5 com.tfmonochrome.android/10616} BLOCKED
03-18 00:19:14.367  3840  5912 I AppsFilter: interaction: PackageSetting{59fb46e com.android.certinstaller/10273} -> PackageSetting{2eb99f5 com.tfmonochrome.android/10616} BLOCKED
03-18 00:19:14.367  3840  5912 I AppsFilter: interaction: PackageSetting{90d870f com.unofficial.balatro/10489} -> PackageSetting{2eb99f5 com.tfmonochrome.android/10616} BLOCKED
03-18 00:19:14.367  3840  5912 I AppsFilter: interaction: PackageSetting{e83439c com.oplus.imsserviceentitlement/10121} -> PackageSetting{2eb99f5 com.tfmonochrome.android/10616} BLOCKED
03-18 00:19:14.367  3840  5912 I AppsFilter: interaction: PackageSetting{32581a5 com.oplus.location/10294} -> PackageSetting{2eb99f5 com.tfmonochrome.android/10616} BLOCKED
03-18 00:19:14.368  3840  5893 D ActivityTaskManager: after skip size:2,pre-Filtered:com.android.settings # com.tfmonochrome.android # 
03-18 00:19:14.369  3840  5893 I FlexibleTaskController: destroyFlexibleTaskSurface() called with: transaction = [Task{55eb80b #4763 type=standard A=10616:com.tfmonochrome.android}], reason = [RemoveTask]
03-18 00:19:14.369  3840  5893 D ActivityTaskManager: notifyTaskRemoved, task: Task{55eb80b #4763 type=standard A=10616:com.tfmonochrome.android} trace:com.android.server.wm.RecentTasks.notifyTaskRemoved:566 com.android.server.wm.RecentTasks.remove:1512 com.android.server.wm.ActivityTaskSupervisor.cleanUpRemovedTask:2162 com.android.server.wm.ActivityTaskSupervisor.removeTask:2126 com.android.server.wm.ActivityTaskSupervisor.removeTask:2041 
03-18 00:19:14.371 27289 27289 D AppButtonsPrefCtl: Sending broadcast to query restart status for com.tfmonochrome.android
03-18 00:19:14.374  5526  5526 D CarrierSvcBindHelper: onHandleForceStop: [com.tfmonochrome.android]
03-18 00:19:14.375  3840  4062 D LocationManagerService: package com.tfmonochrome.android reset
03-18 00:19:14.375  3840  4062 W GnssListenerMultiplexer: onPackageReset com.tfmonochrome.android
03-18 00:19:14.375  3840  4062 W GnssListenerMultiplexer: onPackageReset com.tfmonochrome.android
03-18 00:19:14.376  3840  5893 W PackageConfigPersister: App-specific configuration not found for packageName: com.tfmonochrome.android and userId: 0
03-18 00:19:14.380 27289 27289 D AppButtonsPrefCtl: Sending broadcast to query restart status for com.tfmonochrome.android
03-18 00:19:14.384 27289 27289 V OplusUXIconLoader: loadUxIcon drawable null, packageName = com.tfmonochrome.android,activityName =:null
03-18 00:19:14.392 27289 27289 D AppButtonsPrefCtl: Sending broadcast to query restart status for com.tfmonochrome.android
03-18 00:19:14.395 27289 27289 D AppButtonsPrefCtl: Got broadcast response: Restart status for com.tfmonochrome.android false
03-18 00:19:14.400 27289 27289 D AppButtonsPrefCtl: Got broadcast response: Restart status for com.tfmonochrome.android false
03-18 00:19:14.409 27289 27289 D AppButtonsPrefCtl: Got broadcast response: Restart status for com.tfmonochrome.android false
03-18 00:19:14.424  3840  5912 W PackageConfigPersister: App-specific configuration not found for packageName: com.tfmonochrome.android and userId: 0
03-18 00:19:15.509  5600  6901 I iopgp   : Iopgp: TRANSACTION_IOPGP_PRELOAD Sequence_id = 139 pkg_name = com.tfmonochrome.android uid = 10616 size = 1 isProfile = 1
03-18 00:19:15.582  3840  5319 E OplusAppQuickStart_AppQuickStartController: notifyStartActivity intent:Intent { act=android.intent.action.MAIN cat=[android.intent.category.LAUNCHER] flg=0x10200000 xflg=0x4 cmp=com.tfmonochrome.android/.ui.MainActivity bnds=[282,1615][522,1885] (has extras) }
03-18 00:19:15.582  5600  6901 I iopgp   : Iopgp: TRANSACTION_IOPGP_ON_INTENT_STARTED sequence_id = 139 pkg_name = com.tfmonochrome.android class_name = com.tfmonochrome.android.ui.MainActivity isCanTrace = 1
03-18 00:19:15.583  3840  5319 D WindowManager: NFW_setClientVisible:ActivityRecord{144000330 u0 com.tfmonochrome.android/.ui.MainActivity clientVisible:true
03-18 00:19:15.584  3840  5319 D FlexibleTaskController: isSupportFlexibleWindow target = com.tfmonochrome.android/.ui.MainActivity callPkg = FlexibleTaskController support = true ,caller = 3840
03-18 00:19:15.585  3840  5319 D FlexibleTaskController: isSupportFlexibleWindow target = com.tfmonochrome.android/.ui.MainActivity callPkg = FlexibleTaskController support = true ,caller = 3840
03-18 00:19:15.585  3840  5319 D FlexibleWindowManagerService: no reused task found for ActivityRecord{144000330 u0 com.tfmonochrome.android/.ui.MainActivity t-1}
03-18 00:19:15.588  3840  5319 D ActivityTaskManager: validateStartingWindowTheme:  Pkg=com.tfmonochrome.android, Translucent=false, Floating=false, ShowWallpaper=false, Disable=false, LaunchSource=2, Prev=null, LaunchedFromPackage=com.android.launcher
03-18 00:19:15.588  3840  5319 D ActivityTaskManager: addStartingWindow for ActivityRecord{144000330 u0 com.tfmonochrome.android/.ui.MainActivity t4764}, mainWin=null, state=INITIALIZING, isKeyguardLocked=false, isKeyguardGoingAway=false
03-18 00:19:15.589  3840  5319 D ActivityTaskManager: setAppVisibility(Token{642e997 ActivityRecord{144000330 u0 com.tfmonochrome.android/.ui.MainActivity t4764}}, visible=true):  visible=false mVisibleRequested=false
03-18 00:19:15.589  3840  5319 D ActivityTaskManager: setVisibility(Token{642e997 ActivityRecord{144000330 u0 com.tfmonochrome.android/.ui.MainActivity t4764}}, visible=true) defer commitVisibility for transition collecting
03-18 00:19:15.591  3840  5319 D TaskOrganizerController: TaskOrganizerController.addStartingWindow: call wmshell to addStartingWindow:ActivityRecord{144000330 u0 com.tfmonochrome.android/.ui.MainActivity t4764}
03-18 00:19:15.594  3840  5319 I AppsFilter: interaction: PackageSetting{4a101ed com.android.microdroid.empty_payload/10331} -> PackageSetting{21930aa com.tfmonochrome.android/10616} BLOCKED
03-18 00:19:15.594  3840  5319 I AppsFilter: interaction: PackageSetting{70872b3 com.oplus.dm/10120} -> PackageSetting{21930aa com.tfmonochrome.android/10616} BLOCKED
03-18 00:19:15.594  3840  5319 I AppsFilter: interaction: PackageSetting{698cfe9 com.oplus.locationproxy/10227} -> PackageSetting{21930aa com.tfmonochrome.android/10616} BLOCKED
03-18 00:19:15.594  3840  5319 I AppsFilter: interaction: PackageSetting{59fb46e com.android.certinstaller/10273} -> PackageSetting{21930aa com.tfmonochrome.android/10616} BLOCKED
03-18 00:19:15.594  3840  5319 I AppsFilter: interaction: PackageSetting{90d870f com.unofficial.balatro/10489} -> PackageSetting{21930aa com.tfmonochrome.android/10616} BLOCKED
03-18 00:19:15.594  3840  5319 I AppsFilter: interaction: PackageSetting{e83439c com.oplus.imsserviceentitlement/10121} -> PackageSetting{21930aa com.tfmonochrome.android/10616} BLOCKED
03-18 00:19:15.594  3840  5319 I AppsFilter: interaction: PackageSetting{32581a5 com.oplus.location/10294} -> PackageSetting{21930aa com.tfmonochrome.android/10616} BLOCKED
03-18 00:19:15.594  3840  4961 I [UAH_CLIENT]: UahEventAcquire, cmdid:1, pkg:com.tfmonochrome.android, identity:com.android.server.wm
03-18 00:19:15.594 18336 18391 D WindowManager: Add to mViews: android.widget.FrameLayout{dece281 V.E...... ......I. 0,0-0,0 alpha=1.0 viewInfo = },pkg= com.tfmonochrome.android
03-18 00:19:15.595  3840  5319 D ActivityTaskManager: notifyTaskAdded, task: Task{16a6c16 #4764 type=standard A=10616:com.tfmonochrome.android} trace:com.android.server.wm.RecentTasks.add:1392 com.android.server.wm.ActivityStarter.startActivityInner:3011 com.android.server.wm.ActivityStarter.startActivityUnchecked:2156 com.android.server.wm.ActivityStarter.executeRequest:1906 com.android.server.wm.ActivityStarter.execute:1004 
03-18 00:19:15.596  3840  5378 I Osense-BaseDecisionMaker: notifySceneToAthenaPolicy: SCENE_APP_SWITCH, bundle: Bundle[{prevPkgName=com.android.launcher, curUid=10616, isGame=false, curPkgName=com.tfmonochrome.android, prevUid=10259}]
03-18 00:19:15.596 18336 18392 V OplusUXIconLoader: loadUxIcon drawable null, packageName = com.tfmonochrome.android,activityName =:com.tfmonochrome.android.ui.MainActivity
03-18 00:19:15.596  3840  5566 I OPM-Process: resume pkg: com.tfmonochrome.android, uid:10616, prev pkg: com.android.launcher, prev uid: 10259
03-18 00:19:15.596 18336 18392 V OplusUXIconLoader: loadUxIcon drawable null, packageName = com.tfmonochrome.android,activityName =:null
03-18 00:19:15.597 18336 18358 V WindowManagerShell: Transition requested (#5045): android.os.BinderProxy@172a280 TransitionRequestInfo { type = OPEN, triggerTask = TaskInfo{userId=0 taskId=4764 effectiveUid=10616 displayId=0 isRunning=true baseIntent=Intent { act=android.intent.action.MAIN cat=[android.intent.category.LAUNCHER] flg=0x10200000 cmp=com.tfmonochrome.android/.ui.MainActivity mCallingUid=10259 } baseActivity=ComponentInfo{com.tfmonochrome.android/com.tfmonochrome.android.ui.MainActivity} topActivity=ComponentInfo{com.tfmonochrome.android/com.tfmonochrome.android.ui.MainActivity} origActivity=null realActivity=ComponentInfo{com.tfmonochrome.android/com.tfmonochrome.android.ui.MainActivity}
03-18 00:19:15.597 18336 18358 V WindowManagerShell:  topActivityInfo=ActivityInfo{6a1bcfe com.tfmonochrome.android.ui.MainActivity} launchCookies=[android.os.BinderProxy@4e70c5f] positionInParent=Point(0, 0) parentTaskId=-1 isFocused=false isVisible=false isVisibleRequested=true isTopActivityNoDisplay=false isSleeping=false locusId=null displayAreaFeatureId=1 isTopActivityTransparent=false isActivityStackTransparent=false lastNonFullscreenBounds=Rect(323, 796 - 949, 2068) capturedLink=null capturedLinkTimestamp=0 requestedVisibleTypes=-9 topActivityRequestOpenInBrowserEducationTimestamp=0
03-18 00:19:15.598  3840  5319 D FlexibleWindowManagerService: should not dispatch appeared task Task{16a6c16 #4764 type=standard A=10616:com.tfmonochrome.android}
03-18 00:19:15.598  3840  5319 D ActivityTaskManager: commitVisibility: ActivityRecord{144000330 u0 com.tfmonochrome.android/.ui.MainActivity t4764}: visible=true visibleRequested=true, isInTransition=true 
03-18 00:19:15.598  3840  5319 D Transition: collectOrderChanges onTopTasksEnd: [Task{16a6c16 #4764 type=standard A=10616:com.tfmonochrome.android}], reportedOnTop:null, mOnTopTasksStart: [Task{16a6c16 #4764 type=standard A=10616:com.tfmonochrome.android}], TDA child: [Task{59608d5 #4419 type=undefined}, Task{632d96f #4748 type=standard A=1000:.applications.InstalledAppDetailsTop}, Task{e154f06 #1 type=home}, Task{16a6c16 #4764 type=standard A=10616:com.tfmonochrome.android}]
03-18 00:19:15.598  3840  5319 D OplusFlexibleActivityTransitionManager: fixTransitType type result:1, targets: [ChangeInfo{d849508 container=Task{16a6c16 #4764 type=standard A=10616:com.tfmonochrome.android} flags=0x10}, ChangeInfo{198e005 container=Task{e154f06 #1 type=home} flags=0x10}]
03-18 00:19:15.599  3840  5319 D OplusTransitionController: onTransactionReady, transition: 5045, info: {id=5045 t=OPEN f=0x0 trk=0 r=[0@Point(0, 0)] c=[{WCT{RemoteToken{23459dd Task{16a6c16 #4764 type=standard A=10616:com.tfmonochrome.android}}} m=OPEN f=NONE leash=Surface(name=Task=4764)/@0x1f2eb25 sb=Rect(0, 0 - 1272, 2772) eb=Rect(0, 0 - 1272, 2772) epz=Point(1272, 2772) d=0 taskParent=-1},{WCT{RemoteToken{fe7353 Task{e154f06 #1 type=home}}} m=TO_BACK f=SHOW_WALLPAPER leash=Surface(name=Task=1)/@0xfe2690e sb=Rect(0, 0 - 1272, 2772) eb=Rect(0, 0 - 1272, 2772) epz=Point(1272, 2772) d=0 taskParent=-1}] 
03-18 00:19:15.599  3840  5319 D OplusTransitionController:    ChangeInfo{d849508 container=Task{16a6c16 #4764 type=standard A=10616:com.tfmonochrome.android} flags=0x10}
03-18 00:19:15.599  3840  5319 D OplusTransitionController:    ChangeInfo{ff406c6 container=ActivityRecord{144000330 u0 com.tfmonochrome.android/.ui.MainActivity t4764} flags=0x0}
03-18 00:19:15.599  3840  5319 D OplusTransitionController: , mNeedCanvasExitAnim=false, mMergeSecondTaskAnimation=false, mIsLaunchUnityStart=false, mIsLaunchFromAssistantByDefault=false, mSkipRemoteTransitionfalse, mIsStartFromKeyguard=false flags=0x0, mWCT=null, mIsOpenMergeToInValidPredictive=false}]}, targets : [ChangeInfo{d849508 container=Task{16a6c16 #4764 type=standard A=10616:com.tfmonochrome.android} flags=0x10}, ChangeInfo{198e005 container=Task{e154f06 #1 type=home} flags=0x10}], participants: {Task{16a6c16 #4764 type=standard A=10616:com.tfmonochrome.android}, ActivityRecord{26699759 u0 com.android.launcher/.Launcher t4308}, ActivityRecord{144000330 u0 com.tfmonochrome.android/.ui.MainActivity t4764}, WallpaperWindowToken{a0ad1ea showWhenLocked=true}, WallpaperWindowToken{cad1aaf showWhenLocked=false}}
03-18 00:19:15.600  3840  5319 D osense.compress: notifyActivityLaunched pkgName = com.tfmonochrome.android, userId = 0
03-18 00:19:15.600  3840  5319 I ActivityTaskManager: START u0 {act=android.intent.action.MAIN cat=[android.intent.category.LAUNCHER] flg=0x10200000 xflg=0x4 cmp=com.tfmonochrome.android/.ui.MainActivity bnds=[282,1615][522,1885] (has extras) mCallingUid=10259} with LAUNCH_MULTIPLE from uid 10259 (sr=26699759) (BAL_ALLOW_VISIBLE_WINDOW (callingUid has visible window)) result code=0
03-18 00:19:15.600  5763  5763 I [UAH_CLIENT]: UahEventAcquire, cmdid:85, pkg:com.tfmonochrome.android, identity:GpuBoost
03-18 00:19:15.602  3840  5893 D VRR [OPlusRefreshRateService]:  HandleSetAppFrameRate [ 0 , com.tfmonochrome.android , false , version-1 ]
03-18 00:19:15.602  3840  4062 V WindowManager: Sent Transition (#5045) createdAt=03-18 00:19:15.584 via request=TransitionRequestInfo { type = OPEN, triggerTask = TaskInfo{userId=0 taskId=4764 effectiveUid=10616 displayId=0 isRunning=true baseIntent=Intent { act=android.intent.action.MAIN cat=[android.intent.category.LAUNCHER] flg=0x10200000 cmp=com.tfmonochrome.android/.ui.MainActivity mCallingUid=10259 } baseActivity=ComponentInfo{com.tfmonochrome.android/com.tfmonochrome.android.ui.MainActivity} topActivity=ComponentInfo{com.tfmonochrome.android/com.tfmonochrome.android.ui.MainActivity} origActivity=null realActivity=ComponentInfo{com.tfmonochrome.android/com.tfmonochrome.android.ui.MainActivity}
03-18 00:19:15.602  3840  4062 V WindowManager:  numActivities=1 lastActiveTime=366296337 supportsSplitScreenMultiWindow=true supportsMultiWindow=true supportsPocketStudioMultiWindow=true isInFlexibleEmbedded = false uid = 10616 pid = 0 resizeMode=1 isResizeable=true minWidth=-1 minHeight=-1 defaultMinSize=220 token=WCT{RemoteToken{23459dd Task{16a6c16 #4764 type=standard A=10616:com.tfmonochrome.android}}} topActivityType=1 pictureInPictureParams=null shouldDockBigOverlays=false launchIntoPipHostTaskId=-1 lastParentTaskIdBeforePip=-1 displayCutoutSafeInsets=Rect(0, 141 - 0, 0)
03-18 00:19:15.602  3840  4062 V WindowManager:  topActivityInfo=ActivityInfo{4f51ed6 com.tfmonochrome.android.ui.MainActivity} launchCookies=[android.os.BinderProxy@b478557] positionInParent=Point(0, 0) parentTaskId=-1 isFocused=false isVisible=false isVisibleRequested=true isTopActivityNoDisplay=false isSleeping=false locusId=null displayAreaFeatureId=1 isTopActivityTransparent=false isActivityStackTransparent=false lastNonFullscreenBounds=Rect(323, 796 - 949, 2068) capturedLink=null capturedLinkTimestamp=0 requestedVisibleTypes=-9 topActivityRequestOpenInBrowserEducationTimestamp=0
03-18 00:19:15.602  3840  4062 V WindowManager:  mOplusExtraBundle = Bundle[{androidx.flexible.taskFrame=Rect(0, 0 - 0, 0), androidx.flexible.Alpha=1.0, androidx.activity.task.attach.blur=0, androidx.activity.LaunchInsensible=0, androidx.activity.LaunchCornerRadius=0, key_flexible_task_state=0, topActivitySupportAppInnerSplit=false, key_flexible_task_animating_type=-1, key_flexible_task_root_activity_processname=com.tfmonochrome.android, androidx.activity.LaunchScenario=0, is_oplus_clone_task=false, flexible_super_mini_state=false, topRunningActivityHash=144000330, androidx.activity.LaunchScale=1.0, androidx.activity.LaunchShadowRadius=0, is_transient_hide_for_task_info=false, key_flexible_task_root_activity_pid=0, key_flexible_task_root_activity_uid=10616}]}, pipChange = null, remoteTransition = RemoteTransition { remoteTransition = android.window.IRemoteTransition$Stub$Proxy@5e7844, appThread = android.app.IApplicationThread$Stub$Proxy@9761d2d, debugName = QuickstepLaunch }, displayChange = null, flags = 0, debugId = 5045 }
03-18 00:19:15.602  3840  5724 I AppSnapshotController: attachStartingWindow, win = Window{5334a98 u0 Splash Screen com.tfmonochrome.android}, shouldAppSnapshot = false
03-18 00:19:15.602  3840  5724 D ActivityTaskManager: attachStartingWindow: mStartingData=SplashScreenStartingData{1fc5262 removeAfterTransaction= 0}, mAssociatedTask=null, mStartingWindow=Window{5334a98 u0 Splash Screen com.tfmonochrome.android}
03-18 00:19:15.603  3840  5724 I WindowManager: addWindow: New client android.os.BinderProxy@7059c7b : window=Window{5334a98 u0 Splash Screen com.tfmonochrome.android}
03-18 00:19:15.603  3840  5893 D AppQuickStartController:    ChangeInfo{d849508 container=Task{16a6c16 #4764 type=standard A=10616:com.tfmonochrome.android} flags=0x10}
03-18 00:19:15.603  3840  5893 D AppQuickStartController:    ChangeInfo{ff406c6 container=ActivityRecord{144000330 u0 com.tfmonochrome.android/.ui.MainActivity t4764} flags=0x0}
03-18 00:19:15.603  3840  4062 V WindowManager:         {WCT{RemoteToken{23459dd Task{16a6c16 #4764 type=standard A=10616:com.tfmonochrome.android}}} m=OPEN f=NONE leash=Surface(name=Task=4764)/@0x1f2eb25 sb=Rect(0, 0 - 1272, 2772) eb=Rect(0, 0 - 1272, 2772) epz=Point(1272, 2772) d=0 taskParent=-1},
03-18 00:19:15.603  3840  4062 V WindowManager:    ChangeInfo{d849508 container=Task{16a6c16 #4764 type=standard A=10616:com.tfmonochrome.android} flags=0x10}
03-18 00:19:15.603  3840  4062 V WindowManager:    ChangeInfo{ff406c6 container=ActivityRecord{144000330 u0 com.tfmonochrome.android/.ui.MainActivity t4764} flags=0x0}
03-18 00:19:15.603  3840  5319 D ContinuousTransitionController:    ChangeInfo{d849508 container=Task{16a6c16 #4764 type=standard A=10616:com.tfmonochrome.android} flags=0x10}
03-18 00:19:15.603  3840  5319 D ContinuousTransitionController:    ChangeInfo{ff406c6 container=ActivityRecord{144000330 u0 com.tfmonochrome.android/.ui.MainActivity t4764} flags=0x0}
03-18 00:19:15.603  3840  5319 D ContinuousTransitionController:    ChangeInfo{d849508 container=Task{16a6c16 #4764 type=standard A=10616:com.tfmonochrome.android} flags=0x10}
03-18 00:19:15.603  3840  5319 D ContinuousTransitionController:    ChangeInfo{ff406c6 container=ActivityRecord{144000330 u0 com.tfmonochrome.android/.ui.MainActivity t4764} flags=0x0}
03-18 00:19:15.603 18336 18391 D ViewRootImplExtImpl: wrapConfigInfoIntoFlags rotation=0, smallestScreenWidthDp=0, residentWS=false, scenario=0, bounds=Rect(0, 0 - 1272, 2772), relayoutAsync=false, flags=0, newFlags=1453326336, title=Splash Screen com.tfmonochrome.android
03-18 00:19:15.607  3840  4087 I ActivityManager: Start proc 31349:com.tfmonochrome.android/u0a616 for top-activity {com.tfmonochrome.android/com.tfmonochrome.android.ui.MainActivity}
03-18 00:19:15.607  3840  6861 I OStatsManager_OplusBatteryStatsManager: updateStateTime: PkgName = com.tfmonochrome.android, uid = 10616, state to bg, mForegroundCnt = 0, isFg = false
03-18 00:19:15.608  3840  4575 I MemoryOperationUtils: add 31349 to com.tfmonochrome.android
03-18 00:19:15.611  3840  5319 D TaskFragmentExtImpl: shouldSetReadyFalse and resumedActivity: ActivityRecord{144000330 u0 com.tfmonochrome.android/.ui.MainActivity t4764} prev: ActivityRecord{225060489 u0 com.android.settings/.applications.InstalledAppDetails t4748} resumedLaunchFromLauncher: true prevLaunchFromApp: false transitionType: 0
03-18 00:19:15.611  3840  5893 V WindowManager: Relayout Window{5334a98 u0 Splash Screen com.tfmonochrome.android}: viewVisibility=0, oldvis=0, req=1272x2772 , apr = 0, vsysui=, x=0, y=0
03-18 00:19:15.611  3840  5893 I WindowManager: Window{5334a98 u0 Splash Screen com.tfmonochrome.android} state from NO_SURFACE to DRAW_PENDING; reason: resetDrawState
03-18 00:19:15.614  3840  5796 D CoreBackPreview: Window{5334a98 u0 Splash Screen com.tfmonochrome.android}: Setting back callback OnBackInvokedCallbackInfo{mCallback=android.window.IOnBackInvokedCallback$Stub$Proxy@d45a35e, mPriority=0, mIsAnimationCallback=false, mOverrideBehavior=0}
03-18 00:19:15.615 18336 18391 I SurfaceControl:  setExtendedRangeBrightness sc=Surface(name=Splash Screen com.tfmonochrome.android)/@0x6df1712,currentBufferRatio=1.0,desiredRatio=1.0
03-18 00:19:15.616  3840  4761 D ActivityTaskManager: validateStartingWindowTheme:  Pkg=com.tfmonochrome.android, Translucent=false, Floating=false, ShowWallpaper=false, Disable=false, LaunchSource=2, Prev=null, LaunchedFromPackage=com.android.launcher
03-18 00:19:15.616  3840  4961 I [UAH_CLIENT]: UahEventAcquire, cmdid:1, pkg:com.tfmonochrome.android, identity:com.android.server.wm
03-18 00:19:15.618  3840  4961 I [UAH_CLIENT]: UahEventAcquire, cmdid:1, pkg:com.tfmonochrome.android, identity:com.android.server.wm
03-18 00:19:15.621  3840  5724 I WindowManager: Window{5334a98 u0 Splash Screen com.tfmonochrome.android} state from DRAW_PENDING to COMMIT_DRAW_PENDING; reason: finishDrawingLocked
03-18 00:19:15.622  3840  5805 D ActivityTaskManager: after skip size:2,pre-Filtered:com.tfmonochrome.android # com.android.settings # 
03-18 00:19:15.622  3840  5796 D SplitScreenAppReader: SPLIT_TOUCH support check:com.tfmonochrome.android = false
03-18 00:19:15.623  3840  4066 I WindowManager: Window{5334a98 u0 Splash Screen com.tfmonochrome.android} state from COMMIT_DRAW_PENDING to READY_TO_SHOW; reason: commitFinishDrawingLocked
03-18 00:19:15.623  3840  4066 I WindowManager: Window{5334a98 u0 Splash Screen com.tfmonochrome.android} state from READY_TO_SHOW to HAS_DRAWN; reason: performShowLocked
03-18 00:19:15.624  3840  5796 D ResourcesManagerCache: For package com.tfmonochrome.android we got cacheList [null] appInfoExt is null ? false hasFeature ? false
03-18 00:19:15.625  3840  5796 E OplusDexOptimizeManager: pkgSetting or primaryCpuAbi is null for package: com.tfmonochrome.android
03-18 00:19:15.626  3840  4075 I UserAwareMgr: handleTopAppChanged: com.tfmonochrome.android, pid: 31349, uid: 10616
03-18 00:19:15.626  3840  5796 D ActivityTaskManager: onWindowFocusChanged Task{16a6c16 #4764 type=standard A=10616:com.tfmonochrome.android} would transfer to compact
03-18 00:19:15.626  3840  6861 I OStatsManager_Calc: noteBeforePkgSwitch change = false, curTime = 366296368, com.tfmonochrome.android, fg = false
03-18 00:19:15.626  3840  5796 D ActivityTaskManager: NFW_setLastResumedActivityUncheckLocked:true r:ActivityRecord{144000330 u0 com.tfmonochrome.android/.ui.MainActivity t4764} currentFocus:null
03-18 00:19:15.626  3840  6861 I OStatsManager_OplusBatteryStatsManager: updateStateTime: PkgName = com.tfmonochrome.android, uid = 10616, state to fg, mForegroundCnt = 1, isFg = true
03-18 00:19:15.626  3840  5796 D FlexibleTaskController: onTaskFocusChanged prevTask:Task{f9c940b #4308 type=home I=com.android.launcher/.Launcher} ,currentTask:Task{16a6c16 #4764 type=standard A=10616:com.tfmonochrome.android}, reason: realStartActivityLocked - onActivityStateChanged
03-18 00:19:15.626  3840  6861 I OStatsManager_OplusBatteryStatsManager: notePkgForeground [com.tfmonochrome.android10616, com.android.settings1000, com.android.launcher10259], uid = 10616, pid = 31349, pkgName = com.tfmonochrome.android
03-18 00:19:15.626  3840  5796 D OplusFlexibleDCSManager: onNextPkgChanged pkg = com.tfmonochrome.android
03-18 00:19:15.626  3840  5796 I OplusAppSwitchManagerService: appswitch hasProcess ActivityRecord{144000330 u0 com.tfmonochrome.android/.ui.MainActivity t4764}
03-18 00:19:15.626  3840  4961 I [UAH_CLIENT]: UahEventAcquire, cmdid:0, pkg:com.tfmonochrome.android, identity:com.android.server.wm
03-18 00:19:15.626  3840  5796 I GameManagerServiceExt-GameManagerServiceExt: on FG change: com.android.launcher|com.tfmonochrome.android
03-18 00:19:15.626  3840  5796 I OplusAppSwitchManagerService: appswitch hasProcess ActivityRecord{144000330 u0 com.tfmonochrome.android/.ui.MainActivity t4764}
03-18 00:19:15.627  2282  5201 D AudioFlingerExtImpl: AudioFlingerExtImpl oplusSetParameters: keyvalue onForegroundActivitiesChanged=com.tfmonochrome.android:foreground:1|10616:31349
03-18 00:19:15.627  2282  5201 D AudioFlingerExtImpl: updateForegroundInfo, mapInf mForegroundMap(1)|[com.tfmonochrome.android]=1, uidPidMapInf mForegroundUidPidMap(1)|[10616]=31349
03-18 00:19:15.628  3840  4066 I WindowStateExtImpl: onSurfaceShowChange show = true mPackageName = com.tfmonochrome.android parentPkgName = com.tfmonochrome.android
03-18 00:19:15.628  3840  4099 E OplusThermalStats: Error getting package info: com.tfmonochrome.android
03-18 00:19:15.629  3840  4120 D OplusAppSwitchListener: Detect com.tfmonochrome.android switch to foreground
03-18 00:19:15.630  3840  5624 D OplusLatencyOptimizerManager: enter pkg: com.tfmonochrome.android isPrevBlackAppTop: false mIsBlackAppTop: false
03-18 00:19:15.630  3840  4122 D VRR [OPlusRefreshRateService]: handleFrontAppChange pkgName: com.tfmonochrome.android
03-18 00:19:15.630  3840  5624 D OplusEapManager: mTargetEnterName :com.tfmonochrome.android
03-18 00:19:15.630  3840  5624 I OplusHansManager : appSwitch from com.android.launcher to com.tfmonochrome.android, pre resume pkg:null
03-18 00:19:15.630  5043  8494 V DCSEX-AppSwitchManager: OnAppSwitchObserver: onAppExit, resuming = com.tfmonochrome.android, target = com.android.launcher, is ResumingFirstStart =  true, is ResumingMultiApp =  false, extensionInfo =  Bundle[mParcelledData.dataSize=596]
03-18 00:19:15.630  5043  8494 V DCSEX-AppSwitchManager: OnAppSwitchObserver: onAppEnter, launchedFrom =  com.android.launcher, target =  com.tfmonochrome.android, is firstStart =  true, is multiApp =  false, extensionInfo =  Bundle[mParcelledData.dataSize=1020], launch_source_type =  launcherWorkspace, launch_source_traceid =  
03-18 00:19:15.630  5220 16654 I Athena  : AthenaDynamicReceiver: pre_app:com.android.launcher, next_app:com.tfmonochrome.android(10616|31349)
03-18 00:19:15.630  5043  8214 D DCSEX-AppLaunchEventRecorder: onAppSwitch from = com.android.launcher to = com.tfmonochrome.android
03-18 00:19:15.631 16849 16859 W Battery : AppSwitchDetectorV2: OnAppSwitchObserver: onAppExit , info = OplusAppExitInfo = {  targetName = com.android.launcher hasResumingActivity = true resumingPackageName = com.tfmonochrome.android resumingActivityName = com.tfmonochrome.android.ui.MainActivity resumingWindowMode = 1 isResumingMultiApp = false isResumingFirstStart = true extension = Bundle[mParcelledData.dataSize=596]} lastReg=1773799375050
03-18 00:19:15.631 16849 16859 W Battery : ThermalControlUtils: mForegroundPkg=com.tfmonochrome.android mLastWindowMode=1
03-18 00:19:15.631 16849 16859 W Battery : StateManager: getAppType com.tfmonochrome.android, last=1773807374595
03-18 00:19:15.631 16849 16859 W Battery : ThermalControllHandler: tempLevel=[2],userMode=2,gameUserMode=7,appType=-1,envTempType=0,appStates=[],appSwitchSafetyMode=true,split=[],float=[],full=[com.tfmonochrome.android], tempGear=[2],configItemName=common_config
03-18 00:19:15.632  1893  1926 I statsd  : An anomaly (119840000001) (100198)0x10000->com.tfmonochrome.android[S] (100198)0x20000->10616[I]  has occurred! Informing subscribers.
03-18 00:19:15.631 10679 10703 D SceneSDK.1.0.4-SNAPSHOT.10679.DeepThinkerAppSwitchAbility: onAppSwitchEvent: AppSwitchEvent(timeStamp=1773807555630, eventType=2, targetName=com.android.launcher, firstStart=false, multiApp=false, windowMode=0, resumingPackageName=com.tfmonochrome.android, resumingActivityName=com.tfmonochrome.android.ui.MainActivity, isResumingMultiApp=false, isResumingFirstStart=true)
03-18 00:19:15.633 10679 10703 I metis_v2_AppSwitchDataCollector: AppExitEvent =  com.android.launcher, NextAppName = com.tfmonochrome.android [Metis|com.oplus.metis|2.0.20-aa39d14]
03-18 00:19:15.633  6967 17373 I midasd  : app forground called:com.tfmonochrome.android
03-18 00:19:15.634  1893  1926 I statsd  : An anomaly (104240000001) (42)0x10000->10616[I] (42)0x20000->com.tfmonochrome.android[S] (42)0x30000->.ui.MainActivity[S]  has occurred! Informing subscribers.
03-18 00:19:15.637 10679 10703 D SceneSDK.1.0.4-SNAPSHOT.10679.DeepThinkerAppSwitchAbility: onAppSwitchEvent: AppSwitchEvent(timeStamp=1773807555630, eventType=1, targetName=com.tfmonochrome.android, firstStart=true, multiApp=false, windowMode=1, resumingPackageName=, resumingActivityName=, isResumingMultiApp=false, isResumingFirstStart=false)
03-18 00:19:15.637 10679 10703 I metis_v2_AppSwitchDataCollector: AppEnterEvent =  com.tfmonochrome.android, windowMode = 1,firstStart = true
03-18 00:19:15.637 10679 10703 W metis_v2_AppSwitchDataCollector: fenceKey = com.oplus.metis:TOP_APPLICATION, getExits = [], getEnters = [] packageName = com.tfmonochrome.android
03-18 00:19:15.647 31349 31349 D nativeloader: Configuring clns-9 for other apk /data/app/~~IZ2OjxT6Nd9rHUuu2CnimA==/com.tfmonochrome.android-wstvNtMQM0hczT0rTyNy-w==/base.apk. target_sdk_version=34, uses_libraries=, library_path=/data/app/~~IZ2OjxT6Nd9rHUuu2CnimA==/com.tfmonochrome.android-wstvNtMQM0hczT0rTyNy-w==/lib/arm64, permitted_path=/data:/mnt/expand:/data/user/0/com.tfmonochrome.android
03-18 00:19:15.649 31349 31349 V GraphicsEnvironment: com.tfmonochrome.android is not listed in per-application setting
03-18 00:19:15.649 31349 31349 V GraphicsEnvironment: com.tfmonochrome.android is not listed in ANGLE allowlist or settings, returning default
03-18 00:19:15.654 31349 31349 D OplusPredictiveBackController: initPredictiveBackConfig for com.tfmonochrome.android.ui.MainActivity@e48de3f initPredictiveBackConfig mShouldInterceptKeyEvent false
03-18 00:19:15.657  2091  2091 I qspmHal : gpuProfName:com.tfmonochrome.android-gpu - gpu prof_info.path:/data/vendor/gaming/com.tfmonochrome.android-gpu
03-18 00:19:15.658  2091  2091 I qspmHal : gpuProfName:com.tfmonochrome.android-gpu - gpu prof_info.path:/data/vendor/gaming/com.tfmonochrome.android-gpu
03-18 00:19:15.660  3840  5724 W System.err: java.lang.SecurityException: com.tfmonochrome.android: One of RECEIVER_EXPORTED or RECEIVER_NOT_EXPORTED should be specified when a receiver isn't being registered exclusively for system broadcasts
03-18 00:19:15.660 31349 31349 E TransactionExecutor:     LaunchActivityItem{activityToken=android.os.BinderProxy@1d8d47,intent=Intent { act=android.intent.action.MAIN cat=[android.intent.category.LAUNCHER] flg=0x10200000 xflg=0x4 cmp=com.tfmonochrome.android/.ui.MainActivity bnds=[282,1615][522,1885] (has extras) mCallingUid=10259 },ident=144000330,info=ActivityInfo{1d391ed com.tfmonochrome.android.ui.MainActivity},curConfig={1.0 ??mcc??mnc [en_CA] ldltr sw428dp w428dp h868dp 476dpi nrml long hdr widecg port night finger -keyb/v/h -nav/h winConfig={ mBounds=Rect(0, 0 - 1272, 2772) mAppBounds=Rect(0, 141 - 1272, 2724) mMaxBounds=Rect(0, 0 - 1272, 2772) mDisplayRotation=ROTATION_0 mWindowingMode=fullscreen mActivityType=undefined mAlwaysOnTop=undefined mRotation=ROTATION_0} s.100341 fontWeightAdjustment=300mThemeChanged= 0, mThemeChangedFlags= 0, mFlipFont= 0, mScenario= 0, mAccessibleChanged= -1, mUxIconConfig= 124178114ac0121, mMaterialColor= 40000, mUserId= 0, mFontUserId= 0, mFontVariationSettings= 1222, mFoldingAngle = -1.0, mIconPackName= , mDarkModeBackgroundMaxL= 0.0, mDarkModeDialogBgMaxL= 27.0, mDarkModeForegroundMinL= 100.0, mOplusConfigType= 1, mOplusChangedConfigs= 0, OpSans= -1, mBurmeseFontFlag= 2, mFlag= 0, mExtraFlag= 0, mFlexibleActivitySuitable= -1, mPuttDisplayFlag= -1},overrideConfig={1.0 ??mcc??mnc [en_CA] ldltr sw428dp w428dp h868dp 476dpi nrml long hdr widecg port night finger -keyb/v/h -nav/h winConfig={ mBounds=Rect(0, 0 - 1272, 2772) mAppBounds=Rect(0, 141 - 1272, 2724) mMaxBounds=Rect(0, 0 - 1272, 2772) mDisplayRotation=ROTATION_0 mWindowingMode=fullscreen mActivityType=standard mAlwaysOnTop=undefined mRotation=ROTATION_0} s.2 fontWeightAdjustment=300mThemeChanged= 0, mThemeChangedFlags= 0, mFlipFont= 0, mScenario= 0, mAccessibleChanged= -1, mUxIconConfig= 124178114ac0121, mMaterialColor= 40000, mUserId= 0, mFontUserId= 0, mFontVariationSettings= 1222, mFoldingAngle = -1.0, mIconPackName= , mDarkModeBackgroundMaxL= 0.0, mDarkModeDialogBgMaxL= 27.0, mDarkModeForegroundMinL= 100.0, mOplusConfigType= 1, mOplusChangedConfigs= 0, OpSans= -1, mBurmeseFontFlag= 2, mFlag= 0, mExtraFlag= 0, mFlexibleActivitySuitable= -1, mPuttDisplayFlag= -1},deviceId=0,referrer=com.android.launcher,procState=2,state=null,persistentState=null,pendingResults=null,pendingNewIntents=null,sceneTransitionInfo=null,profilerInfo=null,assistToken=android.os.BinderProxy@7d98822,shareableActivityToken=android.os.BinderProxy@b6582b3,activityWindowInfo=ActivityWindowInfo{isEmbedded=false, taskBounds=Rect(0, 0 - 1272, 2772), taskFragmentBounds=Rect(0, 0 - 1272, 2772)}}
03-18 00:19:15.660 31349 31349 E TransactionExecutor:     LaunchActivityItem{activityToken=android.os.BinderProxy@1d8d47,intent=Intent { act=android.intent.action.MAIN cat=[android.intent.category.LAUNCHER] flg=0x10200000 xflg=0x4 cmp=com.tfmonochrome.android/.ui.MainActivity bnds=[282,1615][522,1885] (has extras) mCallingUid=10259 },ident=144000330,info=ActivityInfo{1d391ed com.tfmonochrome.android.ui.MainActivity},curConfig={1.0 ??mcc??mnc [en_CA] ldltr sw428dp w428dp h868dp 476dpi nrml long hdr widecg port night finger -keyb/v/h -nav/h winConfig={ mBounds=Rect(0, 0 - 1272, 2772) mAppBounds=Rect(0, 141 - 1272, 2724) mMaxBounds=Rect(0, 0 - 1272, 2772) mDisplayRotation=ROTATION_0 mWindowingMode=fullscreen mActivityType=undefined mAlwaysOnTop=undefined mRotation=ROTATION_0} s.100341 fontWeightAdjustment=300mThemeChanged= 0, mThemeChangedFlags= 0, mFlipFont= 0, mScenario= 0, mAccessibleChanged= -1, mUxIconConfig= 124178114ac0121, mMaterialColor= 40000, mUserId= 0, mFontUserId= 0, mFontVariationSettings= 1222, mFoldingAngle = -1.0, mIconPackName= , mDarkModeBackgroundMaxL= 0.0, mDarkModeDialogBgMaxL= 27.0, mDarkModeForegroundMinL= 100.0, mOplusConfigType= 1, mOplusChangedConfigs= 0, OpSans= -1, mBurmeseFontFlag= 2, mFlag= 0, mExtraFlag= 0, mFlexibleActivitySuitable= -1, mPuttDisplayFlag= -1},overrideConfig={1.0 ??mcc??mnc [en_CA] ldltr sw428dp w428dp h868dp 476dpi nrml long hdr widecg port night finger -keyb/v/h -nav/h winConfig={ mBounds=Rect(0, 0 - 1272, 2772) mAppBounds=Rect(0, 141 - 1272, 2724) mMaxBounds=Rect(0, 0 - 1272, 2772) mDisplayRotation=ROTATION_0 mWindowingMode=fullscreen mActivityType=standard mAlwaysOnTop=undefined mRotation=ROTATION_0} s.2 fontWeightAdjustment=300mThemeChanged= 0, mThemeChangedFlags= 0, mFlipFont= 0, mScenario= 0, mAccessibleChanged= -1, mUxIconConfig= 124178114ac0121, mMaterialColor= 40000, mUserId= 0, mFontUserId= 0, mFontVariationSettings= 1222, mFoldingAngle = -1.0, mIconPackName= , mDarkModeBackgroundMaxL= 0.0, mDarkModeDialogBgMaxL= 27.0, mDarkModeForegroundMinL= 100.0, mOplusConfigType= 1, mOplusChangedConfigs= 0, OpSans= -1, mBurmeseFontFlag= 2, mFlag= 0, mExtraFlag= 0, mFlexibleActivitySuitable= -1, mPuttDisplayFlag= -1},deviceId=0,referrer=com.android.launcher,procState=2,state=null,persistentState=null,pendingResults=null,pendingNewIntents=null,sceneTransitionInfo=null,profilerInfo=null,assistToken=android.os.BinderProxy@7d98822,shareableActivityToken=android.os.BinderProxy@b6582b3,activityWindowInfo=ActivityWindowInfo{isEmbedded=false, taskBounds=Rect(0, 0 - 1272, 2772), taskFragmentBounds=Rect(0, 0 - 1272, 2772)}}
